******************************************************************************
                  TI ARM Linker PC v20.2.7                     
******************************************************************************
>> Linked Wed Nov  6 16:57:36 2024

OUTPUT FILE NAME:   <lab9.out>
ENTRY POINT SYMBOL: "_c_int00_noargs"  address: 00002865


MEMORY CONFIGURATION

         name            origin    length      used     unused   attr    fill
----------------------  --------  ---------  --------  --------  ----  --------
  FLASH                 00000000   00040000  00002b91  0003d46f  R  X
  SRAM                  20000000   00008000  00000edc  00007124  RW X


SEGMENT ALLOCATION MAP

run origin  load origin   length   init length attrs members
----------  ----------- ---------- ----------- ----- -------
00000000    00000000    00002b98   00002b98    r-x
  00000000    00000000    0000026c   0000026c    r-- .intvecs
  0000026c    0000026c    000027d4   000027d4    r-x .text
  00002a40    00002a40    00000109   00000109    r-- .const
  00002b50    00002b50    00000048   00000048    r-- .cinit
20000000    20000000    00000ee0   00000000    rw-
  20000000    20000000    0000026c   00000000    rw- .vtable
  20000270    20000270    00000800   00000000    rw- .stack
  20000a70    20000a70    00000400   00000000    rw- .sysmem
  20000e70    20000e70    00000058   00000000    rw- .bss
  20000ec8    20000ec8    00000018   00000000    rw- .data


SECTION ALLOCATION MAP

 output                                  attributes/
section   page    origin      length       input sections
--------  ----  ----------  ----------   ----------------
.intvecs   0    00000000    0000026c     
                  00000000    0000026c     tm4c123gh6pm_startup_ccs.obj (.intvecs)

.text      0    0000026c    000027d4     
                  0000026c    00000a4e     rtsv7M4_T_le_v4SPD16_eabi.lib : _printfi.c.obj (.text:__TI_printfi)
                  00000cba    00000002                                   : div0.asm.obj (.text)
                  00000cbc    00000338     ping.obj (.text)
                  00000ff4    00000328     lcd.obj (.text)
                  0000131c    00000270     rtsv7M4_T_le_v4SPD16_eabi.lib : _printfi.c.obj (.text:_pconv_a)
                  0000158c    00000248     Timer.obj (.text)
                  000017d4    000001d0     rtsv7M4_T_le_v4SPD16_eabi.lib : _printfi.c.obj (.text:_pconv_g)
                  000019a4    000001b6                                   : fd_add_t2.asm.obj (.text)
                  00001b5a    00000002     --HOLE-- [fill = 0]
                  00001b5c    0000013c                                   : _printfi.c.obj (.text:_pconv_e)
                  00001c98    00000136                                   : fd_div_t2.asm.obj (.text)
                  00001dce    00000002     --HOLE-- [fill = 0]
                  00001dd0    00000124                                   : _printfi.c.obj (.text:fcvt)
                  00001ef4    00000110                                   : s_scalbn.c.obj (.text:scalbn)
                  00002004    000000fc                                   : fd_mul_t2.asm.obj (.text)
                  00002100    000000b1                                   : _printfi.c.obj (.text:_ltostr)
                  000021b1    00000001     --HOLE-- [fill = 0]
                  000021b2    0000009c                                   : memcpy_t2.asm.obj (.text)
                  0000224e    00000096                                   : ull_div_t2.asm.obj (.text)
                  000022e4    00000086                                   : fd_cmp_t2.asm.obj (.text:__aeabi_cdcmple)
                  0000236a    00000086                                   : fd_cmp_t2.asm.obj (.text:__aeabi_cdrcmple)
                  000023f0    0000007a                                   : memset_t2.asm.obj (.text)
                  0000246a    0000006e                                   : _printfi.c.obj (.text:_mcpy)
                  000024d8    00000068                                   : copy_decompress_lzss.c.obj (.text:decompress:lzss:__TI_decompress_lzss)
                  00002540    00000064                                   : s_frexp.c.obj (.text:frexp)
                  000025a4    00000056                                   : _printfi.c.obj (.text:_pconv_f)
                  000025fa    00000054                                   : _ltoa.c.obj (.text:__TI_ltoa)
                  0000264e    00000052                                   : _printfi.c.obj (.text:_ecpy)
                  000026a0    0000004c                                   : atoi.c.obj (.text:atoi)
                  000026ec    00000048                                   : fd_toi_t2.asm.obj (.text)
                  00002734    00000044                                   : autoinit.c.obj (.text:__TI_auto_init_nobinit_nopinit:__TI_auto_init_nobinit_nopinit)
                  00002778    00000040                                   : vsnprintf.c.obj (.text:vsnprintf)
                  000027b8    0000003e                                   : _printfi.c.obj (.text:_fcpy)
                  000027f6    00000038                                   : fs_tod_t2.asm.obj (.text)
                  0000282e    00000002     --HOLE-- [fill = 0]
                  00002830    00000034     driverlib.lib : interrupt.obj (.text:IntRegister)
                  00002864    00000034     rtsv7M4_T_le_v4SPD16_eabi.lib : boot_cortex_m.c.obj (.text:_c_int00_noargs:_c_int00_noargs)
                  00002898    00000030                                   : vsnprintf.c.obj (.text:_outs)
                  000028c8    0000002e                                   : i_tofd_t2.asm.obj (.text)
                  000028f6    00000020     main.obj (.text)
                  00002916    0000001c     rtsv7M4_T_le_v4SPD16_eabi.lib : copy_zero_init.c.obj (.text:decompress:ZI:__TI_zero_init_nomemset:__TI_zero_init_nomemset)
                  00002932    0000001c                                   : memccpy.c.obj (.text:memccpy)
                  0000294e    0000001a                                   : s_copysign.c.obj (.text:copysign)
                  00002968    00000018                                   : vsnprintf.c.obj (.text:_outc)
                  00002980    00000018                                   : strcmp.c.obj (.text:strcmp)
                  00002998    00000016                                   : strchr.c.obj (.text:strchr)
                  000029ae    00000014                                   : strcpy.c.obj (.text:strcpy)
                  000029c2    00000014                                   : strlen.c.obj (.text:strlen)
                  000029d6    00000012                                   : wcslen.c.obj (.text:wcslen)
                  000029e8    00000010     driverlib.lib : interrupt.obj (.text:IntMasterEnable)
                  000029f8    00000010     lcd.obj (.text:lcd_clear)
                  00002a08    0000000e     rtsv7M4_T_le_v4SPD16_eabi.lib : copy_decompress_none.c.obj (.text:decompress:none:__TI_decompress_none)
                  00002a16    0000000c     driverlib.lib : cpu.obj (.text:CPUcpsie)
                  00002a22    0000000c     tm4c123gh6pm_startup_ccs.obj (.text)
                  00002a2e    00000002     --HOLE-- [fill = 0]
                  00002a30    00000008     rtsv7M4_T_le_v4SPD16_eabi.lib : errno.c.obj (.text:__aeabi_errno_addr)
                  00002a38    00000004                                   : pre_init.c.obj (.text:_system_pre_init)
                  00002a3c    00000004                                   : exit.c.obj (.text:abort:abort)

.const     0    00002a40    00000109     
                  00002a40    00000101     rtsv7M4_T_le_v4SPD16_eabi.lib : ctype.c.obj (.const:.string:_ctypes_)
                  00002b41    00000004     lcd.obj (.const:.string:lineAddress$1)
                  00002b45    00000004     lcd.obj (.const:.string:lineAddresses$2)

.cinit     0    00002b50    00000048     
                  00002b50    00000010     (.cinit..data.load) [load image, compression = lzss]
                  00002b60    0000000c     (__TI_handler_table)
                  00002b6c    00000004     --HOLE-- [fill = 0]
                  00002b70    00000008     (.cinit..bss.load) [load image, compression = zero_init]
                  00002b78    00000008     (.cinit..vtable.load) [load image, compression = zero_init]
                  00002b80    00000018     (__TI_cinit_table)

.init_array 
*          0    00000000    00000000     UNINITIALIZED

.vtable    0    20000000    0000026c     UNINITIALIZED
                  20000000    0000026c     driverlib.lib : interrupt.obj (.vtable)

.stack     0    20000270    00000800     UNINITIALIZED
                  20000270    00000004     rtsv7M4_T_le_v4SPD16_eabi.lib : boot_cortex_m.c.obj (.stack)
                  20000274    000007fc     --HOLE--

.sysmem    0    20000a70    00000400     UNINITIALIZED
                  20000a70    00000010     rtsv7M4_T_le_v4SPD16_eabi.lib : memory.c.obj (.sysmem)
                  20000a80    000003f0     --HOLE--

.bss       0    20000e70    00000058     UNINITIALIZED
                  20000e70    00000054     lcd.obj (.bss:lastbuffer$3)
                  20000ec4    00000004     (.common:_timeout_ticks)

.data      0    20000ec8    00000018     UNINITIALIZED
                  20000ec8    00000011     ping.obj (.data)
                  20000ed9    00000001     Timer.obj (.data)
                  20000eda    00000002     --HOLE--
                  20000edc    00000004     rtsv7M4_T_le_v4SPD16_eabi.lib : errno.c.obj (.data)

__llvm_prf_cnts 
*          0    20000000    00000000     UNINITIALIZED

MODULE SUMMARY

       Module                         code    ro data   rw data
       ------                         ----    -------   -------
    .\
       lcd.obj                        824     8         84     
       ping.obj                       824     0         17     
       tm4c123gh6pm_startup_ccs.obj   12      620       0      
       Timer.obj                      584     0         5      
       main.obj                       32      0         0      
    +--+------------------------------+-------+---------+---------+
       Total:                         2276    628       106    
                                                               
    C:/ti/TivaWare_C_Series-2.2.0.295/driverlib/ccs/Debug/driverlib.lib
       interrupt.obj                  68      0         620    
       cpu.obj                        12      0         0      
    +--+------------------------------+-------+---------+---------+
       Total:                         80      0         620    
                                                               
    C:\ti\ccs1271\ccs\tools\compiler\ti-cgt-arm_20.2.7.LTS\lib\rtsv7M4_T_le_v4SPD16_eabi.lib
       _printfi.c.obj                 4851    0         0      
       fd_add_t2.asm.obj              438     0         0      
       fd_div_t2.asm.obj              310     0         0      
       s_scalbn.c.obj                 272     0         0      
       fd_cmp_t2.asm.obj              268     0         0      
       ctype.c.obj                    0       257       0      
       fd_mul_t2.asm.obj              252     0         0      
       memcpy_t2.asm.obj              156     0         0      
       ull_div_t2.asm.obj             150     0         0      
       vsnprintf.c.obj                136     0         0      
       memset_t2.asm.obj              122     0         0      
       copy_decompress_lzss.c.obj     104     0         0      
       s_frexp.c.obj                  100     0         0      
       _ltoa.c.obj                    84      0         0      
       atoi.c.obj                     76      0         0      
       fd_toi_t2.asm.obj              72      0         0      
       autoinit.c.obj                 68      0         0      
       fs_tod_t2.asm.obj              56      0         0      
       boot_cortex_m.c.obj            52      0         0      
       i_tofd_t2.asm.obj              46      0         0      
       copy_zero_init.c.obj           28      0         0      
       memccpy.c.obj                  28      0         0      
       s_copysign.c.obj               26      0         0      
       strcmp.c.obj                   24      0         0      
       strchr.c.obj                   22      0         0      
       strcpy.c.obj                   20      0         0      
       strlen.c.obj                   20      0         0      
       wcslen.c.obj                   18      0         0      
       copy_decompress_none.c.obj     14      0         0      
       errno.c.obj                    8       0         4      
       exit.c.obj                     4       0         0      
       pre_init.c.obj                 4       0         0      
       div0.asm.obj                   2       0         0      
    +--+------------------------------+-------+---------+---------+
       Total:                         7831    257       4      
                                                               
       Heap:                          0       0         1024   
       Stack:                         0       0         2048   
       Linker Generated:              0       68        0      
    +--+------------------------------+-------+---------+---------+
       Grand Total:                   10187   953       3802   


LINKER GENERATED COPY TABLES

__TI_cinit_table @ 00002b80 records: 3, size/record: 8, table size: 24
	.data: load addr=00002b50, load size=00000010 bytes, run addr=20000ec8, run size=00000018 bytes, compression=lzss
	.bss: load addr=00002b70, load size=00000008 bytes, run addr=20000e70, run size=00000058 bytes, compression=zero_init
	.vtable: load addr=00002b78, load size=00000008 bytes, run addr=20000000, run size=0000026c bytes, compression=zero_init


LINKER GENERATED HANDLER TABLE

__TI_handler_table @ 00002b60 records: 3, size/record: 4, table size: 12
	index: 0, handler: __TI_zero_init
	index: 1, handler: __TI_decompress_lzss
	index: 2, handler: __TI_decompress_none


GLOBAL SYMBOLS: SORTED ALPHABETICALLY BY Name 

address   name                          
-------   ----                          
00002a3d  C$$EXIT                       
00002a17  CPUcpsie                      
20000ecc  END_TIME                      
000029e9  IntMasterEnable               
00002831  IntRegister                   
00002a23  ResetISR                      
20000ec8  START_TIME                    
20000ed0  STATE                         
00000dff  TIMER3B_Handler               
20000a70  __STACK_END                   
00000800  __STACK_SIZE                  
20000470  __STACK_TOP                   
00000400  __SYSMEM_SIZE                 
00002b80  __TI_CINIT_Base               
00002b98  __TI_CINIT_Limit              
00002b60  __TI_Handler_Table_Base       
00002b6c  __TI_Handler_Table_Limit      
00002735  __TI_auto_init_nobinit_nopinit
000024d9  __TI_decompress_lzss          
00002a09  __TI_decompress_none          
000025fb  __TI_ltoa                     
ffffffff  __TI_pprof_out_hndl           
0000026d  __TI_printfi                  
ffffffff  __TI_prof_data_size           
ffffffff  __TI_prof_data_start          
00000000  __TI_static_base__            
00002917  __TI_zero_init_nomemset       
000022e5  __aeabi_cdcmpeq               
000022e5  __aeabi_cdcmple               
0000236b  __aeabi_cdrcmple              
000026ed  __aeabi_d2iz                  
000019af  __aeabi_dadd                  
00001c99  __aeabi_ddiv                  
00002005  __aeabi_dmul                  
000019a5  __aeabi_dsub                  
00002a31  __aeabi_errno_addr            
000027f7  __aeabi_f2d                   
000028c9  __aeabi_i2d                   
00000cbb  __aeabi_idiv0                 
00000cbb  __aeabi_ldiv0                 
000023f1  __aeabi_memclr                
000023f1  __aeabi_memclr4               
000023f1  __aeabi_memclr8               
000021b3  __aeabi_memcpy                
000021b3  __aeabi_memcpy4               
000021b3  __aeabi_memcpy8               
000023f3  __aeabi_memset                
000023f3  __aeabi_memset4               
000023f3  __aeabi_memset8               
0000224f  __aeabi_uldivmod              
ffffffff  __binit__                     
ffffffff  __c_args__                    
UNDEFED   __mpu_init                    
20000270  __stack                       
20000000  __start___llvm_prf_cnts       
20000000  __stop___llvm_prf_cnts        
00002865  _c_int00_noargs               
00002a40  _ctypes_                      
20000ed9  _running                      
20000a70  _sys_memory                   
UNDEFED   _system_post_cinit            
00002a39  _system_pre_init              
20000ec4  _timeout_ticks                
00002a3d  abort                         
000026a1  atoi                          
ffffffff  binit                         
0000294f  copysign                      
0000294f  copysignl                     
20000ed4  count                         
20000edc  errno                         
00002541  frexp                         
00002541  frexpl                        
20000000  g_pfnRAMVectors               
00000000  g_pfnVectors                  
20000ed8  intflag                       
000029f9  lcd_clear                     
000011c9  lcd_gotoLine                  
00001031  lcd_init                      
0000122f  lcd_printf                    
000010f1  lcd_putc                      
00001129  lcd_puts                      
00000ff5  lcd_reverseNibble             
00001147  lcd_sendCommand               
00001185  lcd_sendNibble                
000011f1  lcd_setCursorPos              
00001ef5  ldexp                         
00001ef5  ldexpl                        
000028f7  main                          
00002933  memccpy                       
000021b3  memcpy                        
000023f9  memset                        
00000e3f  ping_getDistance              
00000cbd  ping_init                     
00000d73  ping_trigger                  
00001ef5  scalbn                        
00001ef5  scalbnl                       
00002999  strchr                        
00002981  strcmp                        
000029af  strcpy                        
000029c3  strlen                        
000016ab  timer_getMicros               
00001653  timer_getMillis               
0000158d  timer_init                    
0000162f  timer_pause                   
00001641  timer_resume                  
00001605  timer_stop                    
00001705  timer_waitMicros              
00001737  timer_waitMillis              
00002779  vsnprintf                     
000029d7  wcslen                        


GLOBAL SYMBOLS: SORTED BY Symbol Address 

address   name                          
-------   ----                          
00000000  __TI_static_base__            
00000000  g_pfnVectors                  
0000026d  __TI_printfi                  
00000400  __SYSMEM_SIZE                 
00000800  __STACK_SIZE                  
00000cbb  __aeabi_idiv0                 
00000cbb  __aeabi_ldiv0                 
00000cbd  ping_init                     
00000d73  ping_trigger                  
00000dff  TIMER3B_Handler               
00000e3f  ping_getDistance              
00000ff5  lcd_reverseNibble             
00001031  lcd_init                      
000010f1  lcd_putc                      
00001129  lcd_puts                      
00001147  lcd_sendCommand               
00001185  lcd_sendNibble                
000011c9  lcd_gotoLine                  
000011f1  lcd_setCursorPos              
0000122f  lcd_printf                    
0000158d  timer_init                    
00001605  timer_stop                    
0000162f  timer_pause                   
00001641  timer_resume                  
00001653  timer_getMillis               
000016ab  timer_getMicros               
00001705  timer_waitMicros              
00001737  timer_waitMillis              
000019a5  __aeabi_dsub                  
000019af  __aeabi_dadd                  
00001c99  __aeabi_ddiv                  
00001ef5  ldexp                         
00001ef5  ldexpl                        
00001ef5  scalbn                        
00001ef5  scalbnl                       
00002005  __aeabi_dmul                  
000021b3  __aeabi_memcpy                
000021b3  __aeabi_memcpy4               
000021b3  __aeabi_memcpy8               
000021b3  memcpy                        
0000224f  __aeabi_uldivmod              
000022e5  __aeabi_cdcmpeq               
000022e5  __aeabi_cdcmple               
0000236b  __aeabi_cdrcmple              
000023f1  __aeabi_memclr                
000023f1  __aeabi_memclr4               
000023f1  __aeabi_memclr8               
000023f3  __aeabi_memset                
000023f3  __aeabi_memset4               
000023f3  __aeabi_memset8               
000023f9  memset                        
000024d9  __TI_decompress_lzss          
00002541  frexp                         
00002541  frexpl                        
000025fb  __TI_ltoa                     
000026a1  atoi                          
000026ed  __aeabi_d2iz                  
00002735  __TI_auto_init_nobinit_nopinit
00002779  vsnprintf                     
000027f7  __aeabi_f2d                   
00002831  IntRegister                   
00002865  _c_int00_noargs               
000028c9  __aeabi_i2d                   
000028f7  main                          
00002917  __TI_zero_init_nomemset       
00002933  memccpy                       
0000294f  copysign                      
0000294f  copysignl                     
00002981  strcmp                        
00002999  strchr                        
000029af  strcpy                        
000029c3  strlen                        
000029d7  wcslen                        
000029e9  IntMasterEnable               
000029f9  lcd_clear                     
00002a09  __TI_decompress_none          
00002a17  CPUcpsie                      
00002a23  ResetISR                      
00002a31  __aeabi_errno_addr            
00002a39  _system_pre_init              
00002a3d  C$$EXIT                       
00002a3d  abort                         
00002a40  _ctypes_                      
00002b60  __TI_Handler_Table_Base       
00002b6c  __TI_Handler_Table_Limit      
00002b80  __TI_CINIT_Base               
00002b98  __TI_CINIT_Limit              
20000000  __start___llvm_prf_cnts       
20000000  __stop___llvm_prf_cnts        
20000000  g_pfnRAMVectors               
20000270  __stack                       
20000470  __STACK_TOP                   
20000a70  __STACK_END                   
20000a70  _sys_memory                   
20000ec4  _timeout_ticks                
20000ec8  START_TIME                    
20000ecc  END_TIME                      
20000ed0  STATE                         
20000ed4  count                         
20000ed8  intflag                       
20000ed9  _running                      
20000edc  errno                         
ffffffff  __TI_pprof_out_hndl           
ffffffff  __TI_prof_data_size           
ffffffff  __TI_prof_data_start          
ffffffff  __binit__                     
ffffffff  __c_args__                    
ffffffff  binit                         
UNDEFED   __mpu_init                    
UNDEFED   _system_post_cinit            

[110 symbols]
