******************************************************************************
                  TI ARM Linker PC v20.2.7                     
******************************************************************************
>> Linked Thu Oct 17 11:23:49 2024

OUTPUT FILE NAME:   <lab3.out>
ENTRY POINT SYMBOL: "_c_int00_noargs"  address: 0000565d


MEMORY CONFIGURATION

         name            origin    length      used     unused   attr    fill
----------------------  --------  ---------  --------  --------  ----  --------
  FLASH                 00000000   00040000  00005b60  0003a4a0  R  X
  SRAM                  20000000   00008000  00000f66  0000709a  RW X


SEGMENT ALLOCATION MAP

run origin  load origin   length   init length attrs members
----------  ----------- ---------- ----------- ----- -------
00000000    00000000    00005b60   00005b60    r-x
  00000000    00000000    0000026c   0000026c    r-- .intvecs
  0000026c    0000026c    00005634   00005634    r-x .text
  000058a0    000058a0    00000270   00000270    r-- .const
  00005b10    00005b10    00000050   00000050    r-- .cinit
20000000    20000000    00000f6d   00000000    rw-
  20000000    20000000    0000026c   00000000    rw- .vtable
  20000270    20000270    00000800   00000000    rw- .stack
  20000a70    20000a70    00000400   00000000    rw- .sysmem
  20000e70    20000e70    000000bd   00000000    rw- .bss
  20000f30    20000f30    0000003d   00000000    rw- .data


SECTION ALLOCATION MAP

 output                                  attributes/
section   page    origin      length       input sections
--------  ----  ----------  ----------   ----------------
.intvecs   0    00000000    0000026c     
                  00000000    0000026c     tm4c123gh6pm_startup_ccs.obj (.intvecs)

.text      0    0000026c    00005634     
                  0000026c    00000c20     open_interface.obj (.text)
                  00000e8c    00000a4e     rtsv7M4_T_le_v4SPD16_eabi.lib : _printfi.c.obj (.text:__TI_printfi)
                  000018da    00000002                                   : _lock.c.obj (.text:_nop)
                  000018dc    00000738                                   : k_rem_pio2.c.obj (.text:__kernel_rem_pio2)
                  00002014    000005e0                                   : s_sin.c.obj (.text:sin)
                  000025f4    00000564     main.obj (.text)
                  00002b58    00000364     movement.obj (.text)
                  00002ebc    00000328     lcd.obj (.text)
                  000031e4    00000270     rtsv7M4_T_le_v4SPD16_eabi.lib : _printfi.c.obj (.text:_pconv_a)
                  00003454    00000260     libcybotScan.lib : cyBot_Scan.obj (.text)
                  000036b4    00000248     Timer.obj (.text)
                  000038fc    000001ec     libcybotScan.lib : ping.obj (.text)
                  00003ae8    000001d0     rtsv7M4_T_le_v4SPD16_eabi.lib : _printfi.c.obj (.text:_pconv_g)
                  00003cb8    000001b6                                   : fd_add_t2.asm.obj (.text)
                  00003e6e    00000002                                   : div0.asm.obj (.text)
                  00003e70    00000174                                   : k_sin.c.obj (.text:__kernel_sin)
                  00003fe4    00000170                                   : k_cos.c.obj (.text:__kernel_cos)
                  00004154    0000015c     libcybotUART.lib : uart.obj (.text)
                  000042b0    00000158     libcybotScan.lib : servo.obj (.text)
                  00004408    0000013c     rtsv7M4_T_le_v4SPD16_eabi.lib : _printfi.c.obj (.text:_pconv_e)
                  00004544    00000136                                   : fd_div_t2.asm.obj (.text)
                  0000467a    00000002     --HOLE-- [fill = 0]
                  0000467c    00000124                                   : _printfi.c.obj (.text:fcvt)
                  000047a0    00000118     libcybotScan.lib : ir.obj (.text)
                  000048b8    00000110     rtsv7M4_T_le_v4SPD16_eabi.lib : s_scalbn.c.obj (.text:scalbn)
                  000049c8    00000100                                   : memory.c.obj (.text:aligned_alloc)
                  00004ac8    000000fc                                   : fd_mul_t2.asm.obj (.text)
                  00004bc4    000000f8                                   : s_floor.c.obj (.text:floor)
                  00004cbc    000000e4                                   : memory.c.obj (.text:free)
                  00004da0    000000b1                                   : _printfi.c.obj (.text:_ltostr)
                  00004e51    00000001     --HOLE-- [fill = 0]
                  00004e52    0000009c                                   : memcpy_t2.asm.obj (.text)
                  00004eee    00000096                                   : ull_div_t2.asm.obj (.text)
                  00004f84    00000086                                   : fd_cmp_t2.asm.obj (.text:__aeabi_cdcmple)
                  0000500a    00000086                                   : fd_cmp_t2.asm.obj (.text:__aeabi_cdrcmple)
                  00005090    0000007a                                   : memset_t2.asm.obj (.text)
                  0000510a    00000002     --HOLE-- [fill = 0]
                  0000510c    00000070                                   : memory.c.obj (.text:split)
                  0000517c    0000006e                                   : _printfi.c.obj (.text:_mcpy)
                  000051ea    0000006e                                   : fd_tos_t2.asm.obj (.text)
                  00005258    00000068                                   : copy_decompress_lzss.c.obj (.text:decompress:lzss:__TI_decompress_lzss)
                  000052c0    00000064                                   : s_frexp.c.obj (.text:frexp)
                  00005324    00000056                                   : _printfi.c.obj (.text:_pconv_f)
                  0000537a    00000054                                   : _ltoa.c.obj (.text:__TI_ltoa)
                  000053ce    00000052                                   : _printfi.c.obj (.text:_ecpy)
                  00005420    0000004c                                   : atoi.c.obj (.text:atoi)
                  0000546c    00000048                                   : fd_toi_t2.asm.obj (.text)
                  000054b4    00000044                                   : autoinit.c.obj (.text:__TI_auto_init_nobinit_nopinit:__TI_auto_init_nobinit_nopinit)
                  000054f8    00000040                                   : sprintf.c.obj (.text:sprintf)
                  00005538    00000040                                   : vsnprintf.c.obj (.text:vsnprintf)
                  00005578    0000003e                                   : _printfi.c.obj (.text:_fcpy)
                  000055b6    00000002     --HOLE-- [fill = 0]
                  000055b8    00000038                                   : memory.c.obj (.text:calloc)
                  000055f0    00000038                                   : fs_tod_t2.asm.obj (.text)
                  00005628    00000034     driverlib.lib : interrupt.obj (.text:IntRegister)
                  0000565c    00000034     rtsv7M4_T_le_v4SPD16_eabi.lib : boot_cortex_m.c.obj (.text:_c_int00_noargs:_c_int00_noargs)
                  00005690    00000030                                   : vsnprintf.c.obj (.text:_outs)
                  000056c0    0000002e                                   : i_tofd_t2.asm.obj (.text)
                  000056ee    00000002     --HOLE-- [fill = 0]
                  000056f0    00000028                                   : memory.c.obj (.text:free_list_insert)
                  00005718    0000001c                                   : copy_zero_init.c.obj (.text:decompress:ZI:__TI_zero_init_nomemset:__TI_zero_init_nomemset)
                  00005734    0000001c                                   : memory.c.obj (.text:free_list_remove)
                  00005750    0000001c                                   : memccpy.c.obj (.text:memccpy)
                  0000576c    0000001a                                   : s_copysign.c.obj (.text:copysign)
                  00005786    00000018                                   : vsnprintf.c.obj (.text:_outc)
                  0000579e    00000018                                   : sprintf.c.obj (.text:_outs)
                  000057b6    00000018     open_interface.obj (.text:oi_parseInt)
                  000057ce    00000018     rtsv7M4_T_le_v4SPD16_eabi.lib : strcmp.c.obj (.text:strcmp)
                  000057e6    00000016                                   : strchr.c.obj (.text:strchr)
                  000057fc    00000014                                   : strcpy.c.obj (.text:strcpy)
                  00005810    00000014                                   : strlen.c.obj (.text:strlen)
                  00005824    00000012                                   : wcslen.c.obj (.text:wcslen)
                  00005836    00000010     driverlib.lib : interrupt.obj (.text:IntMasterEnable)
                  00005846    00000010     lcd.obj (.text:lcd_clear)
                  00005856    0000000e     rtsv7M4_T_le_v4SPD16_eabi.lib : copy_decompress_none.c.obj (.text:decompress:none:__TI_decompress_none)
                  00005864    0000000c     driverlib.lib : cpu.obj (.text:CPUcpsie)
                  00005870    0000000c     tm4c123gh6pm_startup_ccs.obj (.text)
                  0000587c    0000000a     rtsv7M4_T_le_v4SPD16_eabi.lib : sprintf.c.obj (.text:_outc)
                  00005886    00000002     --HOLE-- [fill = 0]
                  00005888    00000008                                   : errno.c.obj (.text:__aeabi_errno_addr)
                  00005890    00000008                                   : memory.c.obj (.text:malloc)
                  00005898    00000004                                   : pre_init.c.obj (.text:_system_pre_init)
                  0000589c    00000004                                   : exit.c.obj (.text:abort:abort)

.const     0    000058a0    00000270     
                  000058a0    00000158     rtsv7M4_T_le_v4SPD16_eabi.lib : k_rem_pio2.c.obj (.const:$O1$$)
                  000059f8    00000101                                   : ctype.c.obj (.const:.string:_ctypes_)
                  00005af9    0000000f     open_interface.obj (.const:.string:$P$T0$3)
                  00005b08    00000004     lcd.obj (.const:.string:lineAddress$1)
                  00005b0c    00000004     lcd.obj (.const:.string:lineAddresses$2)

.cinit     0    00005b10    00000050     
                  00005b10    00000019     (.cinit..data.load) [load image, compression = lzss]
                  00005b29    00000003     --HOLE-- [fill = 0]
                  00005b2c    0000000c     (__TI_handler_table)
                  00005b38    00000008     (.cinit..bss.load) [load image, compression = zero_init]
                  00005b40    00000008     (.cinit..vtable.load) [load image, compression = zero_init]
                  00005b48    00000018     (__TI_cinit_table)

.init_array 
*          0    00000000    00000000     UNINITIALIZED

.vtable    0    20000000    0000026c     UNINITIALIZED
                  20000000    0000026c     driverlib.lib : interrupt.obj (.vtable)

.stack     0    20000270    00000800     UNINITIALIZED
                  20000270    00000004     rtsv7M4_T_le_v4SPD16_eabi.lib : boot_cortex_m.c.obj (.stack)
                  20000274    000007fc     --HOLE--

.sysmem    0    20000a70    00000400     UNINITIALIZED
                  20000a70    00000010     rtsv7M4_T_le_v4SPD16_eabi.lib : memory.c.obj (.sysmem)
                  20000a80    000003f0     --HOLE--

.bss       0    20000e70    000000bd     UNINITIALIZED
                  20000e70    00000054     lcd.obj (.bss:lastbuffer$3)
                  20000ec4    00000034     (.common:isr_char_buffer)
                  20000ef8    00000018     open_interface.obj (.bss:firmware$2)
                  20000f10    00000004     (.common:_timeout_ticks)
                  20000f14    00000004     (.common:fallingEdge)
                  20000f18    00000004     (.common:isr_int_value)
                  20000f1c    00000004     (.common:left_calibration_value)
                  20000f20    00000004     (.common:pulseLength)
                  20000f24    00000004     (.common:right_calibration_value)
                  20000f28    00000004     (.common:risingEdge)
                  20000f2c    00000001     (.common:isRisingEdge)

.data      0    20000f30    0000003d     UNINITIALIZED
                  20000f30    00000020     open_interface.obj (.data)
                  20000f50    00000008     rtsv7M4_T_le_v4SPD16_eabi.lib : _lock.c.obj (.data:$O1$$)
                  20000f58    00000008                                   : memory.c.obj (.data:$O1$$)
                  20000f60    00000004     libcybotScan.lib : cyBot_Scan.obj (.data)
                  20000f64    00000004     libcybotUART.lib : uart.obj (.data)
                  20000f68    00000004     rtsv7M4_T_le_v4SPD16_eabi.lib : errno.c.obj (.data)
                  20000f6c    00000001     Timer.obj (.data)

__llvm_prf_cnts 
*          0    20000000    00000000     UNINITIALIZED

MODULE SUMMARY

       Module                         code    ro data   rw data
       ------                         ----    -------   -------
    .\
       open_interface.obj             3128    15        56     
       main.obj                       1380    0         8      
       lcd.obj                        824     8         84     
       movement.obj                   868     0         0      
       tm4c123gh6pm_startup_ccs.obj   12      620       0      
       Timer.obj                      584     0         5      
    +--+------------------------------+-------+---------+---------+
       Total:                         6796    643       153    
                                                               
    ../libcybotScan.lib
       cyBot_Scan.obj                 608     0         4      
       ping.obj                       492     0         13     
       servo.obj                      344     0         0      
       ir.obj                         280     0         4      
    +--+------------------------------+-------+---------+---------+
       Total:                         1724    0         21     
                                                               
    ../libcybotUART.lib
       uart.obj                       348     0         56     
    +--+------------------------------+-------+---------+---------+
       Total:                         348     0         56     
                                                               
    C:/ti/TivaWare_C_Series-2.2.0.295/driverlib/ccs/Debug/driverlib.lib
       interrupt.obj                  68      0         620    
       cpu.obj                        12      0         0      
    +--+------------------------------+-------+---------+---------+
       Total:                         80      0         620    
                                                               
    C:\ti\ccs1271\ccs\tools\compiler\ti-cgt-arm_20.2.7.LTS\lib\rtsv7M4_T_le_v4SPD16_eabi.lib
       _printfi.c.obj                 4851    0         0      
       k_rem_pio2.c.obj               1848    344       0      
       s_sin.c.obj                    1504    0         0      
       memory.c.obj                   728     0         8      
       fd_add_t2.asm.obj              438     0         0      
       k_sin.c.obj                    372     0         0      
       k_cos.c.obj                    368     0         0      
       fd_div_t2.asm.obj              310     0         0      
       s_scalbn.c.obj                 272     0         0      
       fd_cmp_t2.asm.obj              268     0         0      
       ctype.c.obj                    0       257       0      
       fd_mul_t2.asm.obj              252     0         0      
       s_floor.c.obj                  248     0         0      
       memcpy_t2.asm.obj              156     0         0      
       ull_div_t2.asm.obj             150     0         0      
       vsnprintf.c.obj                136     0         0      
       memset_t2.asm.obj              122     0         0      
       fd_tos_t2.asm.obj              110     0         0      
       copy_decompress_lzss.c.obj     104     0         0      
       s_frexp.c.obj                  100     0         0      
       sprintf.c.obj                  98      0         0      
       _ltoa.c.obj                    84      0         0      
       atoi.c.obj                     76      0         0      
       fd_toi_t2.asm.obj              72      0         0      
       autoinit.c.obj                 68      0         0      
       fs_tod_t2.asm.obj              56      0         0      
       boot_cortex_m.c.obj            52      0         0      
       i_tofd_t2.asm.obj              46      0         0      
       copy_zero_init.c.obj           28      0         0      
       memccpy.c.obj                  28      0         0      
       s_copysign.c.obj               26      0         0      
       strcmp.c.obj                   24      0         0      
       strchr.c.obj                   22      0         0      
       strcpy.c.obj                   20      0         0      
       strlen.c.obj                   20      0         0      
       wcslen.c.obj                   18      0         0      
       copy_decompress_none.c.obj     14      0         0      
       errno.c.obj                    8       0         4      
       _lock.c.obj                    2       0         8      
       exit.c.obj                     4       0         0      
       pre_init.c.obj                 4       0         0      
       div0.asm.obj                   2       0         0      
    +--+------------------------------+-------+---------+---------+
       Total:                         13109   601       20     
                                                               
       Heap:                          0       0         1024   
       Stack:                         0       0         2048   
       Linker Generated:              0       77        0      
    +--+------------------------------+-------+---------+---------+
       Grand Total:                   22057   1321      3942   


LINKER GENERATED COPY TABLES

__TI_cinit_table @ 00005b48 records: 3, size/record: 8, table size: 24
	.data: load addr=00005b10, load size=00000019 bytes, run addr=20000f30, run size=0000003d bytes, compression=lzss
	.bss: load addr=00005b38, load size=00000008 bytes, run addr=20000e70, run size=000000bd bytes, compression=zero_init
	.vtable: load addr=00005b40, load size=00000008 bytes, run addr=20000000, run size=0000026c bytes, compression=zero_init


LINKER GENERATED HANDLER TABLE

__TI_handler_table @ 00005b2c records: 3, size/record: 4, table size: 12
	index: 0, handler: __TI_zero_init
	index: 1, handler: __TI_decompress_lzss
	index: 2, handler: __TI_decompress_none


GLOBAL SYMBOLS: SORTED ALPHABETICALLY BY Name 

address   name                          
-------   ----                          
00004839  ADC0SS0_Handler               
0000589d  C$$EXIT                       
00005865  CPUcpsie                      
00000bc3  GPIOF_Handler                 
00005837  IntMasterEnable               
00005629  IntRegister                   
00005871  ResetISR                      
000039ed  TIMER3B_Handler               
20000a70  __STACK_END                   
00000800  __STACK_SIZE                  
20000470  __STACK_TOP                   
00000400  __SYSMEM_SIZE                 
00005b48  __TI_CINIT_Base               
00005b60  __TI_CINIT_Limit              
00005b2c  __TI_Handler_Table_Base       
00005b38  __TI_Handler_Table_Limit      
000054b5  __TI_auto_init_nobinit_nopinit
00005259  __TI_decompress_lzss          
00005857  __TI_decompress_none          
0000537b  __TI_ltoa                     
ffffffff  __TI_pprof_out_hndl           
00000e8d  __TI_printfi                  
ffffffff  __TI_prof_data_size           
ffffffff  __TI_prof_data_start          
00000000  __TI_static_base__            
00005719  __TI_zero_init_nomemset       
00004f85  __aeabi_cdcmpeq               
00004f85  __aeabi_cdcmple               
0000500b  __aeabi_cdrcmple              
000051eb  __aeabi_d2f                   
0000546d  __aeabi_d2iz                  
00003cc3  __aeabi_dadd                  
00004545  __aeabi_ddiv                  
00004ac9  __aeabi_dmul                  
00003cb9  __aeabi_dsub                  
00005889  __aeabi_errno_addr            
000055f1  __aeabi_f2d                   
000056c1  __aeabi_i2d                   
00003e6f  __aeabi_idiv0                 
00003e6f  __aeabi_ldiv0                 
00005091  __aeabi_memclr                
00005091  __aeabi_memclr4               
00005091  __aeabi_memclr8               
00004e53  __aeabi_memcpy                
00004e53  __aeabi_memcpy4               
00004e53  __aeabi_memcpy8               
00005093  __aeabi_memset                
00005093  __aeabi_memset4               
00005093  __aeabi_memset8               
00004eef  __aeabi_uldivmod              
ffffffff  __binit__                     
ffffffff  __c_args__                    
00003fe5  __kernel_cos                  
000018dd  __kernel_rem_pio2             
00003e71  __kernel_sin                  
UNDEFED   __mpu_init                    
20000270  __stack                       
20000000  __start___llvm_prf_cnts       
20000000  __stop___llvm_prf_cnts        
0000565d  _c_int00_noargs               
000059f8  _ctypes_                      
20000f50  _lock                         
000018db  _nop                          
20000f6c  _running                      
20000a70  _sys_memory                   
UNDEFED   _system_post_cinit            
00005899  _system_pre_init              
20000f10  _timeout_ticks                
20000f54  _unlock                       
0000589d  abort                         
000049c9  aligned_alloc                 
00005421  atoi                          
ffffffff  binit                         
000055b9  calloc                        
0000576d  copysign                      
0000576d  copysignl                     
0000352d  cyBOT_SERVO_cal               
000034bb  cyBOT_Scan                    
00003463  cyBOT_init_Scan               
20000f60  cyBOT_scan_features           
00003455  cyBOT_scan_version            
0000425d  cyBot_UART1_Handler           
00004243  cyBot_getByte                 
00004155  cyBot_sendByte                
00004225  cyBot_uart_flush              
00004193  cyBot_uart_init               
0000417b  cyBot_uart_sendBuffer         
00004161  cyBot_uart_sendStr            
20000f68  errno                         
20000f14  fallingEdge                   
00004bc5  floor                         
00004bc5  floorl                        
00004cbd  free                          
000052c1  frexp                         
000052c1  frexpl                        
20000000  g_pfnRAMVectors               
00000000  g_pfnVectors                  
0000097f  go_charge                     
0000484f  ir_enableInterrupt            
00004831  ir_getDistance                
00004809  ir_getValue                   
000047a1  ir_init                       
20000f2c  isRisingEdge                  
20000ec4  isr_char_buffer               
20000f64  isr_counter                   
20000f18  isr_int_value                 
00005847  lcd_clear                     
00003091  lcd_gotoLine                  
00002ef9  lcd_init                      
000030f7  lcd_printf                    
00002fb9  lcd_putc                      
00002ff1  lcd_puts                      
00002ebd  lcd_reverseNibble             
0000300f  lcd_sendCommand               
0000304d  lcd_sendNibble                
000030b9  lcd_setCursorPos              
000048b9  ldexp                         
000048b9  ldexpl                        
20000f1c  left_calibration_value        
000025f5  main                          
00005891  malloc                        
000049c9  memalign                      
00005751  memccpy                       
00004e53  memcpy                        
00005099  memset                        
20000f30  motor_cal_factor_L            
20000f34  motor_cal_factor_R            
00002bd5  move_backward                 
00002b59  move_forward                  
00002d31  move_forward_obj              
0000026d  oi_alloc                      
00000aa9  oi_checkFirmware              
000002c7  oi_close                      
00000279  oi_free                       
00000ded  oi_getMotorCalibrationLeft    
00000e01  oi_getMotorCalibrationRight   
000002b1  oi_init                       
00000289  oi_init_noupdate              
00000915  oi_loadSong                   
000057b7  oi_parseInt                   
0000032b  oi_parsePacket                
0000096b  oi_play_song                  
0000084b  oi_setLeds                    
00000db1  oi_setMotorCalibration        
0000088f  oi_setWheels                  
00000b51  oi_shutoff_init               
0000098d  oi_uartInit                   
00000a31  oi_uartReceive                
00000a77  oi_uartSendBuff               
00000a15  oi_uartSendChar               
00000a59  oi_uartSendStr                
000002d9  oi_update                     
00003a3f  ping_getDistance              
000038fd  ping_init                     
00003983  ping_trigger                  
20000f20  pulseLength                   
20000f24  right_calibration_value       
20000f28  risingEdge                    
000048b9  scalbn                        
000048b9  scalbnl                       
000042b1  servo_init                    
00004341  servo_move                    
000043a1  servo_setPWM                  
00004335  servo_stop                    
00002015  sin                           
00002015  sinl                          
000054f9  sprintf                       
000057e7  strchr                        
000057cf  strcmp                        
000057fd  strcpy                        
00005811  strlen                        
000037d3  timer_getMicros               
0000377b  timer_getMillis               
000036b5  timer_init                    
00003757  timer_pause                   
00003769  timer_resume                  
0000372d  timer_stop                    
0000382d  timer_waitMicros              
0000385f  timer_waitMillis              
00002cbf  turn_left                     
00002c4d  turn_right                    
00005539  vsnprintf                     
00005825  wcslen                        


GLOBAL SYMBOLS: SORTED BY Symbol Address 

address   name                          
-------   ----                          
00000000  __TI_static_base__            
00000000  g_pfnVectors                  
0000026d  oi_alloc                      
00000279  oi_free                       
00000289  oi_init_noupdate              
000002b1  oi_init                       
000002c7  oi_close                      
000002d9  oi_update                     
0000032b  oi_parsePacket                
00000400  __SYSMEM_SIZE                 
00000800  __STACK_SIZE                  
0000084b  oi_setLeds                    
0000088f  oi_setWheels                  
00000915  oi_loadSong                   
0000096b  oi_play_song                  
0000097f  go_charge                     
0000098d  oi_uartInit                   
00000a15  oi_uartSendChar               
00000a31  oi_uartReceive                
00000a59  oi_uartSendStr                
00000a77  oi_uartSendBuff               
00000aa9  oi_checkFirmware              
00000b51  oi_shutoff_init               
00000bc3  GPIOF_Handler                 
00000db1  oi_setMotorCalibration        
00000ded  oi_getMotorCalibrationLeft    
00000e01  oi_getMotorCalibrationRight   
00000e8d  __TI_printfi                  
000018db  _nop                          
000018dd  __kernel_rem_pio2             
00002015  sin                           
00002015  sinl                          
000025f5  main                          
00002b59  move_forward                  
00002bd5  move_backward                 
00002c4d  turn_right                    
00002cbf  turn_left                     
00002d31  move_forward_obj              
00002ebd  lcd_reverseNibble             
00002ef9  lcd_init                      
00002fb9  lcd_putc                      
00002ff1  lcd_puts                      
0000300f  lcd_sendCommand               
0000304d  lcd_sendNibble                
00003091  lcd_gotoLine                  
000030b9  lcd_setCursorPos              
000030f7  lcd_printf                    
00003455  cyBOT_scan_version            
00003463  cyBOT_init_Scan               
000034bb  cyBOT_Scan                    
0000352d  cyBOT_SERVO_cal               
000036b5  timer_init                    
0000372d  timer_stop                    
00003757  timer_pause                   
00003769  timer_resume                  
0000377b  timer_getMillis               
000037d3  timer_getMicros               
0000382d  timer_waitMicros              
0000385f  timer_waitMillis              
000038fd  ping_init                     
00003983  ping_trigger                  
000039ed  TIMER3B_Handler               
00003a3f  ping_getDistance              
00003cb9  __aeabi_dsub                  
00003cc3  __aeabi_dadd                  
00003e6f  __aeabi_idiv0                 
00003e6f  __aeabi_ldiv0                 
00003e71  __kernel_sin                  
00003fe5  __kernel_cos                  
00004155  cyBot_sendByte                
00004161  cyBot_uart_sendStr            
0000417b  cyBot_uart_sendBuffer         
00004193  cyBot_uart_init               
00004225  cyBot_uart_flush              
00004243  cyBot_getByte                 
0000425d  cyBot_UART1_Handler           
000042b1  servo_init                    
00004335  servo_stop                    
00004341  servo_move                    
000043a1  servo_setPWM                  
00004545  __aeabi_ddiv                  
000047a1  ir_init                       
00004809  ir_getValue                   
00004831  ir_getDistance                
00004839  ADC0SS0_Handler               
0000484f  ir_enableInterrupt            
000048b9  ldexp                         
000048b9  ldexpl                        
000048b9  scalbn                        
000048b9  scalbnl                       
000049c9  aligned_alloc                 
000049c9  memalign                      
00004ac9  __aeabi_dmul                  
00004bc5  floor                         
00004bc5  floorl                        
00004cbd  free                          
00004e53  __aeabi_memcpy                
00004e53  __aeabi_memcpy4               
00004e53  __aeabi_memcpy8               
00004e53  memcpy                        
00004eef  __aeabi_uldivmod              
00004f85  __aeabi_cdcmpeq               
00004f85  __aeabi_cdcmple               
0000500b  __aeabi_cdrcmple              
00005091  __aeabi_memclr                
00005091  __aeabi_memclr4               
00005091  __aeabi_memclr8               
00005093  __aeabi_memset                
00005093  __aeabi_memset4               
00005093  __aeabi_memset8               
00005099  memset                        
000051eb  __aeabi_d2f                   
00005259  __TI_decompress_lzss          
000052c1  frexp                         
000052c1  frexpl                        
0000537b  __TI_ltoa                     
00005421  atoi                          
0000546d  __aeabi_d2iz                  
000054b5  __TI_auto_init_nobinit_nopinit
000054f9  sprintf                       
00005539  vsnprintf                     
000055b9  calloc                        
000055f1  __aeabi_f2d                   
00005629  IntRegister                   
0000565d  _c_int00_noargs               
000056c1  __aeabi_i2d                   
00005719  __TI_zero_init_nomemset       
00005751  memccpy                       
0000576d  copysign                      
0000576d  copysignl                     
000057b7  oi_parseInt                   
000057cf  strcmp                        
000057e7  strchr                        
000057fd  strcpy                        
00005811  strlen                        
00005825  wcslen                        
00005837  IntMasterEnable               
00005847  lcd_clear                     
00005857  __TI_decompress_none          
00005865  CPUcpsie                      
00005871  ResetISR                      
00005889  __aeabi_errno_addr            
00005891  malloc                        
00005899  _system_pre_init              
0000589d  C$$EXIT                       
0000589d  abort                         
000059f8  _ctypes_                      
00005b2c  __TI_Handler_Table_Base       
00005b38  __TI_Handler_Table_Limit      
00005b48  __TI_CINIT_Base               
00005b60  __TI_CINIT_Limit              
20000000  __start___llvm_prf_cnts       
20000000  __stop___llvm_prf_cnts        
20000000  g_pfnRAMVectors               
20000270  __stack                       
20000470  __STACK_TOP                   
20000a70  __STACK_END                   
20000a70  _sys_memory                   
20000ec4  isr_char_buffer               
20000f10  _timeout_ticks                
20000f14  fallingEdge                   
20000f18  isr_int_value                 
20000f1c  left_calibration_value        
20000f20  pulseLength                   
20000f24  right_calibration_value       
20000f28  risingEdge                    
20000f2c  isRisingEdge                  
20000f30  motor_cal_factor_L            
20000f34  motor_cal_factor_R            
20000f50  _lock                         
20000f54  _unlock                       
20000f60  cyBOT_scan_features           
20000f64  isr_counter                   
20000f68  errno                         
20000f6c  _running                      
ffffffff  __TI_pprof_out_hndl           
ffffffff  __TI_prof_data_size           
ffffffff  __TI_prof_data_start          
ffffffff  __binit__                     
ffffffff  __c_args__                    
ffffffff  binit                         
UNDEFED   __mpu_init                    
UNDEFED   _system_post_cinit            

[183 symbols]
