******************************************************************************
                  TI ARM Linker PC v20.2.7                     
******************************************************************************
>> Linked Wed Nov  6 21:55:18 2024

OUTPUT FILE NAME:   <lab8.out>
ENTRY POINT SYMBOL: "_c_int00_noargs"  address: 00004c91


MEMORY CONFIGURATION

         name            origin    length      used     unused   attr    fill
----------------------  --------  ---------  --------  --------  ----  --------
  FLASH                 00000000   00040000  000050c8  0003af38  R  X
  SRAM                  20000000   00008000  00001026  00006fda  RW X


SEGMENT ALLOCATION MAP

run origin  load origin   length   init length attrs members
----------  ----------- ---------- ----------- ----- -------
00000000    00000000    000050c8   000050c8    r-x
  00000000    00000000    0000026c   0000026c    r-- .intvecs
  0000026c    0000026c    00004c8c   00004c8c    r-x .text
  00004ef8    00004ef8    00000118   00000118    r-- .const
  00005010    00005010    000000b8   000000b8    r-- .cinit
20000000    20000000    0000102c   00000000    rw-
  20000000    20000000    0000026c   00000000    rw- .vtable
  20000270    20000270    00000800   00000000    rw- .stack
  20000a70    20000a70    00000400   00000000    rw- .sysmem
  20000e70    20000e70    00000102   00000000    rw- .bss
  20000f74    20000f74    000000b8   00000000    rw- .data


SECTION ALLOCATION MAP

 output                                  attributes/
section   page    origin      length       input sections
--------  ----  ----------  ----------   ----------------
.intvecs   0    00000000    0000026c     
                  00000000    0000026c     tm4c123gh6pm_startup_ccs.obj (.intvecs)

.text      0    0000026c    00004c8c     
                  0000026c    00000c20     open_interface .obj (.text)
                  00000e8c    00000ae4     main.obj (.text)
                  00001970    00000a4e     rtsv7M4_T_le_v4SPD16_eabi.lib : _printfi.c.obj (.text:__TI_printfi)
                  000023be    00000002                                   : _lock.c.obj (.text:_nop)
                  000023c0    000003cc     movement.obj (.text)
                  0000278c    00000328     lcd.obj (.text)
                  00002ab4    00000270     rtsv7M4_T_le_v4SPD16_eabi.lib : _printfi.c.obj (.text:_pconv_a)
                  00002d24    00000260     libcybotScan.lib : cyBot_Scan.obj (.text)
                  00002f84    00000248     Timer.obj (.text)
                  000031cc    000001ec     libcybotScan.lib : ping.obj (.text)
                  000033b8    000001d0     rtsv7M4_T_le_v4SPD16_eabi.lib : _printfi.c.obj (.text:_pconv_g)
                  00003588    000001b6                                   : fd_add_t2.asm.obj (.text)
                  0000373e    00000002                                   : div0.asm.obj (.text)
                  00003740    0000018c     uart.obj (.text)
                  000038cc    00000158     libcybotScan.lib : servo.obj (.text)
                  00003a24    0000013c     rtsv7M4_T_le_v4SPD16_eabi.lib : _printfi.c.obj (.text:_pconv_e)
                  00003b60    00000136                                   : fd_div_t2.asm.obj (.text)
                  00003c96    00000002     --HOLE-- [fill = 0]
                  00003c98    00000124                                   : _printfi.c.obj (.text:fcvt)
                  00003dbc    00000118     libcybotScan.lib : ir.obj (.text)
                  00003ed4    00000110     rtsv7M4_T_le_v4SPD16_eabi.lib : s_scalbn.c.obj (.text:scalbn)
                  00003fe4    00000104     adc.obj (.text)
                  000040e8    00000100     rtsv7M4_T_le_v4SPD16_eabi.lib : memory.c.obj (.text:aligned_alloc)
                  000041e8    000000fc                                   : fd_mul_t2.asm.obj (.text)
                  000042e4    000000e4                                   : memory.c.obj (.text:free)
                  000043c8    000000b1                                   : _printfi.c.obj (.text:_ltostr)
                  00004479    00000001     --HOLE-- [fill = 0]
                  0000447a    0000009c                                   : memcpy_t2.asm.obj (.text)
                  00004516    00000096                                   : ull_div_t2.asm.obj (.text)
                  000045ac    00000086                                   : fd_cmp_t2.asm.obj (.text:__aeabi_cdcmple)
                  00004632    00000086                                   : fd_cmp_t2.asm.obj (.text:__aeabi_cdrcmple)
                  000046b8    0000007a                                   : memset_t2.asm.obj (.text)
                  00004732    00000002     --HOLE-- [fill = 0]
                  00004734    00000070                                   : memory.c.obj (.text:split)
                  000047a4    0000006e                                   : _printfi.c.obj (.text:_mcpy)
                  00004812    0000006e                                   : fd_tos_t2.asm.obj (.text)
                  00004880    00000068                                   : copy_decompress_lzss.c.obj (.text:decompress:lzss:__TI_decompress_lzss)
                  000048e8    00000064                                   : s_frexp.c.obj (.text:frexp)
                  0000494c    00000056                                   : _printfi.c.obj (.text:_pconv_f)
                  000049a2    00000054                                   : _ltoa.c.obj (.text:__TI_ltoa)
                  000049f6    00000052                                   : _printfi.c.obj (.text:_ecpy)
                  00004a48    0000004c                                   : atoi.c.obj (.text:atoi)
                  00004a94    0000004c                                   : snprintf.c.obj (.text:snprintf)
                  00004ae0    00000048                                   : fd_toi_t2.asm.obj (.text)
                  00004b28    00000044                                   : autoinit.c.obj (.text:__TI_auto_init_nobinit_nopinit:__TI_auto_init_nobinit_nopinit)
                  00004b6c    00000040                                   : vsnprintf.c.obj (.text:vsnprintf)
                  00004bac    0000003e                                   : _printfi.c.obj (.text:_fcpy)
                  00004bea    00000002     --HOLE-- [fill = 0]
                  00004bec    00000038                                   : memory.c.obj (.text:calloc)
                  00004c24    00000038                                   : fs_tod_t2.asm.obj (.text)
                  00004c5c    00000034     driverlib.lib : interrupt.obj (.text:IntRegister)
                  00004c90    00000034     rtsv7M4_T_le_v4SPD16_eabi.lib : boot_cortex_m.c.obj (.text:_c_int00_noargs:_c_int00_noargs)
                  00004cc4    00000030                                   : snprintf.c.obj (.text:_outs)
                  00004cf4    00000030                                   : vsnprintf.c.obj (.text:_outs)
                  00004d24    0000002e                                   : i_tofd_t2.asm.obj (.text)
                  00004d52    00000002     --HOLE-- [fill = 0]
                  00004d54    00000028                                   : memory.c.obj (.text:free_list_insert)
                  00004d7c    0000001c                                   : copy_zero_init.c.obj (.text:decompress:ZI:__TI_zero_init_nomemset:__TI_zero_init_nomemset)
                  00004d98    0000001c                                   : memory.c.obj (.text:free_list_remove)
                  00004db4    0000001c                                   : memccpy.c.obj (.text:memccpy)
                  00004dd0    0000001a                                   : s_copysign.c.obj (.text:copysign)
                  00004dea    00000018                                   : snprintf.c.obj (.text:_outc)
                  00004e02    00000018                                   : vsnprintf.c.obj (.text:_outc)
                  00004e1a    00000018     open_interface .obj (.text:oi_parseInt)
                  00004e32    00000018     rtsv7M4_T_le_v4SPD16_eabi.lib : strcmp.c.obj (.text:strcmp)
                  00004e4a    00000016                                   : strchr.c.obj (.text:strchr)
                  00004e60    00000014                                   : strcpy.c.obj (.text:strcpy)
                  00004e74    00000014                                   : strlen.c.obj (.text:strlen)
                  00004e88    00000012                                   : wcslen.c.obj (.text:wcslen)
                  00004e9a    00000010     driverlib.lib : interrupt.obj (.text:IntMasterEnable)
                  00004eaa    00000010     lcd.obj (.text:lcd_clear)
                  00004eba    0000000e     rtsv7M4_T_le_v4SPD16_eabi.lib : copy_decompress_none.c.obj (.text:decompress:none:__TI_decompress_none)
                  00004ec8    0000000c     driverlib.lib : cpu.obj (.text:CPUcpsie)
                  00004ed4    0000000c     tm4c123gh6pm_startup_ccs.obj (.text)
                  00004ee0    00000008     rtsv7M4_T_le_v4SPD16_eabi.lib : errno.c.obj (.text:__aeabi_errno_addr)
                  00004ee8    00000008                                   : memory.c.obj (.text:malloc)
                  00004ef0    00000004                                   : pre_init.c.obj (.text:_system_pre_init)
                  00004ef4    00000004                                   : exit.c.obj (.text:abort:abort)

.const     0    00004ef8    00000118     
                  00004ef8    00000101     rtsv7M4_T_le_v4SPD16_eabi.lib : ctype.c.obj (.const:.string:_ctypes_)
                  00004ff9    0000000f     open_interface .obj (.const:.string:$P$T0$3)
                  00005008    00000004     lcd.obj (.const:.string:lineAddress$1)
                  0000500c    00000004     lcd.obj (.const:.string:lineAddresses$2)

.cinit     0    00005010    000000b8     
                  00005010    00000081     (.cinit..data.load) [load image, compression = lzss]
                  00005091    00000003     --HOLE-- [fill = 0]
                  00005094    0000000c     (__TI_handler_table)
                  000050a0    00000008     (.cinit..bss.load) [load image, compression = zero_init]
                  000050a8    00000008     (.cinit..vtable.load) [load image, compression = zero_init]
                  000050b0    00000018     (__TI_cinit_table)

.init_array 
*          0    00000000    00000000     UNINITIALIZED

.vtable    0    20000000    0000026c     UNINITIALIZED
                  20000000    0000026c     driverlib.lib : interrupt.obj (.vtable)

.stack     0    20000270    00000800     UNINITIALIZED
                  20000270    00000004     rtsv7M4_T_le_v4SPD16_eabi.lib : boot_cortex_m.c.obj (.stack)
                  20000274    000007fc     --HOLE--

.sysmem    0    20000a70    00000400     UNINITIALIZED
                  20000a70    00000010     rtsv7M4_T_le_v4SPD16_eabi.lib : memory.c.obj (.sysmem)
                  20000a80    000003f0     --HOLE--

.bss       0    20000e70    00000102     UNINITIALIZED
                  20000e70    00000078     (.common:detected_objects)
                  20000ee8    00000054     lcd.obj (.bss:lastbuffer$3)
                  20000f3c    00000018     open_interface .obj (.bss:firmware$2)
                  20000f54    00000004     (.common:_timeout_ticks)
                  20000f58    00000004     (.common:fallingEdge)
                  20000f5c    00000004     (.common:isr_int_value)
                  20000f60    00000004     (.common:left_calibration_value)
                  20000f64    00000004     (.common:pulseLength)
                  20000f68    00000004     (.common:right_calibration_value)
                  20000f6c    00000004     (.common:risingEdge)
                  20000f70    00000001     (.common:isRisingEdge)
                  20000f71    00000001     (.common:uart_data)

.data      0    20000f74    000000b8     UNINITIALIZED
                  20000f74    0000003c     main.obj (.data:distances)
                  20000fb0    0000003c     main.obj (.data:ir_values)
                  20000fec    00000020     open_interface .obj (.data)
                  2000100c    00000008     rtsv7M4_T_le_v4SPD16_eabi.lib : _lock.c.obj (.data:$O1$$)
                  20001014    00000008                                   : memory.c.obj (.data:$O1$$)
                  2000101c    00000006     main.obj (.data)
                  20001022    00000001     Timer.obj (.data)
                  20001023    00000001     --HOLE--
                  20001024    00000004     libcybotScan.lib : cyBot_Scan.obj (.data)
                  20001028    00000004     rtsv7M4_T_le_v4SPD16_eabi.lib : errno.c.obj (.data)

__llvm_prf_cnts 
*          0    20000000    00000000     UNINITIALIZED

MODULE SUMMARY

       Module                         code    ro data   rw data
       ------                         ----    -------   -------
    .\
       open_interface .obj            3128    15        56     
       main.obj                       2788    0         255    
       movement.obj                   972     0         0      
       lcd.obj                        824     8         84     
       tm4c123gh6pm_startup_ccs.obj   12      620       0      
       Timer.obj                      584     0         5      
       uart.obj                       396     0         0      
       adc.obj                        260     0         0      
    +--+------------------------------+-------+---------+---------+
       Total:                         8964    643       400    
                                                               
    ../libcybotScan.lib
       cyBot_Scan.obj                 608     0         4      
       ping.obj                       492     0         13     
       servo.obj                      344     0         0      
       ir.obj                         280     0         4      
    +--+------------------------------+-------+---------+---------+
       Total:                         1724    0         21     
                                                               
    C:/ti/TivaWare_C_Series-2.2.0.295/driverlib/ccs/Debug/driverlib.lib
       interrupt.obj                  68      0         620    
       cpu.obj                        12      0         0      
    +--+------------------------------+-------+---------+---------+
       Total:                         80      0         620    
                                                               
    C:\ti\ccs1271\ccs\tools\compiler\ti-cgt-arm_20.2.7.LTS\lib\rtsv7M4_T_le_v4SPD16_eabi.lib
       _printfi.c.obj                 4851    0         0      
       memory.c.obj                   728     0         8      
       fd_add_t2.asm.obj              438     0         0      
       fd_div_t2.asm.obj              310     0         0      
       s_scalbn.c.obj                 272     0         0      
       fd_cmp_t2.asm.obj              268     0         0      
       ctype.c.obj                    0       257       0      
       fd_mul_t2.asm.obj              252     0         0      
       memcpy_t2.asm.obj              156     0         0      
       ull_div_t2.asm.obj             150     0         0      
       snprintf.c.obj                 148     0         0      
       vsnprintf.c.obj                136     0         0      
       memset_t2.asm.obj              122     0         0      
       fd_tos_t2.asm.obj              110     0         0      
       copy_decompress_lzss.c.obj     104     0         0      
       s_frexp.c.obj                  100     0         0      
       _ltoa.c.obj                    84      0         0      
       atoi.c.obj                     76      0         0      
       fd_toi_t2.asm.obj              72      0         0      
       autoinit.c.obj                 68      0         0      
       fs_tod_t2.asm.obj              56      0         0      
       boot_cortex_m.c.obj            52      0         0      
       i_tofd_t2.asm.obj              46      0         0      
       copy_zero_init.c.obj           28      0         0      
       memccpy.c.obj                  28      0         0      
       s_copysign.c.obj               26      0         0      
       strcmp.c.obj                   24      0         0      
       strchr.c.obj                   22      0         0      
       strcpy.c.obj                   20      0         0      
       strlen.c.obj                   20      0         0      
       wcslen.c.obj                   18      0         0      
       copy_decompress_none.c.obj     14      0         0      
       errno.c.obj                    8       0         4      
       _lock.c.obj                    2       0         8      
       exit.c.obj                     4       0         0      
       pre_init.c.obj                 4       0         0      
       div0.asm.obj                   2       0         0      
    +--+------------------------------+-------+---------+---------+
       Total:                         8819    257       20     
                                                               
       Heap:                          0       0         1024   
       Stack:                         0       0         2048   
       Linker Generated:              0       181       0      
    +--+------------------------------+-------+---------+---------+
       Grand Total:                   19587   1081      4133   


LINKER GENERATED COPY TABLES

__TI_cinit_table @ 000050b0 records: 3, size/record: 8, table size: 24
	.data: load addr=00005010, load size=00000081 bytes, run addr=20000f74, run size=000000b8 bytes, compression=lzss
	.bss: load addr=000050a0, load size=00000008 bytes, run addr=20000e70, run size=00000102 bytes, compression=zero_init
	.vtable: load addr=000050a8, load size=00000008 bytes, run addr=20000000, run size=0000026c bytes, compression=zero_init


LINKER GENERATED HANDLER TABLE

__TI_handler_table @ 00005094 records: 3, size/record: 4, table size: 12
	index: 0, handler: __TI_zero_init
	index: 1, handler: __TI_decompress_lzss
	index: 2, handler: __TI_decompress_none


GLOBAL SYMBOLS: SORTED ALPHABETICALLY BY Name 

address   name                          
-------   ----                          
00003e55  ADC0SS0_Handler               
00004057  ADC0_InSeq3                   
00004ef5  C$$EXIT                       
00004ec9  CPUcpsie                      
00000bc3  GPIOF_Handler                 
00004e9b  IntMasterEnable               
00004c5d  IntRegister                   
00004ed5  ResetISR                      
000032bd  TIMER3B_Handler               
20000a70  __STACK_END                   
00000800  __STACK_SIZE                  
20000470  __STACK_TOP                   
00000400  __SYSMEM_SIZE                 
000050b0  __TI_CINIT_Base               
000050c8  __TI_CINIT_Limit              
00005094  __TI_Handler_Table_Base       
000050a0  __TI_Handler_Table_Limit      
00004b29  __TI_auto_init_nobinit_nopinit
00004881  __TI_decompress_lzss          
00004ebb  __TI_decompress_none          
000049a3  __TI_ltoa                     
ffffffff  __TI_pprof_out_hndl           
00001971  __TI_printfi                  
ffffffff  __TI_prof_data_size           
ffffffff  __TI_prof_data_start          
00000000  __TI_static_base__            
00004d7d  __TI_zero_init_nomemset       
000045ad  __aeabi_cdcmpeq               
000045ad  __aeabi_cdcmple               
00004633  __aeabi_cdrcmple              
00004813  __aeabi_d2f                   
00004ae1  __aeabi_d2iz                  
00003593  __aeabi_dadd                  
00003b61  __aeabi_ddiv                  
000041e9  __aeabi_dmul                  
00003589  __aeabi_dsub                  
00004ee1  __aeabi_errno_addr            
00004c25  __aeabi_f2d                   
00004d25  __aeabi_i2d                   
0000373f  __aeabi_idiv0                 
0000373f  __aeabi_ldiv0                 
000046b9  __aeabi_memclr                
000046b9  __aeabi_memclr4               
000046b9  __aeabi_memclr8               
0000447b  __aeabi_memcpy                
0000447b  __aeabi_memcpy4               
0000447b  __aeabi_memcpy8               
000046bb  __aeabi_memset                
000046bb  __aeabi_memset4               
000046bb  __aeabi_memset8               
00004517  __aeabi_uldivmod              
ffffffff  __binit__                     
ffffffff  __c_args__                    
UNDEFED   __mpu_init                    
20000270  __stack                       
20000000  __start___llvm_prf_cnts       
20000000  __stop___llvm_prf_cnts        
00004c91  _c_int00_noargs               
00004ef8  _ctypes_                      
2000100c  _lock                         
000023bf  _nop                          
20001022  _running                      
20000a70  _sys_memory                   
UNDEFED   _system_post_cinit            
00004ef1  _system_pre_init              
20000f54  _timeout_ticks                
20001010  _unlock                       
00004ef5  abort                         
00000ebb  adc_distance                  
00003fe5  adc_init                      
0000407f  adc_read                      
000040e9  aligned_alloc                 
00004a49  atoi                          
ffffffff  binit                         
00004bed  calloc                        
00000fad  control_movement              
00004dd1  copysign                      
00004dd1  copysignl                     
20001021  current_mode                  
00002dfd  cyBOT_SERVO_cal               
00002d8b  cyBOT_Scan                    
00002d33  cyBOT_init_Scan               
20001024  cyBOT_scan_features           
00002d25  cyBOT_scan_version            
20000e70  detected_objects              
0000112d  display_smallest_object       
20000f74  distances                     
20001028  errno                         
20000f58  fallingEdge                   
20001020  flag                          
000042e5  free                          
000048e9  frexp                         
000048e9  frexpl                        
20000000  g_pfnRAMVectors               
00000000  g_pfnVectors                  
0000097f  go_charge                     
00002571  handle_bump                   
0000140b  handle_bump_sensor            
00003e6b  ir_enableInterrupt            
00003e4d  ir_getDistance                
00003e25  ir_getValue                   
00003dbd  ir_init                       
20000fb0  ir_values                     
20000f70  isRisingEdge                  
20000f5c  isr_int_value                 
00004eab  lcd_clear                     
00002961  lcd_gotoLine                  
000027c9  lcd_init                      
000029c7  lcd_printf                    
00002889  lcd_putc                      
000028c1  lcd_puts                      
0000278d  lcd_reverseNibble             
000028df  lcd_sendCommand               
0000291d  lcd_sendNibble                
00002989  lcd_setCursorPos              
00003ed5  ldexp                         
00003ed5  ldexpl                        
20000f60  left_calibration_value        
000015c7  main                          
00004ee9  malloc                        
000040e9  memalign                      
00004db5  memccpy                       
0000447b  memcpy                        
000046c1  memset                        
20000fec  motor_cal_factor_L            
20000ff0  motor_cal_factor_R            
00002429  move_backwards                
000023c1  move_forward                  
000025d5  move_forward_with_bump        
00001293  navigate_to_smallest_object   
2000101c  object_count                  
0000026d  oi_alloc                      
00000aa9  oi_checkFirmware              
000002c7  oi_close                      
00000279  oi_free                       
00000ded  oi_getMotorCalibrationLeft    
00000e01  oi_getMotorCalibrationRight   
000002b1  oi_init                       
00000289  oi_init_noupdate              
00000915  oi_loadSong                   
00004e1b  oi_parseInt                   
0000032b  oi_parsePacket                
0000096b  oi_play_song                  
0000084b  oi_setLeds                    
00000db1  oi_setMotorCalibration        
0000088f  oi_setWheels                  
00000b51  oi_shutoff_init               
0000098d  oi_uartInit                   
00000a31  oi_uartReceive                
00000a77  oi_uartSendBuff               
00000a15  oi_uartSendChar               
00000a59  oi_uartSendStr                
000002d9  oi_update                     
00001019  perform_180_ir_scan           
0000330f  ping_getDistance              
000031cd  ping_init                     
00003253  ping_trigger                  
20000f64  pulseLength                   
20000f68  right_calibration_value       
20000f6c  risingEdge                    
00003ed5  scalbn                        
00003ed5  scalbnl                       
000038cd  servo_init                    
0000395d  servo_move                    
000039bd  servo_setPWM                  
00003951  servo_stop                    
00000e8d  setup                         
00004a95  snprintf                      
00004e4b  strchr                        
00004e33  strcmp                        
00004e61  strcpy                        
00004e75  strlen                        
000030a3  timer_getMicros               
0000304b  timer_getMillis               
00002f85  timer_init                    
00003027  timer_pause                   
00003039  timer_resume                  
00002ffd  timer_stop                    
000030fd  timer_waitMicros              
0000312f  timer_waitMillis              
00002495  turn_clockwise                
000024fb  turn_counter_clockwise        
20000f71  uart_data                     
00003741  uart_init                     
00003853  uart_interrupt_handler        
0000382f  uart_interrupt_init           
000037fd  uart_receive                  
000037e1  uart_sendChar                 
00003811  uart_sendStr                  
00004b6d  vsnprintf                     
00004e89  wcslen                        


GLOBAL SYMBOLS: SORTED BY Symbol Address 

address   name                          
-------   ----                          
00000000  __TI_static_base__            
00000000  g_pfnVectors                  
0000026d  oi_alloc                      
00000279  oi_free                       
00000289  oi_init_noupdate              
000002b1  oi_init                       
000002c7  oi_close                      
000002d9  oi_update                     
0000032b  oi_parsePacket                
00000400  __SYSMEM_SIZE                 
00000800  __STACK_SIZE                  
0000084b  oi_setLeds                    
0000088f  oi_setWheels                  
00000915  oi_loadSong                   
0000096b  oi_play_song                  
0000097f  go_charge                     
0000098d  oi_uartInit                   
00000a15  oi_uartSendChar               
00000a31  oi_uartReceive                
00000a59  oi_uartSendStr                
00000a77  oi_uartSendBuff               
00000aa9  oi_checkFirmware              
00000b51  oi_shutoff_init               
00000bc3  GPIOF_Handler                 
00000db1  oi_setMotorCalibration        
00000ded  oi_getMotorCalibrationLeft    
00000e01  oi_getMotorCalibrationRight   
00000e8d  setup                         
00000ebb  adc_distance                  
00000fad  control_movement              
00001019  perform_180_ir_scan           
0000112d  display_smallest_object       
00001293  navigate_to_smallest_object   
0000140b  handle_bump_sensor            
000015c7  main                          
00001971  __TI_printfi                  
000023bf  _nop                          
000023c1  move_forward                  
00002429  move_backwards                
00002495  turn_clockwise                
000024fb  turn_counter_clockwise        
00002571  handle_bump                   
000025d5  move_forward_with_bump        
0000278d  lcd_reverseNibble             
000027c9  lcd_init                      
00002889  lcd_putc                      
000028c1  lcd_puts                      
000028df  lcd_sendCommand               
0000291d  lcd_sendNibble                
00002961  lcd_gotoLine                  
00002989  lcd_setCursorPos              
000029c7  lcd_printf                    
00002d25  cyBOT_scan_version            
00002d33  cyBOT_init_Scan               
00002d8b  cyBOT_Scan                    
00002dfd  cyBOT_SERVO_cal               
00002f85  timer_init                    
00002ffd  timer_stop                    
00003027  timer_pause                   
00003039  timer_resume                  
0000304b  timer_getMillis               
000030a3  timer_getMicros               
000030fd  timer_waitMicros              
0000312f  timer_waitMillis              
000031cd  ping_init                     
00003253  ping_trigger                  
000032bd  TIMER3B_Handler               
0000330f  ping_getDistance              
00003589  __aeabi_dsub                  
00003593  __aeabi_dadd                  
0000373f  __aeabi_idiv0                 
0000373f  __aeabi_ldiv0                 
00003741  uart_init                     
000037e1  uart_sendChar                 
000037fd  uart_receive                  
00003811  uart_sendStr                  
0000382f  uart_interrupt_init           
00003853  uart_interrupt_handler        
000038cd  servo_init                    
00003951  servo_stop                    
0000395d  servo_move                    
000039bd  servo_setPWM                  
00003b61  __aeabi_ddiv                  
00003dbd  ir_init                       
00003e25  ir_getValue                   
00003e4d  ir_getDistance                
00003e55  ADC0SS0_Handler               
00003e6b  ir_enableInterrupt            
00003ed5  ldexp                         
00003ed5  ldexpl                        
00003ed5  scalbn                        
00003ed5  scalbnl                       
00003fe5  adc_init                      
00004057  ADC0_InSeq3                   
0000407f  adc_read                      
000040e9  aligned_alloc                 
000040e9  memalign                      
000041e9  __aeabi_dmul                  
000042e5  free                          
0000447b  __aeabi_memcpy                
0000447b  __aeabi_memcpy4               
0000447b  __aeabi_memcpy8               
0000447b  memcpy                        
00004517  __aeabi_uldivmod              
000045ad  __aeabi_cdcmpeq               
000045ad  __aeabi_cdcmple               
00004633  __aeabi_cdrcmple              
000046b9  __aeabi_memclr                
000046b9  __aeabi_memclr4               
000046b9  __aeabi_memclr8               
000046bb  __aeabi_memset                
000046bb  __aeabi_memset4               
000046bb  __aeabi_memset8               
000046c1  memset                        
00004813  __aeabi_d2f                   
00004881  __TI_decompress_lzss          
000048e9  frexp                         
000048e9  frexpl                        
000049a3  __TI_ltoa                     
00004a49  atoi                          
00004a95  snprintf                      
00004ae1  __aeabi_d2iz                  
00004b29  __TI_auto_init_nobinit_nopinit
00004b6d  vsnprintf                     
00004bed  calloc                        
00004c25  __aeabi_f2d                   
00004c5d  IntRegister                   
00004c91  _c_int00_noargs               
00004d25  __aeabi_i2d                   
00004d7d  __TI_zero_init_nomemset       
00004db5  memccpy                       
00004dd1  copysign                      
00004dd1  copysignl                     
00004e1b  oi_parseInt                   
00004e33  strcmp                        
00004e4b  strchr                        
00004e61  strcpy                        
00004e75  strlen                        
00004e89  wcslen                        
00004e9b  IntMasterEnable               
00004eab  lcd_clear                     
00004ebb  __TI_decompress_none          
00004ec9  CPUcpsie                      
00004ed5  ResetISR                      
00004ee1  __aeabi_errno_addr            
00004ee9  malloc                        
00004ef1  _system_pre_init              
00004ef5  C$$EXIT                       
00004ef5  abort                         
00004ef8  _ctypes_                      
00005094  __TI_Handler_Table_Base       
000050a0  __TI_Handler_Table_Limit      
000050b0  __TI_CINIT_Base               
000050c8  __TI_CINIT_Limit              
20000000  __start___llvm_prf_cnts       
20000000  __stop___llvm_prf_cnts        
20000000  g_pfnRAMVectors               
20000270  __stack                       
20000470  __STACK_TOP                   
20000a70  __STACK_END                   
20000a70  _sys_memory                   
20000e70  detected_objects              
20000f54  _timeout_ticks                
20000f58  fallingEdge                   
20000f5c  isr_int_value                 
20000f60  left_calibration_value        
20000f64  pulseLength                   
20000f68  right_calibration_value       
20000f6c  risingEdge                    
20000f70  isRisingEdge                  
20000f71  uart_data                     
20000f74  distances                     
20000fb0  ir_values                     
20000fec  motor_cal_factor_L            
20000ff0  motor_cal_factor_R            
2000100c  _lock                         
20001010  _unlock                       
2000101c  object_count                  
20001020  flag                          
20001021  current_mode                  
20001022  _running                      
20001024  cyBOT_scan_features           
20001028  errno                         
ffffffff  __TI_pprof_out_hndl           
ffffffff  __TI_prof_data_size           
ffffffff  __TI_prof_data_start          
ffffffff  __binit__                     
ffffffff  __c_args__                    
ffffffff  binit                         
UNDEFED   __mpu_init                    
UNDEFED   _system_post_cinit            

[191 symbols]
