******************************************************************************
                  TI ARM Linker PC v20.2.7                     
******************************************************************************
>> Linked Thu Oct 17 12:36:26 2024

OUTPUT FILE NAME:   <lab6.out>
ENTRY POINT SYMBOL: "_c_int00_noargs"  address: 00004235


MEMORY CONFIGURATION

         name            origin    length      used     unused   attr    fill
----------------------  --------  ---------  --------  --------  ----  --------
  FLASH                 00000000   00040000  000045ef  0003ba11  R  X
  SRAM                  20000000   00008000  00000f14  000070ec  RW X


SEGMENT ALLOCATION MAP

run origin  load origin   length   init length attrs members
----------  ----------- ---------- ----------- ----- -------
00000000    00000000    000045f8   000045f8    r-x
  00000000    00000000    0000026c   0000026c    r-- .intvecs
  0000026c    0000026c    000041e8   000041e8    r-x .text
  00004458    00004458    0000014b   0000014b    r-- .const
  000045a8    000045a8    00000050   00000050    r-- .cinit
20000000    20000000    00000f1a   00000000    rw-
  20000000    20000000    0000026c   00000000    rw- .vtable
  20000270    20000270    00000800   00000000    rw- .stack
  20000a70    20000a70    00000400   00000000    rw- .sysmem
  20000e70    20000e70    00000072   00000000    rw- .bss
  20000ee4    20000ee4    00000036   00000000    rw- .data


SECTION ALLOCATION MAP

 output                                  attributes/
section   page    origin      length       input sections
--------  ----  ----------  ----------   ----------------
.intvecs   0    00000000    0000026c     
                  00000000    0000026c     tm4c123gh6pm_startup_ccs.obj (.intvecs)

.text      0    0000026c    000041e8     
                  0000026c    00000c20     open_interface.obj (.text)
                  00000e8c    00000a4e     rtsv7M4_T_le_v4SPD16_eabi.lib : _printfi.c.obj (.text:__TI_printfi)
                  000018da    00000002                                   : _lock.c.obj (.text:_nop)
                  000018dc    000009d0                                   : e_pow.c.obj (.text:pow)
                  000022ac    00000328     lcd.obj (.text)
                  000025d4    00000270     rtsv7M4_T_le_v4SPD16_eabi.lib : _printfi.c.obj (.text:_pconv_a)
                  00002844    00000248     Timer.obj (.text)
                  00002a8c    000001d0     rtsv7M4_T_le_v4SPD16_eabi.lib : _printfi.c.obj (.text:_pconv_g)
                  00002c5c    000001b6                                   : fd_add_t2.asm.obj (.text)
                  00002e12    00000002                                   : div0.asm.obj (.text)
                  00002e14    0000016c     uart.obj (.text)
                  00002f80    00000158     Lab6_template_extra_help.obj (.text)
                  000030d8    00000158     rtsv7M4_T_le_v4SPD16_eabi.lib : e_sqrt.c.obj (.text:sqrt)
                  00003230    0000013c                                   : _printfi.c.obj (.text:_pconv_e)
                  0000336c    00000136                                   : fd_div_t2.asm.obj (.text)
                  000034a2    00000002     --HOLE-- [fill = 0]
                  000034a4    00000124                                   : _printfi.c.obj (.text:fcvt)
                  000035c8    00000110                                   : s_scalbn.c.obj (.text:scalbn)
                  000036d8    00000100                                   : memory.c.obj (.text:aligned_alloc)
                  000037d8    000000fc                                   : fd_mul_t2.asm.obj (.text)
                  000038d4    000000e4                                   : memory.c.obj (.text:free)
                  000039b8    000000b1                                   : _printfi.c.obj (.text:_ltostr)
                  00003a69    00000001     --HOLE-- [fill = 0]
                  00003a6a    0000009c                                   : memcpy_t2.asm.obj (.text)
                  00003b06    00000096                                   : ull_div_t2.asm.obj (.text)
                  00003b9c    00000086                                   : fd_cmp_t2.asm.obj (.text:__aeabi_cdcmple)
                  00003c22    00000086                                   : fd_cmp_t2.asm.obj (.text:__aeabi_cdrcmple)
                  00003ca8    0000007a                                   : memset_t2.asm.obj (.text)
                  00003d22    00000002     --HOLE-- [fill = 0]
                  00003d24    00000070                                   : memory.c.obj (.text:split)
                  00003d94    0000006e                                   : _printfi.c.obj (.text:_mcpy)
                  00003e02    0000006e                                   : fd_tos_t2.asm.obj (.text)
                  00003e70    00000068                                   : copy_decompress_lzss.c.obj (.text:decompress:lzss:__TI_decompress_lzss)
                  00003ed8    00000064                                   : s_frexp.c.obj (.text:frexp)
                  00003f3c    00000056                                   : _printfi.c.obj (.text:_pconv_f)
                  00003f92    00000054                                   : _ltoa.c.obj (.text:__TI_ltoa)
                  00003fe6    00000052                                   : _printfi.c.obj (.text:_ecpy)
                  00004038    0000004c                                   : atoi.c.obj (.text:atoi)
                  00004084    00000048                                   : fd_toi_t2.asm.obj (.text)
                  000040cc    00000044                                   : autoinit.c.obj (.text:__TI_auto_init_nobinit_nopinit:__TI_auto_init_nobinit_nopinit)
                  00004110    00000040                                   : vsnprintf.c.obj (.text:vsnprintf)
                  00004150    0000003e                                   : _printfi.c.obj (.text:_fcpy)
                  0000418e    00000002     --HOLE-- [fill = 0]
                  00004190    00000038                                   : memory.c.obj (.text:calloc)
                  000041c8    00000038                                   : fs_tod_t2.asm.obj (.text)
                  00004200    00000034     driverlib.lib : interrupt.obj (.text:IntRegister)
                  00004234    00000034     rtsv7M4_T_le_v4SPD16_eabi.lib : boot_cortex_m.c.obj (.text:_c_int00_noargs:_c_int00_noargs)
                  00004268    00000030                                   : vsnprintf.c.obj (.text:_outs)
                  00004298    0000002e                                   : i_tofd_t2.asm.obj (.text)
                  000042c6    00000002     --HOLE-- [fill = 0]
                  000042c8    00000028                                   : memory.c.obj (.text:free_list_insert)
                  000042f0    0000001c                                   : copy_zero_init.c.obj (.text:decompress:ZI:__TI_zero_init_nomemset:__TI_zero_init_nomemset)
                  0000430c    0000001c                                   : memory.c.obj (.text:free_list_remove)
                  00004328    0000001c                                   : memccpy.c.obj (.text:memccpy)
                  00004344    0000001a                                   : s_copysign.c.obj (.text:copysign)
                  0000435e    00000018                                   : vsnprintf.c.obj (.text:_outc)
                  00004376    00000018     open_interface.obj (.text:oi_parseInt)
                  0000438e    00000018     rtsv7M4_T_le_v4SPD16_eabi.lib : strcmp.c.obj (.text:strcmp)
                  000043a6    00000016                                   : strchr.c.obj (.text:strchr)
                  000043bc    00000014                                   : strcpy.c.obj (.text:strcpy)
                  000043d0    00000014                                   : strlen.c.obj (.text:strlen)
                  000043e4    00000012                                   : wcslen.c.obj (.text:wcslen)
                  000043f6    00000010     driverlib.lib : interrupt.obj (.text:IntMasterEnable)
                  00004406    00000010     lcd.obj (.text:lcd_clear)
                  00004416    0000000e     rtsv7M4_T_le_v4SPD16_eabi.lib : copy_decompress_none.c.obj (.text:decompress:none:__TI_decompress_none)
                  00004424    0000000c     driverlib.lib : cpu.obj (.text:CPUcpsie)
                  00004430    0000000c     tm4c123gh6pm_startup_ccs.obj (.text)
                  0000443c    00000008     rtsv7M4_T_le_v4SPD16_eabi.lib : errno.c.obj (.text:__aeabi_errno_addr)
                  00004444    00000008                                   : memory.c.obj (.text:malloc)
                  0000444c    00000004                                   : pre_init.c.obj (.text:_system_pre_init)
                  00004450    00000004                                   : exit.c.obj (.text:abort:abort)

.const     0    00004458    0000014b     
                  00004458    00000101     rtsv7M4_T_le_v4SPD16_eabi.lib : ctype.c.obj (.const:.string:_ctypes_)
                  00004559    00000004     lcd.obj (.const:.string:lineAddress$1)
                  0000455d    00000003     --HOLE-- [fill = 0]
                  00004560    00000030     rtsv7M4_T_le_v4SPD16_eabi.lib : e_pow.c.obj (.const:$O1$$)
                  00004590    0000000f     open_interface.obj (.const:.string:$P$T0$3)
                  0000459f    00000004     lcd.obj (.const:.string:lineAddresses$2)

.cinit     0    000045a8    00000050     
                  000045a8    00000018     (.cinit..data.load) [load image, compression = lzss]
                  000045c0    0000000c     (__TI_handler_table)
                  000045cc    00000004     --HOLE-- [fill = 0]
                  000045d0    00000008     (.cinit..bss.load) [load image, compression = zero_init]
                  000045d8    00000008     (.cinit..vtable.load) [load image, compression = zero_init]
                  000045e0    00000018     (__TI_cinit_table)

.init_array 
*          0    00000000    00000000     UNINITIALIZED

.vtable    0    20000000    0000026c     UNINITIALIZED
                  20000000    0000026c     driverlib.lib : interrupt.obj (.vtable)

.stack     0    20000270    00000800     UNINITIALIZED
                  20000270    00000004     rtsv7M4_T_le_v4SPD16_eabi.lib : boot_cortex_m.c.obj (.stack)
                  20000274    000007fc     --HOLE--

.sysmem    0    20000a70    00000400     UNINITIALIZED
                  20000a70    00000010     rtsv7M4_T_le_v4SPD16_eabi.lib : memory.c.obj (.sysmem)
                  20000a80    000003f0     --HOLE--

.bss       0    20000e70    00000072     UNINITIALIZED
                  20000e70    00000054     lcd.obj (.bss:lastbuffer$3)
                  20000ec4    00000018     open_interface.obj (.bss:firmware$2)
                  20000edc    00000004     (.common:_timeout_ticks)
                  20000ee0    00000001     (.common:flag)
                  20000ee1    00000001     (.common:uart_data)

.data      0    20000ee4    00000036     UNINITIALIZED
                  20000ee4    00000020     open_interface.obj (.data)
                  20000f04    00000008     rtsv7M4_T_le_v4SPD16_eabi.lib : _lock.c.obj (.data:$O1$$)
                  20000f0c    00000008                                   : memory.c.obj (.data:$O1$$)
                  20000f14    00000004                                   : errno.c.obj (.data)
                  20000f18    00000001     Timer.obj (.data)
                  20000f19    00000001     uart.obj (.data)

__llvm_prf_cnts 
*          0    20000000    00000000     UNINITIALIZED

MODULE SUMMARY

       Module                         code    ro data   rw data
       ------                         ----    -------   -------
    .\
       open_interface.obj             3128    15        56     
       lcd.obj                        824     8         84     
       tm4c123gh6pm_startup_ccs.obj   12      620       0      
       Timer.obj                      584     0         5      
       uart.obj                       364     0         1      
       Lab6_template_extra_help.obj   344     0         2      
    +--+------------------------------+-------+---------+---------+
       Total:                         5256    643       148    
                                                               
    C:/ti/TivaWare_C_Series-2.2.0.295/driverlib/ccs/Debug/driverlib.lib
       interrupt.obj                  68      0         620    
       cpu.obj                        12      0         0      
    +--+------------------------------+-------+---------+---------+
       Total:                         80      0         620    
                                                               
    C:\ti\ccs1271\ccs\tools\compiler\ti-cgt-arm_20.2.7.LTS\lib\rtsv7M4_T_le_v4SPD16_eabi.lib
       _printfi.c.obj                 4851    0         0      
       e_pow.c.obj                    2512    48        0      
       memory.c.obj                   728     0         8      
       fd_add_t2.asm.obj              438     0         0      
       e_sqrt.c.obj                   344     0         0      
       fd_div_t2.asm.obj              310     0         0      
       s_scalbn.c.obj                 272     0         0      
       fd_cmp_t2.asm.obj              268     0         0      
       ctype.c.obj                    0       257       0      
       fd_mul_t2.asm.obj              252     0         0      
       memcpy_t2.asm.obj              156     0         0      
       ull_div_t2.asm.obj             150     0         0      
       vsnprintf.c.obj                136     0         0      
       memset_t2.asm.obj              122     0         0      
       fd_tos_t2.asm.obj              110     0         0      
       copy_decompress_lzss.c.obj     104     0         0      
       s_frexp.c.obj                  100     0         0      
       _ltoa.c.obj                    84      0         0      
       atoi.c.obj                     76      0         0      
       fd_toi_t2.asm.obj              72      0         0      
       autoinit.c.obj                 68      0         0      
       fs_tod_t2.asm.obj              56      0         0      
       boot_cortex_m.c.obj            52      0         0      
       i_tofd_t2.asm.obj              46      0         0      
       copy_zero_init.c.obj           28      0         0      
       memccpy.c.obj                  28      0         0      
       s_copysign.c.obj               26      0         0      
       strcmp.c.obj                   24      0         0      
       strchr.c.obj                   22      0         0      
       strcpy.c.obj                   20      0         0      
       strlen.c.obj                   20      0         0      
       wcslen.c.obj                   18      0         0      
       copy_decompress_none.c.obj     14      0         0      
       errno.c.obj                    8       0         4      
       _lock.c.obj                    2       0         8      
       exit.c.obj                     4       0         0      
       pre_init.c.obj                 4       0         0      
       div0.asm.obj                   2       0         0      
    +--+------------------------------+-------+---------+---------+
       Total:                         11527   305       20     
                                                               
       Heap:                          0       0         1024   
       Stack:                         0       0         2048   
       Linker Generated:              0       76        0      
    +--+------------------------------+-------+---------+---------+
       Grand Total:                   16863   1024      3860   


LINKER GENERATED COPY TABLES

__TI_cinit_table @ 000045e0 records: 3, size/record: 8, table size: 24
	.data: load addr=000045a8, load size=00000018 bytes, run addr=20000ee4, run size=00000036 bytes, compression=lzss
	.bss: load addr=000045d0, load size=00000008 bytes, run addr=20000e70, run size=00000072 bytes, compression=zero_init
	.vtable: load addr=000045d8, load size=00000008 bytes, run addr=20000000, run size=0000026c bytes, compression=zero_init


LINKER GENERATED HANDLER TABLE

__TI_handler_table @ 000045c0 records: 3, size/record: 4, table size: 12
	index: 0, handler: __TI_zero_init
	index: 1, handler: __TI_decompress_lzss
	index: 2, handler: __TI_decompress_none


GLOBAL SYMBOLS: SORTED ALPHABETICALLY BY Name 

address   name                          
-------   ----                          
00004451  C$$EXIT                       
00004425  CPUcpsie                      
00000bc3  GPIOF_Handler                 
000043f7  IntMasterEnable               
00004201  IntRegister                   
00004431  ResetISR                      
20000a70  __STACK_END                   
00000800  __STACK_SIZE                  
20000470  __STACK_TOP                   
00000400  __SYSMEM_SIZE                 
000045e0  __TI_CINIT_Base               
000045f8  __TI_CINIT_Limit              
000045c0  __TI_Handler_Table_Base       
000045cc  __TI_Handler_Table_Limit      
000040cd  __TI_auto_init_nobinit_nopinit
00003e71  __TI_decompress_lzss          
00004417  __TI_decompress_none          
00003f93  __TI_ltoa                     
ffffffff  __TI_pprof_out_hndl           
00000e8d  __TI_printfi                  
ffffffff  __TI_prof_data_size           
ffffffff  __TI_prof_data_start          
00000000  __TI_static_base__            
000042f1  __TI_zero_init_nomemset       
00003b9d  __aeabi_cdcmpeq               
00003b9d  __aeabi_cdcmple               
00003c23  __aeabi_cdrcmple              
00003e03  __aeabi_d2f                   
00004085  __aeabi_d2iz                  
00002c67  __aeabi_dadd                  
0000336d  __aeabi_ddiv                  
000037d9  __aeabi_dmul                  
00002c5d  __aeabi_dsub                  
0000443d  __aeabi_errno_addr            
000041c9  __aeabi_f2d                   
00004299  __aeabi_i2d                   
00002e13  __aeabi_idiv0                 
00002e13  __aeabi_ldiv0                 
00003ca9  __aeabi_memclr                
00003ca9  __aeabi_memclr4               
00003ca9  __aeabi_memclr8               
00003a6b  __aeabi_memcpy                
00003a6b  __aeabi_memcpy4               
00003a6b  __aeabi_memcpy8               
00003cab  __aeabi_memset                
00003cab  __aeabi_memset4               
00003cab  __aeabi_memset8               
00003b07  __aeabi_uldivmod              
ffffffff  __binit__                     
ffffffff  __c_args__                    
UNDEFED   __mpu_init                    
20000270  __stack                       
20000000  __start___llvm_prf_cnts       
20000000  __stop___llvm_prf_cnts        
00004235  _c_int00_noargs               
00004458  _ctypes_                      
20000f04  _lock                         
000018db  _nop                          
20000f18  _running                      
20000a70  _sys_memory                   
UNDEFED   _system_post_cinit            
0000444d  _system_pre_init              
20000edc  _timeout_ticks                
20000f08  _unlock                       
00004451  abort                         
000036d9  aligned_alloc                 
00004039  atoi                          
ffffffff  binit                         
00002fa9  calcDisFromIR                 
00004191  calloc                        
00004345  copysign                      
00004345  copysignl                     
20000f14  errno                         
20000ee0  flag                          
000038d5  free                          
00003ed9  frexp                         
00003ed9  frexpl                        
20000000  g_pfnRAMVectors               
00000000  g_pfnVectors                  
0000097f  go_charge                     
00004407  lcd_clear                     
00002481  lcd_gotoLine                  
000022e9  lcd_init                      
000024e7  lcd_printf                    
000023a9  lcd_putc                      
000023e1  lcd_puts                      
000022ad  lcd_reverseNibble             
000023ff  lcd_sendCommand               
0000243d  lcd_sendNibble                
000024a9  lcd_setCursorPos              
000035c9  ldexp                         
000035c9  ldexpl                        
00003041  main                          
00004445  malloc                        
000036d9  memalign                      
00004329  memccpy                       
00003a6b  memcpy                        
00003cb1  memset                        
20000ee4  motor_cal_factor_L            
20000ee8  motor_cal_factor_R            
0000026d  oi_alloc                      
00000aa9  oi_checkFirmware              
000002c7  oi_close                      
00000279  oi_free                       
00000ded  oi_getMotorCalibrationLeft    
00000e01  oi_getMotorCalibrationRight   
000002b1  oi_init                       
00000289  oi_init_noupdate              
00000915  oi_loadSong                   
00004377  oi_parseInt                   
0000032b  oi_parsePacket                
0000096b  oi_play_song                  
0000084b  oi_setLeds                    
00000db1  oi_setMotorCalibration        
0000088f  oi_setWheels                  
00000b51  oi_shutoff_init               
0000098d  oi_uartInit                   
00000a31  oi_uartReceive                
00000a77  oi_uartSendBuff               
00000a15  oi_uartSendChar               
00000a59  oi_uartSendStr                
000002d9  oi_update                     
000018dd  pow                           
000018dd  powl                          
000035c9  scalbn                        
000035c9  scalbnl                       
00002f81  sendString                    
000030d9  sqrt                          
000030d9  sqrtl                         
000043a7  strchr                        
0000438f  strcmp                        
000043bd  strcpy                        
000043d1  strlen                        
00002963  timer_getMicros               
0000290b  timer_getMillis               
00002845  timer_init                    
000028e7  timer_pause                   
000028f9  timer_resume                  
000028bd  timer_stop                    
000029bd  timer_waitMicros              
000029ef  timer_waitMillis              
20000ee1  uart_data                     
00002e15  uart_init                     
00002f07  uart_interrupt_handler        
00002ee7  uart_interrupt_init           
00002ea7  uart_receive                  
00002e8b  uart_sendChar                 
00002ec1  uart_sendStr                  
00004111  vsnprintf                     
000043e5  wcslen                        


GLOBAL SYMBOLS: SORTED BY Symbol Address 

address   name                          
-------   ----                          
00000000  __TI_static_base__            
00000000  g_pfnVectors                  
0000026d  oi_alloc                      
00000279  oi_free                       
00000289  oi_init_noupdate              
000002b1  oi_init                       
000002c7  oi_close                      
000002d9  oi_update                     
0000032b  oi_parsePacket                
00000400  __SYSMEM_SIZE                 
00000800  __STACK_SIZE                  
0000084b  oi_setLeds                    
0000088f  oi_setWheels                  
00000915  oi_loadSong                   
0000096b  oi_play_song                  
0000097f  go_charge                     
0000098d  oi_uartInit                   
00000a15  oi_uartSendChar               
00000a31  oi_uartReceive                
00000a59  oi_uartSendStr                
00000a77  oi_uartSendBuff               
00000aa9  oi_checkFirmware              
00000b51  oi_shutoff_init               
00000bc3  GPIOF_Handler                 
00000db1  oi_setMotorCalibration        
00000ded  oi_getMotorCalibrationLeft    
00000e01  oi_getMotorCalibrationRight   
00000e8d  __TI_printfi                  
000018db  _nop                          
000018dd  pow                           
000018dd  powl                          
000022ad  lcd_reverseNibble             
000022e9  lcd_init                      
000023a9  lcd_putc                      
000023e1  lcd_puts                      
000023ff  lcd_sendCommand               
0000243d  lcd_sendNibble                
00002481  lcd_gotoLine                  
000024a9  lcd_setCursorPos              
000024e7  lcd_printf                    
00002845  timer_init                    
000028bd  timer_stop                    
000028e7  timer_pause                   
000028f9  timer_resume                  
0000290b  timer_getMillis               
00002963  timer_getMicros               
000029bd  timer_waitMicros              
000029ef  timer_waitMillis              
00002c5d  __aeabi_dsub                  
00002c67  __aeabi_dadd                  
00002e13  __aeabi_idiv0                 
00002e13  __aeabi_ldiv0                 
00002e15  uart_init                     
00002e8b  uart_sendChar                 
00002ea7  uart_receive                  
00002ec1  uart_sendStr                  
00002ee7  uart_interrupt_init           
00002f07  uart_interrupt_handler        
00002f81  sendString                    
00002fa9  calcDisFromIR                 
00003041  main                          
000030d9  sqrt                          
000030d9  sqrtl                         
0000336d  __aeabi_ddiv                  
000035c9  ldexp                         
000035c9  ldexpl                        
000035c9  scalbn                        
000035c9  scalbnl                       
000036d9  aligned_alloc                 
000036d9  memalign                      
000037d9  __aeabi_dmul                  
000038d5  free                          
00003a6b  __aeabi_memcpy                
00003a6b  __aeabi_memcpy4               
00003a6b  __aeabi_memcpy8               
00003a6b  memcpy                        
00003b07  __aeabi_uldivmod              
00003b9d  __aeabi_cdcmpeq               
00003b9d  __aeabi_cdcmple               
00003c23  __aeabi_cdrcmple              
00003ca9  __aeabi_memclr                
00003ca9  __aeabi_memclr4               
00003ca9  __aeabi_memclr8               
00003cab  __aeabi_memset                
00003cab  __aeabi_memset4               
00003cab  __aeabi_memset8               
00003cb1  memset                        
00003e03  __aeabi_d2f                   
00003e71  __TI_decompress_lzss          
00003ed9  frexp                         
00003ed9  frexpl                        
00003f93  __TI_ltoa                     
00004039  atoi                          
00004085  __aeabi_d2iz                  
000040cd  __TI_auto_init_nobinit_nopinit
00004111  vsnprintf                     
00004191  calloc                        
000041c9  __aeabi_f2d                   
00004201  IntRegister                   
00004235  _c_int00_noargs               
00004299  __aeabi_i2d                   
000042f1  __TI_zero_init_nomemset       
00004329  memccpy                       
00004345  copysign                      
00004345  copysignl                     
00004377  oi_parseInt                   
0000438f  strcmp                        
000043a7  strchr                        
000043bd  strcpy                        
000043d1  strlen                        
000043e5  wcslen                        
000043f7  IntMasterEnable               
00004407  lcd_clear                     
00004417  __TI_decompress_none          
00004425  CPUcpsie                      
00004431  ResetISR                      
0000443d  __aeabi_errno_addr            
00004445  malloc                        
0000444d  _system_pre_init              
00004451  C$$EXIT                       
00004451  abort                         
00004458  _ctypes_                      
000045c0  __TI_Handler_Table_Base       
000045cc  __TI_Handler_Table_Limit      
000045e0  __TI_CINIT_Base               
000045f8  __TI_CINIT_Limit              
20000000  __start___llvm_prf_cnts       
20000000  __stop___llvm_prf_cnts        
20000000  g_pfnRAMVectors               
20000270  __stack                       
20000470  __STACK_TOP                   
20000a70  __STACK_END                   
20000a70  _sys_memory                   
20000edc  _timeout_ticks                
20000ee0  flag                          
20000ee1  uart_data                     
20000ee4  motor_cal_factor_L            
20000ee8  motor_cal_factor_R            
20000f04  _lock                         
20000f08  _unlock                       
20000f14  errno                         
20000f18  _running                      
ffffffff  __TI_pprof_out_hndl           
ffffffff  __TI_prof_data_size           
ffffffff  __TI_prof_data_start          
ffffffff  __binit__                     
ffffffff  __c_args__                    
ffffffff  binit                         
UNDEFED   __mpu_init                    
UNDEFED   _system_post_cinit            

[150 symbols]
