******************************************************************************
                  TI ARM Linker PC v20.2.7                     
******************************************************************************
>> Linked Wed Oct 23 20:51:24 2024

OUTPUT FILE NAME:   <lab_7.out>
ENTRY POINT SYMBOL: "_c_int00_noargs"  address: 00006915


MEMORY CONFIGURATION

         name            origin    length      used     unused   attr    fill
----------------------  --------  ---------  --------  --------  ----  --------
  FLASH                 00000000   00040000  00006e4b  000391b5  R  X
  SRAM                  20000000   00008000  00000f2e  000070d2  RW X


SEGMENT ALLOCATION MAP

run origin  load origin   length   init length attrs members
----------  ----------- ---------- ----------- ----- -------
00000000    00000000    00006e50   00006e50    r-x
  00000000    00000000    0000026c   0000026c    r-- .intvecs
  0000026c    0000026c    000068ec   000068ec    r-x .text
  00006b58    00006b58    000002a3   000002a3    r-- .const
  00006e00    00006e00    00000050   00000050    r-- .cinit
20000000    20000000    00000f35   00000000    rw-
  20000000    20000000    0000026c   00000000    rw- .vtable
  20000270    20000270    00000800   00000000    rw- .stack
  20000a70    20000a70    00000400   00000000    rw- .sysmem
  20000e70    20000e70    00000089   00000000    rw- .bss
  20000efc    20000efc    00000039   00000000    rw- .data


SECTION ALLOCATION MAP

 output                                  attributes/
section   page    origin      length       input sections
--------  ----  ----------  ----------   ----------------
.intvecs   0    00000000    0000026c     
                  00000000    0000026c     tm4c123gh6pm_startup_ccs.obj (.intvecs)

.text      0    0000026c    000068ec     
                  0000026c    00000dfc     main.obj (.text)
                  00001068    00000c20     open_interface .obj (.text)
                  00001c88    00000a4e     rtsv7M4_T_le_v4SPD16_eabi.lib : _printfi.c.obj (.text:__TI_printfi)
                  000026d6    00000002                                   : _lock.c.obj (.text:_nop)
                  000026d8    000009d0                                   : e_pow.c.obj (.text:pow)
                  000030a8    00000738                                   : k_rem_pio2.c.obj (.text:__kernel_rem_pio2)
                  000037e0    000005e0                                   : s_sin.c.obj (.text:sin)
                  00003dc0    00000328     lcd.obj (.text)
                  000040e8    00000270     rtsv7M4_T_le_v4SPD16_eabi.lib : _printfi.c.obj (.text:_pconv_a)
                  00004358    00000260     libcybotScan.lib : cyBot_Scan.obj (.text)
                  000045b8    00000248     Timer.obj (.text)
                  00004800    00000234     movement.obj (.text)
                  00004a34    000001ec     libcybotScan.lib : ping.obj (.text)
                  00004c20    000001d0     rtsv7M4_T_le_v4SPD16_eabi.lib : _printfi.c.obj (.text:_pconv_g)
                  00004df0    000001b6                                   : fd_add_t2.asm.obj (.text)
                  00004fa6    00000002                                   : div0.asm.obj (.text)
                  00004fa8    00000174                                   : k_sin.c.obj (.text:__kernel_sin)
                  0000511c    00000170                                   : k_cos.c.obj (.text:__kernel_cos)
                  0000528c    00000158     libcybotScan.lib : servo.obj (.text)
                  000053e4    00000158     rtsv7M4_T_le_v4SPD16_eabi.lib : e_sqrt.c.obj (.text:sqrt)
                  0000553c    00000140     uart_extra_help.obj (.text)
                  0000567c    0000013c     rtsv7M4_T_le_v4SPD16_eabi.lib : _printfi.c.obj (.text:_pconv_e)
                  000057b8    00000136                                   : fd_div_t2.asm.obj (.text)
                  000058ee    00000002     --HOLE-- [fill = 0]
                  000058f0    00000124                                   : _printfi.c.obj (.text:fcvt)
                  00005a14    00000118     libcybotScan.lib : ir.obj (.text)
                  00005b2c    00000110     rtsv7M4_T_le_v4SPD16_eabi.lib : s_scalbn.c.obj (.text:scalbn)
                  00005c3c    00000100                                   : memory.c.obj (.text:aligned_alloc)
                  00005d3c    000000fc                                   : fd_mul_t2.asm.obj (.text)
                  00005e38    000000f8                                   : s_floor.c.obj (.text:floor)
                  00005f30    000000e4                                   : memory.c.obj (.text:free)
                  00006014    000000b1                                   : _printfi.c.obj (.text:_ltostr)
                  000060c5    00000001     --HOLE-- [fill = 0]
                  000060c6    0000009c                                   : memcpy_t2.asm.obj (.text)
                  00006162    00000096                                   : ull_div_t2.asm.obj (.text)
                  000061f8    00000086                                   : fd_cmp_t2.asm.obj (.text:__aeabi_cdcmple)
                  0000627e    00000086                                   : fd_cmp_t2.asm.obj (.text:__aeabi_cdrcmple)
                  00006304    0000007a                                   : memset_t2.asm.obj (.text)
                  0000637e    00000002     --HOLE-- [fill = 0]
                  00006380    00000070                                   : memory.c.obj (.text:split)
                  000063f0    0000006e                                   : _printfi.c.obj (.text:_mcpy)
                  0000645e    0000006e                                   : fd_tos_t2.asm.obj (.text)
                  000064cc    00000068                                   : copy_decompress_lzss.c.obj (.text:decompress:lzss:__TI_decompress_lzss)
                  00006534    00000064                                   : s_frexp.c.obj (.text:frexp)
                  00006598    00000056                                   : _printfi.c.obj (.text:_pconv_f)
                  000065ee    00000054                                   : _ltoa.c.obj (.text:__TI_ltoa)
                  00006642    00000052                                   : _printfi.c.obj (.text:_ecpy)
                  00006694    0000004c                                   : atoi.c.obj (.text:atoi)
                  000066e0    00000048                                   : fd_toi_t2.asm.obj (.text)
                  00006728    00000044                                   : autoinit.c.obj (.text:__TI_auto_init_nobinit_nopinit:__TI_auto_init_nobinit_nopinit)
                  0000676c    00000044                                   : fd_tou_t2.asm.obj (.text)
                  000067b0    00000040                                   : sprintf.c.obj (.text:sprintf)
                  000067f0    00000040                                   : vsnprintf.c.obj (.text:vsnprintf)
                  00006830    0000003e                                   : _printfi.c.obj (.text:_fcpy)
                  0000686e    00000002     --HOLE-- [fill = 0]
                  00006870    00000038                                   : memory.c.obj (.text:calloc)
                  000068a8    00000038                                   : fs_tod_t2.asm.obj (.text)
                  000068e0    00000034     driverlib.lib : interrupt.obj (.text:IntRegister)
                  00006914    00000034     rtsv7M4_T_le_v4SPD16_eabi.lib : boot_cortex_m.c.obj (.text:_c_int00_noargs:_c_int00_noargs)
                  00006948    00000030                                   : vsnprintf.c.obj (.text:_outs)
                  00006978    0000002e                                   : i_tofd_t2.asm.obj (.text)
                  000069a6    00000002     --HOLE-- [fill = 0]
                  000069a8    00000028                                   : memory.c.obj (.text:free_list_insert)
                  000069d0    0000001c                                   : copy_zero_init.c.obj (.text:decompress:ZI:__TI_zero_init_nomemset:__TI_zero_init_nomemset)
                  000069ec    0000001c                                   : memory.c.obj (.text:free_list_remove)
                  00006a08    0000001c                                   : memccpy.c.obj (.text:memccpy)
                  00006a24    0000001a                                   : s_copysign.c.obj (.text:copysign)
                  00006a3e    00000018                                   : vsnprintf.c.obj (.text:_outc)
                  00006a56    00000018                                   : sprintf.c.obj (.text:_outs)
                  00006a6e    00000018     open_interface .obj (.text:oi_parseInt)
                  00006a86    00000018     rtsv7M4_T_le_v4SPD16_eabi.lib : strcmp.c.obj (.text:strcmp)
                  00006a9e    00000016                                   : strchr.c.obj (.text:strchr)
                  00006ab4    00000014                                   : strcpy.c.obj (.text:strcpy)
                  00006ac8    00000014                                   : strlen.c.obj (.text:strlen)
                  00006adc    00000012                                   : wcslen.c.obj (.text:wcslen)
                  00006aee    00000010     driverlib.lib : interrupt.obj (.text:IntMasterEnable)
                  00006afe    00000010     lcd.obj (.text:lcd_clear)
                  00006b0e    0000000e     rtsv7M4_T_le_v4SPD16_eabi.lib : copy_decompress_none.c.obj (.text:decompress:none:__TI_decompress_none)
                  00006b1c    0000000c     driverlib.lib : cpu.obj (.text:CPUcpsie)
                  00006b28    0000000c     tm4c123gh6pm_startup_ccs.obj (.text)
                  00006b34    0000000a     rtsv7M4_T_le_v4SPD16_eabi.lib : sprintf.c.obj (.text:_outc)
                  00006b3e    00000002     --HOLE-- [fill = 0]
                  00006b40    00000008                                   : errno.c.obj (.text:__aeabi_errno_addr)
                  00006b48    00000008                                   : memory.c.obj (.text:malloc)
                  00006b50    00000004                                   : pre_init.c.obj (.text:_system_pre_init)
                  00006b54    00000004                                   : exit.c.obj (.text:abort:abort)

.const     0    00006b58    000002a3     
                  00006b58    00000158     rtsv7M4_T_le_v4SPD16_eabi.lib : k_rem_pio2.c.obj (.const:$O1$$)
                  00006cb0    00000101                                   : ctype.c.obj (.const:.string:_ctypes_)
                  00006db1    00000004     lcd.obj (.const:.string:lineAddress$1)
                  00006db5    00000003     --HOLE-- [fill = 0]
                  00006db8    00000030     rtsv7M4_T_le_v4SPD16_eabi.lib : e_pow.c.obj (.const:$O1$$)
                  00006de8    0000000f     open_interface .obj (.const:.string:$P$T0$3)
                  00006df7    00000004     lcd.obj (.const:.string:lineAddresses$2)

.cinit     0    00006e00    00000050     
                  00006e00    00000018     (.cinit..data.load) [load image, compression = lzss]
                  00006e18    0000000c     (__TI_handler_table)
                  00006e24    00000004     --HOLE-- [fill = 0]
                  00006e28    00000008     (.cinit..bss.load) [load image, compression = zero_init]
                  00006e30    00000008     (.cinit..vtable.load) [load image, compression = zero_init]
                  00006e38    00000018     (__TI_cinit_table)

.init_array 
*          0    00000000    00000000     UNINITIALIZED

.vtable    0    20000000    0000026c     UNINITIALIZED
                  20000000    0000026c     driverlib.lib : interrupt.obj (.vtable)

.stack     0    20000270    00000800     UNINITIALIZED
                  20000270    00000004     rtsv7M4_T_le_v4SPD16_eabi.lib : boot_cortex_m.c.obj (.stack)
                  20000274    000007fc     --HOLE--

.sysmem    0    20000a70    00000400     UNINITIALIZED
                  20000a70    00000010     rtsv7M4_T_le_v4SPD16_eabi.lib : memory.c.obj (.sysmem)
                  20000a80    000003f0     --HOLE--

.bss       0    20000e70    00000089     UNINITIALIZED
                  20000e70    00000054     lcd.obj (.bss:lastbuffer$3)
                  20000ec4    00000018     open_interface .obj (.bss:firmware$2)
                  20000edc    00000004     (.common:_timeout_ticks)
                  20000ee0    00000004     (.common:fallingEdge)
                  20000ee4    00000004     (.common:isr_int_value)
                  20000ee8    00000004     (.common:left_calibration_value)
                  20000eec    00000004     (.common:pulseLength)
                  20000ef0    00000004     (.common:right_calibration_value)
                  20000ef4    00000004     (.common:risingEdge)
                  20000ef8    00000001     (.common:isRisingEdge)

.data      0    20000efc    00000039     UNINITIALIZED
                  20000efc    00000020     open_interface .obj (.data)
                  20000f1c    00000008     rtsv7M4_T_le_v4SPD16_eabi.lib : _lock.c.obj (.data:$O1$$)
                  20000f24    00000008                                   : memory.c.obj (.data:$O1$$)
                  20000f2c    00000004     libcybotScan.lib : cyBot_Scan.obj (.data)
                  20000f30    00000004     rtsv7M4_T_le_v4SPD16_eabi.lib : errno.c.obj (.data)
                  20000f34    00000001     Timer.obj (.data)

__llvm_prf_cnts 
*          0    20000000    00000000     UNINITIALIZED

MODULE SUMMARY

       Module                         code    ro data   rw data
       ------                         ----    -------   -------
    .\
       main.obj                       3580    0         8      
       open_interface .obj            3128    15        56     
       lcd.obj                        824     8         84     
       tm4c123gh6pm_startup_ccs.obj   12      620       0      
       Timer.obj                      584     0         5      
       movement.obj                   564     0         0      
       uart_extra_help.obj            320     0         0      
    +--+------------------------------+-------+---------+---------+
       Total:                         9012    643       153    
                                                               
    ../libcybotScan.lib
       cyBot_Scan.obj                 608     0         4      
       ping.obj                       492     0         13     
       servo.obj                      344     0         0      
       ir.obj                         280     0         4      
    +--+------------------------------+-------+---------+---------+
       Total:                         1724    0         21     
                                                               
    C:/ti/TivaWare_C_Series-2.2.0.295/driverlib/ccs/Debug/driverlib.lib
       interrupt.obj                  68      0         620    
       cpu.obj                        12      0         0      
    +--+------------------------------+-------+---------+---------+
       Total:                         80      0         620    
                                                               
    C:\ti\ccs1271\ccs\tools\compiler\ti-cgt-arm_20.2.7.LTS\lib\rtsv7M4_T_le_v4SPD16_eabi.lib
       _printfi.c.obj                 4851    0         0      
       e_pow.c.obj                    2512    48        0      
       k_rem_pio2.c.obj               1848    344       0      
       s_sin.c.obj                    1504    0         0      
       memory.c.obj                   728     0         8      
       fd_add_t2.asm.obj              438     0         0      
       k_sin.c.obj                    372     0         0      
       k_cos.c.obj                    368     0         0      
       e_sqrt.c.obj                   344     0         0      
       fd_div_t2.asm.obj              310     0         0      
       s_scalbn.c.obj                 272     0         0      
       fd_cmp_t2.asm.obj              268     0         0      
       ctype.c.obj                    0       257       0      
       fd_mul_t2.asm.obj              252     0         0      
       s_floor.c.obj                  248     0         0      
       memcpy_t2.asm.obj              156     0         0      
       ull_div_t2.asm.obj             150     0         0      
       vsnprintf.c.obj                136     0         0      
       memset_t2.asm.obj              122     0         0      
       fd_tos_t2.asm.obj              110     0         0      
       copy_decompress_lzss.c.obj     104     0         0      
       s_frexp.c.obj                  100     0         0      
       sprintf.c.obj                  98      0         0      
       _ltoa.c.obj                    84      0         0      
       atoi.c.obj                     76      0         0      
       fd_toi_t2.asm.obj              72      0         0      
       autoinit.c.obj                 68      0         0      
       fd_tou_t2.asm.obj              68      0         0      
       fs_tod_t2.asm.obj              56      0         0      
       boot_cortex_m.c.obj            52      0         0      
       i_tofd_t2.asm.obj              46      0         0      
       copy_zero_init.c.obj           28      0         0      
       memccpy.c.obj                  28      0         0      
       s_copysign.c.obj               26      0         0      
       strcmp.c.obj                   24      0         0      
       strchr.c.obj                   22      0         0      
       strcpy.c.obj                   20      0         0      
       strlen.c.obj                   20      0         0      
       wcslen.c.obj                   18      0         0      
       copy_decompress_none.c.obj     14      0         0      
       errno.c.obj                    8       0         4      
       _lock.c.obj                    2       0         8      
       exit.c.obj                     4       0         0      
       pre_init.c.obj                 4       0         0      
       div0.asm.obj                   2       0         0      
    +--+------------------------------+-------+---------+---------+
       Total:                         16033   649       20     
                                                               
       Heap:                          0       0         1024   
       Stack:                         0       0         2048   
       Linker Generated:              0       76        0      
    +--+------------------------------+-------+---------+---------+
       Grand Total:                   26849   1368      3886   


LINKER GENERATED COPY TABLES

__TI_cinit_table @ 00006e38 records: 3, size/record: 8, table size: 24
	.data: load addr=00006e00, load size=00000018 bytes, run addr=20000efc, run size=00000039 bytes, compression=lzss
	.bss: load addr=00006e28, load size=00000008 bytes, run addr=20000e70, run size=00000089 bytes, compression=zero_init
	.vtable: load addr=00006e30, load size=00000008 bytes, run addr=20000000, run size=0000026c bytes, compression=zero_init


LINKER GENERATED HANDLER TABLE

__TI_handler_table @ 00006e18 records: 3, size/record: 4, table size: 12
	index: 0, handler: __TI_zero_init
	index: 1, handler: __TI_decompress_lzss
	index: 2, handler: __TI_decompress_none


GLOBAL SYMBOLS: SORTED ALPHABETICALLY BY Name 

address   name                          
-------   ----                          
00005aad  ADC0SS0_Handler               
00006b55  C$$EXIT                       
00006b1d  CPUcpsie                      
000019bf  GPIOF_Handler                 
00006aef  IntMasterEnable               
000068e1  IntRegister                   
00006b29  ResetISR                      
00004b25  TIMER3B_Handler               
20000a70  __STACK_END                   
00000800  __STACK_SIZE                  
20000470  __STACK_TOP                   
00000400  __SYSMEM_SIZE                 
00006e38  __TI_CINIT_Base               
00006e50  __TI_CINIT_Limit              
00006e18  __TI_Handler_Table_Base       
00006e24  __TI_Handler_Table_Limit      
00006729  __TI_auto_init_nobinit_nopinit
000064cd  __TI_decompress_lzss          
00006b0f  __TI_decompress_none          
000065ef  __TI_ltoa                     
ffffffff  __TI_pprof_out_hndl           
00001c89  __TI_printfi                  
ffffffff  __TI_prof_data_size           
ffffffff  __TI_prof_data_start          
00000000  __TI_static_base__            
000069d1  __TI_zero_init_nomemset       
000061f9  __aeabi_cdcmpeq               
000061f9  __aeabi_cdcmple               
0000627f  __aeabi_cdrcmple              
0000645f  __aeabi_d2f                   
000066e1  __aeabi_d2iz                  
0000676d  __aeabi_d2uiz                 
00004dfb  __aeabi_dadd                  
000057b9  __aeabi_ddiv                  
00005d3d  __aeabi_dmul                  
00004df1  __aeabi_dsub                  
00006b41  __aeabi_errno_addr            
000068a9  __aeabi_f2d                   
00006979  __aeabi_i2d                   
00004fa7  __aeabi_idiv0                 
00004fa7  __aeabi_ldiv0                 
00006305  __aeabi_memclr                
00006305  __aeabi_memclr4               
00006305  __aeabi_memclr8               
000060c7  __aeabi_memcpy                
000060c7  __aeabi_memcpy4               
000060c7  __aeabi_memcpy8               
00006307  __aeabi_memset                
00006307  __aeabi_memset4               
00006307  __aeabi_memset8               
00006163  __aeabi_uldivmod              
ffffffff  __binit__                     
ffffffff  __c_args__                    
0000511d  __kernel_cos                  
000030a9  __kernel_rem_pio2             
00004fa9  __kernel_sin                  
UNDEFED   __mpu_init                    
20000270  __stack                       
20000000  __start___llvm_prf_cnts       
20000000  __stop___llvm_prf_cnts        
00006915  _c_int00_noargs               
00006cb0  _ctypes_                      
20000f1c  _lock                         
000026d7  _nop                          
20000f34  _running                      
20000a70  _sys_memory                   
UNDEFED   _system_post_cinit            
00006b51  _system_pre_init              
20000edc  _timeout_ticks                
20000f20  _unlock                       
00006b55  abort                         
00005c3d  aligned_alloc                 
00006695  atoi                          
ffffffff  binit                         
00006871  calloc                        
00006a25  copysign                      
00006a25  copysignl                     
00004431  cyBOT_SERVO_cal               
000043bf  cyBOT_Scan                    
00004367  cyBOT_init_Scan               
20000f2c  cyBOT_scan_features           
00004359  cyBOT_scan_version            
20000f30  errno                         
20000ee0  fallingEdge                   
00005e39  floor                         
00005e39  floorl                        
00005f31  free                          
00006535  frexp                         
00006535  frexpl                        
20000000  g_pfnRAMVectors               
00000000  g_pfnVectors                  
0000177b  go_charge                     
00005ac3  ir_enableInterrupt            
00005aa5  ir_getDistance                
00005a7d  ir_getValue                   
00005a15  ir_init                       
20000ef8  isRisingEdge                  
20000ee4  isr_int_value                 
00006aff  lcd_clear                     
00003f95  lcd_gotoLine                  
00003dfd  lcd_init                      
00003ffb  lcd_printf                    
00003ebd  lcd_putc                      
00003ef5  lcd_puts                      
00003dc1  lcd_reverseNibble             
00003f13  lcd_sendCommand               
00003f51  lcd_sendNibble                
00003fbd  lcd_setCursorPos              
00005b2d  ldexp                         
00005b2d  ldexpl                        
20000ee8  left_calibration_value        
0000026d  main                          
00006b49  malloc                        
00005c3d  memalign                      
00006a09  memccpy                       
000060c7  memcpy                        
0000630d  memset                        
20000efc  motor_cal_factor_L            
20000f00  motor_cal_factor_R            
000048eb  move_backwards                
00004801  move_forward                  
00001069  oi_alloc                      
000018a5  oi_checkFirmware              
000010c3  oi_close                      
00001075  oi_free                       
00001be9  oi_getMotorCalibrationLeft    
00001bfd  oi_getMotorCalibrationRight   
000010ad  oi_init                       
00001085  oi_init_noupdate              
00001711  oi_loadSong                   
00006a6f  oi_parseInt                   
00001127  oi_parsePacket                
00001767  oi_play_song                  
00001647  oi_setLeds                    
00001bad  oi_setMotorCalibration        
0000168b  oi_setWheels                  
0000194d  oi_shutoff_init               
00001789  oi_uartInit                   
0000182d  oi_uartReceive                
00001873  oi_uartSendBuff               
00001811  oi_uartSendChar               
00001855  oi_uartSendStr                
000010d5  oi_update                     
00004b77  ping_getDistance              
00004a35  ping_init                     
00004abb  ping_trigger                  
000026d9  pow                           
000026d9  powl                          
20000eec  pulseLength                   
20000ef0  right_calibration_value       
20000ef4  risingEdge                    
00005b2d  scalbn                        
00005b2d  scalbnl                       
0000528d  servo_init                    
0000531d  servo_move                    
0000537d  servo_setPWM                  
00005311  servo_stop                    
000037e1  sin                           
000037e1  sinl                          
000067b1  sprintf                       
000053e5  sqrt                          
000053e5  sqrtl                         
00006a9f  strchr                        
00006a87  strcmp                        
00006ab5  strcpy                        
00006ac9  strlen                        
000046d7  timer_getMicros               
0000467f  timer_getMillis               
000045b9  timer_init                    
0000465b  timer_pause                   
0000466d  timer_resume                  
00004631  timer_stop                    
00004731  timer_waitMicros              
00004763  timer_waitMillis              
000049a9  turn_cclockwise               
00004945  turn_clockwise                
0000553d  uart_init                     
000055ff  uart_interrupt_handler        
000055df  uart_interrupt_init           
000055cb  uart_receive                  
000055af  uart_sendChar                 
000067f1  vsnprintf                     
00006add  wcslen                        


GLOBAL SYMBOLS: SORTED BY Symbol Address 

address   name                          
-------   ----                          
00000000  __TI_static_base__            
00000000  g_pfnVectors                  
0000026d  main                          
00000400  __SYSMEM_SIZE                 
00000800  __STACK_SIZE                  
00001069  oi_alloc                      
00001075  oi_free                       
00001085  oi_init_noupdate              
000010ad  oi_init                       
000010c3  oi_close                      
000010d5  oi_update                     
00001127  oi_parsePacket                
00001647  oi_setLeds                    
0000168b  oi_setWheels                  
00001711  oi_loadSong                   
00001767  oi_play_song                  
0000177b  go_charge                     
00001789  oi_uartInit                   
00001811  oi_uartSendChar               
0000182d  oi_uartReceive                
00001855  oi_uartSendStr                
00001873  oi_uartSendBuff               
000018a5  oi_checkFirmware              
0000194d  oi_shutoff_init               
000019bf  GPIOF_Handler                 
00001bad  oi_setMotorCalibration        
00001be9  oi_getMotorCalibrationLeft    
00001bfd  oi_getMotorCalibrationRight   
00001c89  __TI_printfi                  
000026d7  _nop                          
000026d9  pow                           
000026d9  powl                          
000030a9  __kernel_rem_pio2             
000037e1  sin                           
000037e1  sinl                          
00003dc1  lcd_reverseNibble             
00003dfd  lcd_init                      
00003ebd  lcd_putc                      
00003ef5  lcd_puts                      
00003f13  lcd_sendCommand               
00003f51  lcd_sendNibble                
00003f95  lcd_gotoLine                  
00003fbd  lcd_setCursorPos              
00003ffb  lcd_printf                    
00004359  cyBOT_scan_version            
00004367  cyBOT_init_Scan               
000043bf  cyBOT_Scan                    
00004431  cyBOT_SERVO_cal               
000045b9  timer_init                    
00004631  timer_stop                    
0000465b  timer_pause                   
0000466d  timer_resume                  
0000467f  timer_getMillis               
000046d7  timer_getMicros               
00004731  timer_waitMicros              
00004763  timer_waitMillis              
00004801  move_forward                  
000048eb  move_backwards                
00004945  turn_clockwise                
000049a9  turn_cclockwise               
00004a35  ping_init                     
00004abb  ping_trigger                  
00004b25  TIMER3B_Handler               
00004b77  ping_getDistance              
00004df1  __aeabi_dsub                  
00004dfb  __aeabi_dadd                  
00004fa7  __aeabi_idiv0                 
00004fa7  __aeabi_ldiv0                 
00004fa9  __kernel_sin                  
0000511d  __kernel_cos                  
0000528d  servo_init                    
00005311  servo_stop                    
0000531d  servo_move                    
0000537d  servo_setPWM                  
000053e5  sqrt                          
000053e5  sqrtl                         
0000553d  uart_init                     
000055af  uart_sendChar                 
000055cb  uart_receive                  
000055df  uart_interrupt_init           
000055ff  uart_interrupt_handler        
000057b9  __aeabi_ddiv                  
00005a15  ir_init                       
00005a7d  ir_getValue                   
00005aa5  ir_getDistance                
00005aad  ADC0SS0_Handler               
00005ac3  ir_enableInterrupt            
00005b2d  ldexp                         
00005b2d  ldexpl                        
00005b2d  scalbn                        
00005b2d  scalbnl                       
00005c3d  aligned_alloc                 
00005c3d  memalign                      
00005d3d  __aeabi_dmul                  
00005e39  floor                         
00005e39  floorl                        
00005f31  free                          
000060c7  __aeabi_memcpy                
000060c7  __aeabi_memcpy4               
000060c7  __aeabi_memcpy8               
000060c7  memcpy                        
00006163  __aeabi_uldivmod              
000061f9  __aeabi_cdcmpeq               
000061f9  __aeabi_cdcmple               
0000627f  __aeabi_cdrcmple              
00006305  __aeabi_memclr                
00006305  __aeabi_memclr4               
00006305  __aeabi_memclr8               
00006307  __aeabi_memset                
00006307  __aeabi_memset4               
00006307  __aeabi_memset8               
0000630d  memset                        
0000645f  __aeabi_d2f                   
000064cd  __TI_decompress_lzss          
00006535  frexp                         
00006535  frexpl                        
000065ef  __TI_ltoa                     
00006695  atoi                          
000066e1  __aeabi_d2iz                  
00006729  __TI_auto_init_nobinit_nopinit
0000676d  __aeabi_d2uiz                 
000067b1  sprintf                       
000067f1  vsnprintf                     
00006871  calloc                        
000068a9  __aeabi_f2d                   
000068e1  IntRegister                   
00006915  _c_int00_noargs               
00006979  __aeabi_i2d                   
000069d1  __TI_zero_init_nomemset       
00006a09  memccpy                       
00006a25  copysign                      
00006a25  copysignl                     
00006a6f  oi_parseInt                   
00006a87  strcmp                        
00006a9f  strchr                        
00006ab5  strcpy                        
00006ac9  strlen                        
00006add  wcslen                        
00006aef  IntMasterEnable               
00006aff  lcd_clear                     
00006b0f  __TI_decompress_none          
00006b1d  CPUcpsie                      
00006b29  ResetISR                      
00006b41  __aeabi_errno_addr            
00006b49  malloc                        
00006b51  _system_pre_init              
00006b55  C$$EXIT                       
00006b55  abort                         
00006cb0  _ctypes_                      
00006e18  __TI_Handler_Table_Base       
00006e24  __TI_Handler_Table_Limit      
00006e38  __TI_CINIT_Base               
00006e50  __TI_CINIT_Limit              
20000000  __start___llvm_prf_cnts       
20000000  __stop___llvm_prf_cnts        
20000000  g_pfnRAMVectors               
20000270  __stack                       
20000470  __STACK_TOP                   
20000a70  __STACK_END                   
20000a70  _sys_memory                   
20000edc  _timeout_ticks                
20000ee0  fallingEdge                   
20000ee4  isr_int_value                 
20000ee8  left_calibration_value        
20000eec  pulseLength                   
20000ef0  right_calibration_value       
20000ef4  risingEdge                    
20000ef8  isRisingEdge                  
20000efc  motor_cal_factor_L            
20000f00  motor_cal_factor_R            
20000f1c  _lock                         
20000f20  _unlock                       
20000f2c  cyBOT_scan_features           
20000f30  errno                         
20000f34  _running                      
ffffffff  __TI_pprof_out_hndl           
ffffffff  __TI_prof_data_size           
ffffffff  __TI_prof_data_start          
ffffffff  __binit__                     
ffffffff  __c_args__                    
ffffffff  binit                         
UNDEFED   __mpu_init                    
UNDEFED   _system_post_cinit            

[183 symbols]
