<?xml version="1.0" encoding="ISO-8859-1" ?>
<link_info>
   <banner>TI ARM Linker PC v20.2.7.LTS</banner>
   <copyright>Copyright (c) 1996-2018 Texas Instruments Incorporated</copyright>
   <link_time>0x6719a81c</link_time>
   <link_errors>0x0</link_errors>
   <output_file>lab_7.out</output_file>
   <entry_point>
      <name>_c_int00_noargs</name>
      <address>0x6915</address>
   </entry_point>
   <input_file_list>
      <input_file id="fl-2">
         <path>.\</path>
         <kind>object</kind>
         <file>Timer.obj</file>
         <name>Timer.obj</name>
      </input_file>
      <input_file id="fl-3">
         <path>.\</path>
         <kind>object</kind>
         <file>lcd.obj</file>
         <name>lcd.obj</name>
      </input_file>
      <input_file id="fl-4">
         <path>.\</path>
         <kind>object</kind>
         <file>main.obj</file>
         <name>main.obj</name>
      </input_file>
      <input_file id="fl-5">
         <path>.\</path>
         <kind>object</kind>
         <file>movement.obj</file>
         <name>movement.obj</name>
      </input_file>
      <input_file id="fl-6">
         <path>.\</path>
         <kind>object</kind>
         <file>open_interface .obj</file>
         <name>open_interface .obj</name>
      </input_file>
      <input_file id="fl-7">
         <path>.\</path>
         <kind>object</kind>
         <file>tm4c123gh6pm_startup_ccs.obj</file>
         <name>tm4c123gh6pm_startup_ccs.obj</name>
      </input_file>
      <input_file id="fl-8">
         <path>.\</path>
         <kind>object</kind>
         <file>uart_extra_help.obj</file>
         <name>uart_extra_help.obj</name>
      </input_file>
      <input_file id="fl-e">
         <kind>object</kind>
         <file>&lt;internal&gt;</file>
         <name>&lt;internal&gt;</name>
      </input_file>
      <input_file id="fl-f">
         <path>..\</path>
         <kind>archive</kind>
         <file>libcybotScan.lib</file>
         <name>cyBot_Scan.obj</name>
      </input_file>
      <input_file id="fl-10">
         <path>..\</path>
         <kind>archive</kind>
         <file>libcybotScan.lib</file>
         <name>ir.obj</name>
      </input_file>
      <input_file id="fl-11">
         <path>..\</path>
         <kind>archive</kind>
         <file>libcybotScan.lib</file>
         <name>ping.obj</name>
      </input_file>
      <input_file id="fl-12">
         <path>..\</path>
         <kind>archive</kind>
         <file>libcybotScan.lib</file>
         <name>servo.obj</name>
      </input_file>
      <input_file id="fl-c8">
         <path>C:\ti\ccs1271\ccs\tools\compiler\ti-cgt-arm_20.2.7.LTS\lib\</path>
         <kind>archive</kind>
         <file>rtsv7M4_T_le_v4SPD16_eabi.lib</file>
         <name>e_pow.c.obj</name>
      </input_file>
      <input_file id="fl-c9">
         <path>C:\ti\ccs1271\ccs\tools\compiler\ti-cgt-arm_20.2.7.LTS\lib\</path>
         <kind>archive</kind>
         <file>rtsv7M4_T_le_v4SPD16_eabi.lib</file>
         <name>e_sqrt.c.obj</name>
      </input_file>
      <input_file id="fl-ca">
         <path>C:\ti\ccs1271\ccs\tools\compiler\ti-cgt-arm_20.2.7.LTS\lib\</path>
         <kind>archive</kind>
         <file>rtsv7M4_T_le_v4SPD16_eabi.lib</file>
         <name>s_scalbn.c.obj</name>
      </input_file>
      <input_file id="fl-cb">
         <path>C:\ti\ccs1271\ccs\tools\compiler\ti-cgt-arm_20.2.7.LTS\lib\</path>
         <kind>archive</kind>
         <file>rtsv7M4_T_le_v4SPD16_eabi.lib</file>
         <name>s_sin.c.obj</name>
      </input_file>
      <input_file id="fl-cc">
         <path>C:\ti\ccs1271\ccs\tools\compiler\ti-cgt-arm_20.2.7.LTS\lib\</path>
         <kind>archive</kind>
         <file>rtsv7M4_T_le_v4SPD16_eabi.lib</file>
         <name>sprintf.c.obj</name>
      </input_file>
      <input_file id="fl-cd">
         <path>C:\ti\ccs1271\ccs\tools\compiler\ti-cgt-arm_20.2.7.LTS\lib\</path>
         <kind>archive</kind>
         <file>rtsv7M4_T_le_v4SPD16_eabi.lib</file>
         <name>vsnprintf.c.obj</name>
      </input_file>
      <input_file id="fl-ce">
         <path>C:\ti\ccs1271\ccs\tools\compiler\ti-cgt-arm_20.2.7.LTS\lib\</path>
         <kind>archive</kind>
         <file>rtsv7M4_T_le_v4SPD16_eabi.lib</file>
         <name>fd_add_t2.asm.obj</name>
      </input_file>
      <input_file id="fl-cf">
         <path>C:\ti\ccs1271\ccs\tools\compiler\ti-cgt-arm_20.2.7.LTS\lib\</path>
         <kind>archive</kind>
         <file>rtsv7M4_T_le_v4SPD16_eabi.lib</file>
         <name>fd_cmp_t2.asm.obj</name>
      </input_file>
      <input_file id="fl-d0">
         <path>C:\ti\ccs1271\ccs\tools\compiler\ti-cgt-arm_20.2.7.LTS\lib\</path>
         <kind>archive</kind>
         <file>rtsv7M4_T_le_v4SPD16_eabi.lib</file>
         <name>fd_div_t2.asm.obj</name>
      </input_file>
      <input_file id="fl-d1">
         <path>C:\ti\ccs1271\ccs\tools\compiler\ti-cgt-arm_20.2.7.LTS\lib\</path>
         <kind>archive</kind>
         <file>rtsv7M4_T_le_v4SPD16_eabi.lib</file>
         <name>fd_mul_t2.asm.obj</name>
      </input_file>
      <input_file id="fl-d2">
         <path>C:\ti\ccs1271\ccs\tools\compiler\ti-cgt-arm_20.2.7.LTS\lib\</path>
         <kind>archive</kind>
         <file>rtsv7M4_T_le_v4SPD16_eabi.lib</file>
         <name>fd_toi_t2.asm.obj</name>
      </input_file>
      <input_file id="fl-d3">
         <path>C:\ti\ccs1271\ccs\tools\compiler\ti-cgt-arm_20.2.7.LTS\lib\</path>
         <kind>archive</kind>
         <file>rtsv7M4_T_le_v4SPD16_eabi.lib</file>
         <name>fd_tos_t2.asm.obj</name>
      </input_file>
      <input_file id="fl-d4">
         <path>C:\ti\ccs1271\ccs\tools\compiler\ti-cgt-arm_20.2.7.LTS\lib\</path>
         <kind>archive</kind>
         <file>rtsv7M4_T_le_v4SPD16_eabi.lib</file>
         <name>fd_tou_t2.asm.obj</name>
      </input_file>
      <input_file id="fl-d5">
         <path>C:\ti\ccs1271\ccs\tools\compiler\ti-cgt-arm_20.2.7.LTS\lib\</path>
         <kind>archive</kind>
         <file>rtsv7M4_T_le_v4SPD16_eabi.lib</file>
         <name>fs_tod_t2.asm.obj</name>
      </input_file>
      <input_file id="fl-d6">
         <path>C:\ti\ccs1271\ccs\tools\compiler\ti-cgt-arm_20.2.7.LTS\lib\</path>
         <kind>archive</kind>
         <file>rtsv7M4_T_le_v4SPD16_eabi.lib</file>
         <name>i_tofd_t2.asm.obj</name>
      </input_file>
      <input_file id="fl-d7">
         <path>C:\ti\ccs1271\ccs\tools\compiler\ti-cgt-arm_20.2.7.LTS\lib\</path>
         <kind>archive</kind>
         <file>rtsv7M4_T_le_v4SPD16_eabi.lib</file>
         <name>memcpy_t2.asm.obj</name>
      </input_file>
      <input_file id="fl-d8">
         <path>C:\ti\ccs1271\ccs\tools\compiler\ti-cgt-arm_20.2.7.LTS\lib\</path>
         <kind>archive</kind>
         <file>rtsv7M4_T_le_v4SPD16_eabi.lib</file>
         <name>copy_zero_init.c.obj</name>
      </input_file>
      <input_file id="fl-d9">
         <path>C:\ti\ccs1271\ccs\tools\compiler\ti-cgt-arm_20.2.7.LTS\lib\</path>
         <kind>archive</kind>
         <file>rtsv7M4_T_le_v4SPD16_eabi.lib</file>
         <name>copy_decompress_none.c.obj</name>
      </input_file>
      <input_file id="fl-da">
         <path>C:\ti\ccs1271\ccs\tools\compiler\ti-cgt-arm_20.2.7.LTS\lib\</path>
         <kind>archive</kind>
         <file>rtsv7M4_T_le_v4SPD16_eabi.lib</file>
         <name>copy_decompress_lzss.c.obj</name>
      </input_file>
      <input_file id="fl-db">
         <path>C:\ti\ccs1271\ccs\tools\compiler\ti-cgt-arm_20.2.7.LTS\lib\</path>
         <kind>archive</kind>
         <file>rtsv7M4_T_le_v4SPD16_eabi.lib</file>
         <name>memory.c.obj</name>
      </input_file>
      <input_file id="fl-dc">
         <path>C:\ti\ccs1271\ccs\tools\compiler\ti-cgt-arm_20.2.7.LTS\lib\</path>
         <kind>archive</kind>
         <file>rtsv7M4_T_le_v4SPD16_eabi.lib</file>
         <name>strcmp.c.obj</name>
      </input_file>
      <input_file id="fl-dd">
         <path>C:\ti\ccs1271\ccs\tools\compiler\ti-cgt-arm_20.2.7.LTS\lib\</path>
         <kind>archive</kind>
         <file>rtsv7M4_T_le_v4SPD16_eabi.lib</file>
         <name>strcpy.c.obj</name>
      </input_file>
      <input_file id="fl-de">
         <path>C:\ti\ccs1271\ccs\tools\compiler\ti-cgt-arm_20.2.7.LTS\lib\</path>
         <kind>archive</kind>
         <file>rtsv7M4_T_le_v4SPD16_eabi.lib</file>
         <name>k_rem_pio2.c.obj</name>
      </input_file>
      <input_file id="fl-df">
         <path>C:\ti\ccs1271\ccs\tools\compiler\ti-cgt-arm_20.2.7.LTS\lib\</path>
         <kind>archive</kind>
         <file>rtsv7M4_T_le_v4SPD16_eabi.lib</file>
         <name>boot_cortex_m.c.obj</name>
      </input_file>
      <input_file id="fl-e0">
         <path>C:\ti\ccs1271\ccs\tools\compiler\ti-cgt-arm_20.2.7.LTS\lib\</path>
         <kind>archive</kind>
         <file>rtsv7M4_T_le_v4SPD16_eabi.lib</file>
         <name>errno.c.obj</name>
      </input_file>
      <input_file id="fl-e1">
         <path>C:\ti\ccs1271\ccs\tools\compiler\ti-cgt-arm_20.2.7.LTS\lib\</path>
         <kind>archive</kind>
         <file>rtsv7M4_T_le_v4SPD16_eabi.lib</file>
         <name>s_copysign.c.obj</name>
      </input_file>
      <input_file id="fl-e2">
         <path>C:\ti\ccs1271\ccs\tools\compiler\ti-cgt-arm_20.2.7.LTS\lib\</path>
         <kind>archive</kind>
         <file>rtsv7M4_T_le_v4SPD16_eabi.lib</file>
         <name>k_cos.c.obj</name>
      </input_file>
      <input_file id="fl-e3">
         <path>C:\ti\ccs1271\ccs\tools\compiler\ti-cgt-arm_20.2.7.LTS\lib\</path>
         <kind>archive</kind>
         <file>rtsv7M4_T_le_v4SPD16_eabi.lib</file>
         <name>k_sin.c.obj</name>
      </input_file>
      <input_file id="fl-e4">
         <path>C:\ti\ccs1271\ccs\tools\compiler\ti-cgt-arm_20.2.7.LTS\lib\</path>
         <kind>archive</kind>
         <file>rtsv7M4_T_le_v4SPD16_eabi.lib</file>
         <name>s_floor.c.obj</name>
      </input_file>
      <input_file id="fl-e5">
         <path>C:\ti\ccs1271\ccs\tools\compiler\ti-cgt-arm_20.2.7.LTS\lib\</path>
         <kind>archive</kind>
         <file>rtsv7M4_T_le_v4SPD16_eabi.lib</file>
         <name>_printfi.c.obj</name>
      </input_file>
      <input_file id="fl-e6">
         <path>C:\ti\ccs1271\ccs\tools\compiler\ti-cgt-arm_20.2.7.LTS\lib\</path>
         <kind>archive</kind>
         <file>rtsv7M4_T_le_v4SPD16_eabi.lib</file>
         <name>memset_t2.asm.obj</name>
      </input_file>
      <input_file id="fl-e7">
         <path>C:\ti\ccs1271\ccs\tools\compiler\ti-cgt-arm_20.2.7.LTS\lib\</path>
         <kind>archive</kind>
         <file>rtsv7M4_T_le_v4SPD16_eabi.lib</file>
         <name>ull_div_t2.asm.obj</name>
      </input_file>
      <input_file id="fl-e8">
         <path>C:\ti\ccs1271\ccs\tools\compiler\ti-cgt-arm_20.2.7.LTS\lib\</path>
         <kind>archive</kind>
         <file>rtsv7M4_T_le_v4SPD16_eabi.lib</file>
         <name>autoinit.c.obj</name>
      </input_file>
      <input_file id="fl-e9">
         <path>C:\ti\ccs1271\ccs\tools\compiler\ti-cgt-arm_20.2.7.LTS\lib\</path>
         <kind>archive</kind>
         <file>rtsv7M4_T_le_v4SPD16_eabi.lib</file>
         <name>pre_init.c.obj</name>
      </input_file>
      <input_file id="fl-ea">
         <path>C:\ti\ccs1271\ccs\tools\compiler\ti-cgt-arm_20.2.7.LTS\lib\</path>
         <kind>archive</kind>
         <file>rtsv7M4_T_le_v4SPD16_eabi.lib</file>
         <name>cpy_tbl.c.obj</name>
      </input_file>
      <input_file id="fl-eb">
         <path>C:\ti\ccs1271\ccs\tools\compiler\ti-cgt-arm_20.2.7.LTS\lib\</path>
         <kind>archive</kind>
         <file>rtsv7M4_T_le_v4SPD16_eabi.lib</file>
         <name>exit.c.obj</name>
      </input_file>
      <input_file id="fl-ec">
         <path>C:\ti\ccs1271\ccs\tools\compiler\ti-cgt-arm_20.2.7.LTS\lib\</path>
         <kind>archive</kind>
         <file>rtsv7M4_T_le_v4SPD16_eabi.lib</file>
         <name>_lock.c.obj</name>
      </input_file>
      <input_file id="fl-ed">
         <path>C:\ti\ccs1271\ccs\tools\compiler\ti-cgt-arm_20.2.7.LTS\lib\</path>
         <kind>archive</kind>
         <file>rtsv7M4_T_le_v4SPD16_eabi.lib</file>
         <name>_ltoa.c.obj</name>
      </input_file>
      <input_file id="fl-ee">
         <path>C:\ti\ccs1271\ccs\tools\compiler\ti-cgt-arm_20.2.7.LTS\lib\</path>
         <kind>archive</kind>
         <file>rtsv7M4_T_le_v4SPD16_eabi.lib</file>
         <name>args_main.c.obj</name>
      </input_file>
      <input_file id="fl-ef">
         <path>C:\ti\ccs1271\ccs\tools\compiler\ti-cgt-arm_20.2.7.LTS\lib\</path>
         <kind>archive</kind>
         <file>rtsv7M4_T_le_v4SPD16_eabi.lib</file>
         <name>atoi.c.obj</name>
      </input_file>
      <input_file id="fl-f0">
         <path>C:\ti\ccs1271\ccs\tools\compiler\ti-cgt-arm_20.2.7.LTS\lib\</path>
         <kind>archive</kind>
         <file>rtsv7M4_T_le_v4SPD16_eabi.lib</file>
         <name>ctype.c.obj</name>
      </input_file>
      <input_file id="fl-f1">
         <path>C:\ti\ccs1271\ccs\tools\compiler\ti-cgt-arm_20.2.7.LTS\lib\</path>
         <kind>archive</kind>
         <file>rtsv7M4_T_le_v4SPD16_eabi.lib</file>
         <name>memccpy.c.obj</name>
      </input_file>
      <input_file id="fl-f2">
         <path>C:\ti\ccs1271\ccs\tools\compiler\ti-cgt-arm_20.2.7.LTS\lib\</path>
         <kind>archive</kind>
         <file>rtsv7M4_T_le_v4SPD16_eabi.lib</file>
         <name>strchr.c.obj</name>
      </input_file>
      <input_file id="fl-f3">
         <path>C:\ti\ccs1271\ccs\tools\compiler\ti-cgt-arm_20.2.7.LTS\lib\</path>
         <kind>archive</kind>
         <file>rtsv7M4_T_le_v4SPD16_eabi.lib</file>
         <name>strlen.c.obj</name>
      </input_file>
      <input_file id="fl-f4">
         <path>C:\ti\ccs1271\ccs\tools\compiler\ti-cgt-arm_20.2.7.LTS\lib\</path>
         <kind>archive</kind>
         <file>rtsv7M4_T_le_v4SPD16_eabi.lib</file>
         <name>wcslen.c.obj</name>
      </input_file>
      <input_file id="fl-f5">
         <path>C:\ti\ccs1271\ccs\tools\compiler\ti-cgt-arm_20.2.7.LTS\lib\</path>
         <kind>archive</kind>
         <file>rtsv7M4_T_le_v4SPD16_eabi.lib</file>
         <name>s_frexp.c.obj</name>
      </input_file>
      <input_file id="fl-f6">
         <path>C:\ti\ccs1271\ccs\tools\compiler\ti-cgt-arm_20.2.7.LTS\lib\</path>
         <kind>archive</kind>
         <file>rtsv7M4_T_le_v4SPD16_eabi.lib</file>
         <name>div0.asm.obj</name>
      </input_file>
      <input_file id="fl-f7">
         <path>C:\ti\TivaWare_C_Series-2.2.0.295\driverlib\ccs\Debug\</path>
         <kind>archive</kind>
         <file>driverlib.lib</file>
         <name>interrupt.obj</name>
      </input_file>
      <input_file id="fl-f8">
         <path>C:\ti\TivaWare_C_Series-2.2.0.295\driverlib\ccs\Debug\</path>
         <kind>archive</kind>
         <file>driverlib.lib</file>
         <name>cpu.obj</name>
      </input_file>
   </input_file_list>
   <object_component_list>
      <object_component id="oc-12">
         <name>.intvecs</name>
         <load_address>0x0</load_address>
         <run_address>0x0</run_address>
         <size>0x26c</size>
         <input_file_ref idref="fl-7"/>
      </object_component>
      <object_component id="oc-a2">
         <name>.text</name>
         <load_address>0x26c</load_address>
         <run_address>0x26c</run_address>
         <size>0xdfc</size>
         <input_file_ref idref="fl-4"/>
      </object_component>
      <object_component id="oc-e3">
         <name>.text</name>
         <load_address>0x1068</load_address>
         <run_address>0x1068</run_address>
         <size>0xc20</size>
         <input_file_ref idref="fl-6"/>
      </object_component>
      <object_component id="oc-205">
         <name>.text:__TI_printfi</name>
         <load_address>0x1c88</load_address>
         <run_address>0x1c88</run_address>
         <size>0xa4e</size>
         <input_file_ref idref="fl-e5"/>
      </object_component>
      <object_component id="oc-357">
         <name>.text:_nop</name>
         <load_address>0x26d6</load_address>
         <run_address>0x26d6</run_address>
         <size>0x2</size>
         <input_file_ref idref="fl-ec"/>
      </object_component>
      <object_component id="oc-117">
         <name>.text:pow</name>
         <load_address>0x26d8</load_address>
         <run_address>0x26d8</run_address>
         <size>0x9d0</size>
         <input_file_ref idref="fl-c8"/>
      </object_component>
      <object_component id="oc-24b">
         <name>.text:__kernel_rem_pio2</name>
         <load_address>0x30a8</load_address>
         <run_address>0x30a8</run_address>
         <size>0x738</size>
         <input_file_ref idref="fl-de"/>
      </object_component>
      <object_component id="oc-127">
         <name>.text:sin</name>
         <load_address>0x37e0</load_address>
         <run_address>0x37e0</run_address>
         <size>0x5e0</size>
         <input_file_ref idref="fl-cb"/>
      </object_component>
      <object_component id="oc-dd">
         <name>.text</name>
         <load_address>0x3dc0</load_address>
         <run_address>0x3dc0</run_address>
         <size>0x328</size>
         <input_file_ref idref="fl-3"/>
      </object_component>
      <object_component id="oc-300">
         <name>.text:_pconv_a</name>
         <load_address>0x40e8</load_address>
         <run_address>0x40e8</run_address>
         <size>0x270</size>
         <input_file_ref idref="fl-e5"/>
      </object_component>
      <object_component id="oc-ef">
         <name>.text</name>
         <load_address>0x4358</load_address>
         <run_address>0x4358</run_address>
         <size>0x260</size>
         <input_file_ref idref="fl-f"/>
      </object_component>
      <object_component id="oc-d7">
         <name>.text</name>
         <load_address>0x45b8</load_address>
         <run_address>0x45b8</run_address>
         <size>0x248</size>
         <input_file_ref idref="fl-2"/>
      </object_component>
      <object_component id="oc-132">
         <name>.text</name>
         <load_address>0x4800</load_address>
         <run_address>0x4800</run_address>
         <size>0x234</size>
         <input_file_ref idref="fl-5"/>
      </object_component>
      <object_component id="oc-1dd">
         <name>.text</name>
         <load_address>0x4a34</load_address>
         <run_address>0x4a34</run_address>
         <size>0x1ec</size>
         <input_file_ref idref="fl-11"/>
      </object_component>
      <object_component id="oc-2ee">
         <name>.text:_pconv_g</name>
         <load_address>0x4c20</load_address>
         <run_address>0x4c20</run_address>
         <size>0x1d0</size>
         <input_file_ref idref="fl-e5"/>
      </object_component>
      <object_component id="oc-1c1">
         <name>.text</name>
         <load_address>0x4df0</load_address>
         <run_address>0x4df0</run_address>
         <size>0x1b6</size>
         <input_file_ref idref="fl-ce"/>
      </object_component>
      <object_component id="oc-424">
         <name>.text</name>
         <load_address>0x4fa6</load_address>
         <run_address>0x4fa6</run_address>
         <size>0x2</size>
         <input_file_ref idref="fl-f6"/>
      </object_component>
      <object_component id="oc-245">
         <name>.text:__kernel_sin</name>
         <load_address>0x4fa8</load_address>
         <run_address>0x4fa8</run_address>
         <size>0x174</size>
         <input_file_ref idref="fl-e3"/>
      </object_component>
      <object_component id="oc-251">
         <name>.text:__kernel_cos</name>
         <load_address>0x511c</load_address>
         <run_address>0x511c</run_address>
         <size>0x170</size>
         <input_file_ref idref="fl-e2"/>
      </object_component>
      <object_component id="oc-1d7">
         <name>.text</name>
         <load_address>0x528c</load_address>
         <run_address>0x528c</run_address>
         <size>0x158</size>
         <input_file_ref idref="fl-12"/>
      </object_component>
      <object_component id="oc-21c">
         <name>.text:sqrt</name>
         <load_address>0x53e4</load_address>
         <run_address>0x53e4</run_address>
         <size>0x158</size>
         <input_file_ref idref="fl-c9"/>
      </object_component>
      <object_component id="oc-e9">
         <name>.text</name>
         <load_address>0x553c</load_address>
         <run_address>0x553c</run_address>
         <size>0x140</size>
         <input_file_ref idref="fl-8"/>
      </object_component>
      <object_component id="oc-2fa">
         <name>.text:_pconv_e</name>
         <load_address>0x567c</load_address>
         <run_address>0x567c</run_address>
         <size>0x13c</size>
         <input_file_ref idref="fl-e5"/>
      </object_component>
      <object_component id="oc-112">
         <name>.text</name>
         <load_address>0x57b8</load_address>
         <run_address>0x57b8</run_address>
         <size>0x136</size>
         <input_file_ref idref="fl-d0"/>
      </object_component>
      <object_component id="oc-3bd">
         <name>.text:fcvt</name>
         <load_address>0x58f0</load_address>
         <run_address>0x58f0</run_address>
         <size>0x124</size>
         <input_file_ref idref="fl-e5"/>
      </object_component>
      <object_component id="oc-1e3">
         <name>.text</name>
         <load_address>0x5a14</load_address>
         <run_address>0x5a14</run_address>
         <size>0x118</size>
         <input_file_ref idref="fl-10"/>
      </object_component>
      <object_component id="oc-235">
         <name>.text:scalbn</name>
         <load_address>0x5b2c</load_address>
         <run_address>0x5b2c</run_address>
         <size>0x110</size>
         <input_file_ref idref="fl-ca"/>
      </object_component>
      <object_component id="oc-38c">
         <name>.text:aligned_alloc</name>
         <load_address>0x5c3c</load_address>
         <run_address>0x5c3c</run_address>
         <size>0x100</size>
         <input_file_ref idref="fl-db"/>
      </object_component>
      <object_component id="oc-122">
         <name>.text</name>
         <load_address>0x5d3c</load_address>
         <run_address>0x5d3c</run_address>
         <size>0xfc</size>
         <input_file_ref idref="fl-d1"/>
      </object_component>
      <object_component id="oc-343">
         <name>.text:floor</name>
         <load_address>0x5e38</load_address>
         <run_address>0x5e38</run_address>
         <size>0xf8</size>
         <input_file_ref idref="fl-e4"/>
      </object_component>
      <object_component id="oc-1ab">
         <name>.text:free</name>
         <load_address>0x5f30</load_address>
         <run_address>0x5f30</run_address>
         <size>0xe4</size>
         <input_file_ref idref="fl-db"/>
      </object_component>
      <object_component id="oc-2e8">
         <name>.text:_ltostr</name>
         <load_address>0x6014</load_address>
         <run_address>0x6014</run_address>
         <size>0xb1</size>
         <input_file_ref idref="fl-e5"/>
      </object_component>
      <object_component id="oc-3e">
         <name>.text</name>
         <load_address>0x60c6</load_address>
         <run_address>0x60c6</run_address>
         <size>0x9c</size>
         <input_file_ref idref="fl-d7"/>
      </object_component>
      <object_component id="oc-3a4">
         <name>.text</name>
         <load_address>0x6162</load_address>
         <run_address>0x6162</run_address>
         <size>0x96</size>
         <input_file_ref idref="fl-e7"/>
      </object_component>
      <object_component id="oc-22b">
         <name>.text:__aeabi_cdcmple</name>
         <load_address>0x61f8</load_address>
         <run_address>0x61f8</run_address>
         <size>0x86</size>
         <input_file_ref idref="fl-cf"/>
      </object_component>
      <object_component id="oc-230">
         <name>.text:__aeabi_cdrcmple</name>
         <load_address>0x627e</load_address>
         <run_address>0x627e</run_address>
         <size>0x86</size>
         <input_file_ref idref="fl-cf"/>
      </object_component>
      <object_component id="oc-96">
         <name>.text</name>
         <load_address>0x6304</load_address>
         <run_address>0x6304</run_address>
         <size>0x7a</size>
         <input_file_ref idref="fl-e6"/>
      </object_component>
      <object_component id="oc-414">
         <name>.text:split</name>
         <load_address>0x6380</load_address>
         <run_address>0x6380</run_address>
         <size>0x70</size>
         <input_file_ref idref="fl-db"/>
      </object_component>
      <object_component id="oc-3b6">
         <name>.text:_mcpy</name>
         <load_address>0x63f0</load_address>
         <run_address>0x63f0</run_address>
         <size>0x6e</size>
         <input_file_ref idref="fl-e5"/>
      </object_component>
      <object_component id="oc-11d">
         <name>.text</name>
         <load_address>0x645e</load_address>
         <run_address>0x645e</run_address>
         <size>0x6e</size>
         <input_file_ref idref="fl-d3"/>
      </object_component>
      <object_component id="oc-15">
         <name>.text:decompress:lzss:__TI_decompress_lzss</name>
         <load_address>0x64cc</load_address>
         <run_address>0x64cc</run_address>
         <size>0x68</size>
         <input_file_ref idref="fl-da"/>
      </object_component>
      <object_component id="oc-3cb">
         <name>.text:frexp</name>
         <load_address>0x6534</load_address>
         <run_address>0x6534</run_address>
         <size>0x64</size>
         <input_file_ref idref="fl-f5"/>
      </object_component>
      <object_component id="oc-2f4">
         <name>.text:_pconv_f</name>
         <load_address>0x6598</load_address>
         <run_address>0x6598</run_address>
         <size>0x56</size>
         <input_file_ref idref="fl-e5"/>
      </object_component>
      <object_component id="oc-3aa">
         <name>.text:__TI_ltoa</name>
         <load_address>0x65ee</load_address>
         <run_address>0x65ee</run_address>
         <size>0x54</size>
         <input_file_ref idref="fl-ed"/>
      </object_component>
      <object_component id="oc-3b0">
         <name>.text:_ecpy</name>
         <load_address>0x6642</load_address>
         <run_address>0x6642</run_address>
         <size>0x52</size>
         <input_file_ref idref="fl-e5"/>
      </object_component>
      <object_component id="oc-2e2">
         <name>.text:atoi</name>
         <load_address>0x6694</load_address>
         <run_address>0x6694</run_address>
         <size>0x4c</size>
         <input_file_ref idref="fl-ef"/>
      </object_component>
      <object_component id="oc-12d">
         <name>.text</name>
         <load_address>0x66e0</load_address>
         <run_address>0x66e0</run_address>
         <size>0x48</size>
         <input_file_ref idref="fl-d2"/>
      </object_component>
      <object_component id="oc-14a">
         <name>.text:__TI_auto_init_nobinit_nopinit:__TI_auto_init_nobinit_nopinit</name>
         <load_address>0x6728</load_address>
         <run_address>0x6728</run_address>
         <size>0x44</size>
         <input_file_ref idref="fl-e8"/>
      </object_component>
      <object_component id="oc-1d1">
         <name>.text</name>
         <load_address>0x676c</load_address>
         <run_address>0x676c</run_address>
         <size>0x44</size>
         <input_file_ref idref="fl-d4"/>
      </object_component>
      <object_component id="oc-102">
         <name>.text:sprintf</name>
         <load_address>0x67b0</load_address>
         <run_address>0x67b0</run_address>
         <size>0x40</size>
         <input_file_ref idref="fl-cc"/>
      </object_component>
      <object_component id="oc-189">
         <name>.text:vsnprintf</name>
         <load_address>0x67f0</load_address>
         <run_address>0x67f0</run_address>
         <size>0x40</size>
         <input_file_ref idref="fl-cd"/>
      </object_component>
      <object_component id="oc-3c3">
         <name>.text:_fcpy</name>
         <load_address>0x6830</load_address>
         <run_address>0x6830</run_address>
         <size>0x3e</size>
         <input_file_ref idref="fl-e5"/>
      </object_component>
      <object_component id="oc-1a5">
         <name>.text:calloc</name>
         <load_address>0x6870</load_address>
         <run_address>0x6870</run_address>
         <size>0x38</size>
         <input_file_ref idref="fl-db"/>
      </object_component>
      <object_component id="oc-108">
         <name>.text</name>
         <load_address>0x68a8</load_address>
         <run_address>0x68a8</run_address>
         <size>0x38</size>
         <input_file_ref idref="fl-d5"/>
      </object_component>
      <object_component id="oc-17e">
         <name>.text:IntRegister</name>
         <load_address>0x68e0</load_address>
         <run_address>0x68e0</run_address>
         <size>0x34</size>
         <input_file_ref idref="fl-f7"/>
      </object_component>
      <object_component id="oc-5c">
         <name>.text:_c_int00_noargs:_c_int00_noargs</name>
         <load_address>0x6914</load_address>
         <run_address>0x6914</run_address>
         <size>0x34</size>
         <input_file_ref idref="fl-df"/>
      </object_component>
      <object_component id="oc-288">
         <name>.text:_outs</name>
         <load_address>0x6948</load_address>
         <run_address>0x6948</run_address>
         <size>0x30</size>
         <input_file_ref idref="fl-cd"/>
      </object_component>
      <object_component id="oc-10d">
         <name>.text</name>
         <load_address>0x6978</load_address>
         <run_address>0x6978</run_address>
         <size>0x2e</size>
         <input_file_ref idref="fl-d6"/>
      </object_component>
      <object_component id="oc-2b8">
         <name>.text:free_list_insert</name>
         <load_address>0x69a8</load_address>
         <run_address>0x69a8</run_address>
         <size>0x28</size>
         <input_file_ref idref="fl-db"/>
      </object_component>
      <object_component id="oc-4a">
         <name>.text:decompress:ZI:__TI_zero_init_nomemset:__TI_zero_init_nomemset</name>
         <load_address>0x69d0</load_address>
         <run_address>0x69d0</run_address>
         <size>0x1c</size>
         <input_file_ref idref="fl-d8"/>
      </object_component>
      <object_component id="oc-2b2">
         <name>.text:free_list_remove</name>
         <load_address>0x69ec</load_address>
         <run_address>0x69ec</run_address>
         <size>0x1c</size>
         <input_file_ref idref="fl-db"/>
      </object_component>
      <object_component id="oc-306">
         <name>.text:memccpy</name>
         <load_address>0x6a08</load_address>
         <run_address>0x6a08</run_address>
         <size>0x1c</size>
         <input_file_ref idref="fl-f1"/>
      </object_component>
      <object_component id="oc-32d">
         <name>.text:copysign</name>
         <load_address>0x6a24</load_address>
         <run_address>0x6a24</run_address>
         <size>0x1a</size>
         <input_file_ref idref="fl-e1"/>
      </object_component>
      <object_component id="oc-28e">
         <name>.text:_outc</name>
         <load_address>0x6a3e</load_address>
         <run_address>0x6a3e</run_address>
         <size>0x18</size>
         <input_file_ref idref="fl-cd"/>
      </object_component>
      <object_component id="oc-20b">
         <name>.text:_outs</name>
         <load_address>0x6a56</load_address>
         <run_address>0x6a56</run_address>
         <size>0x18</size>
         <input_file_ref idref="fl-cc"/>
      </object_component>
      <object_component id="oc-1b1">
         <name>.text:oi_parseInt</name>
         <load_address>0x6a6e</load_address>
         <run_address>0x6a6e</run_address>
         <size>0x18</size>
         <input_file_ref idref="fl-6"/>
      </object_component>
      <object_component id="oc-18f">
         <name>.text:strcmp</name>
         <load_address>0x6a86</load_address>
         <run_address>0x6a86</run_address>
         <size>0x18</size>
         <input_file_ref idref="fl-dc"/>
      </object_component>
      <object_component id="oc-3d1">
         <name>.text:strchr</name>
         <load_address>0x6a9e</load_address>
         <run_address>0x6a9e</run_address>
         <size>0x16</size>
         <input_file_ref idref="fl-f2"/>
      </object_component>
      <object_component id="oc-195">
         <name>.text:strcpy</name>
         <load_address>0x6ab4</load_address>
         <run_address>0x6ab4</run_address>
         <size>0x14</size>
         <input_file_ref idref="fl-dd"/>
      </object_component>
      <object_component id="oc-2dc">
         <name>.text:strlen</name>
         <load_address>0x6ac8</load_address>
         <run_address>0x6ac8</run_address>
         <size>0x14</size>
         <input_file_ref idref="fl-f3"/>
      </object_component>
      <object_component id="oc-30c">
         <name>.text:wcslen</name>
         <load_address>0x6adc</load_address>
         <run_address>0x6adc</run_address>
         <size>0x12</size>
         <input_file_ref idref="fl-f4"/>
      </object_component>
      <object_component id="oc-1b8">
         <name>.text:IntMasterEnable</name>
         <load_address>0x6aee</load_address>
         <run_address>0x6aee</run_address>
         <size>0x10</size>
         <input_file_ref idref="fl-f7"/>
      </object_component>
      <object_component id="oc-fb">
         <name>.text:lcd_clear</name>
         <load_address>0x6afe</load_address>
         <run_address>0x6afe</run_address>
         <size>0x10</size>
         <input_file_ref idref="fl-3"/>
      </object_component>
      <object_component id="oc-1b">
         <name>.text:decompress:none:__TI_decompress_none</name>
         <load_address>0x6b0e</load_address>
         <run_address>0x6b0e</run_address>
         <size>0xe</size>
         <input_file_ref idref="fl-d9"/>
      </object_component>
      <object_component id="oc-2bf">
         <name>.text:CPUcpsie</name>
         <load_address>0x6b1c</load_address>
         <run_address>0x6b1c</run_address>
         <size>0xc</size>
         <input_file_ref idref="fl-f8"/>
      </object_component>
      <object_component id="oc-2a">
         <name>.text</name>
         <load_address>0x6b28</load_address>
         <run_address>0x6b28</run_address>
         <size>0xc</size>
         <input_file_ref idref="fl-7"/>
      </object_component>
      <object_component id="oc-211">
         <name>.text:_outc</name>
         <load_address>0x6b34</load_address>
         <run_address>0x6b34</run_address>
         <size>0xa</size>
         <input_file_ref idref="fl-cc"/>
      </object_component>
      <object_component id="oc-222">
         <name>.text:__aeabi_errno_addr</name>
         <load_address>0x6b40</load_address>
         <run_address>0x6b40</run_address>
         <size>0x8</size>
         <input_file_ref idref="fl-e0"/>
      </object_component>
      <object_component id="oc-2ab">
         <name>.text:malloc</name>
         <load_address>0x6b48</load_address>
         <run_address>0x6b48</run_address>
         <size>0x8</size>
         <input_file_ref idref="fl-db"/>
      </object_component>
      <object_component id="oc-9c">
         <name>.text:_system_pre_init</name>
         <load_address>0x6b50</load_address>
         <run_address>0x6b50</run_address>
         <size>0x4</size>
         <input_file_ref idref="fl-e9"/>
      </object_component>
      <object_component id="oc-13e">
         <name>.text:abort:abort</name>
         <load_address>0x6b54</load_address>
         <run_address>0x6b54</run_address>
         <size>0x4</size>
         <input_file_ref idref="fl-eb"/>
      </object_component>
      <object_component id="oc-349">
         <name>.const:$O1$$</name>
         <load_address>0x6b58</load_address>
         <run_address>0x6b58</run_address>
         <size>0x158</size>
         <input_file_ref idref="fl-de"/>
      </object_component>
      <object_component id="oc-39f">
         <name>.const:.string:_ctypes_</name>
         <load_address>0x6cb0</load_address>
         <run_address>0x6cb0</run_address>
         <size>0x101</size>
         <input_file_ref idref="fl-f0"/>
      </object_component>
      <object_component id="oc-19b">
         <name>.const:.string:lineAddress$1</name>
         <load_address>0x6db1</load_address>
         <run_address>0x6db1</run_address>
         <size>0x4</size>
         <input_file_ref idref="fl-3"/>
      </object_component>
      <object_component id="oc-228">
         <name>.const:$O1$$</name>
         <load_address>0x6db8</load_address>
         <run_address>0x6db8</run_address>
         <size>0x30</size>
         <input_file_ref idref="fl-c8"/>
      </object_component>
      <object_component id="oc-1c6">
         <name>.const:.string:$P$T0$3</name>
         <load_address>0x6de8</load_address>
         <run_address>0x6de8</run_address>
         <size>0xf</size>
         <input_file_ref idref="fl-6"/>
      </object_component>
      <object_component id="oc-19c">
         <name>.const:.string:lineAddresses$2</name>
         <load_address>0x6df7</load_address>
         <run_address>0x6df7</run_address>
         <size>0x4</size>
         <input_file_ref idref="fl-3"/>
      </object_component>
      <object_component id="oc-47a">
         <name>.cinit..data.load</name>
         <load_address>0x6e00</load_address>
         <run_address>0x6e00</run_address>
         <size>0x18</size>
      </object_component>
      <object_component id="oc-477">
         <name>__TI_handler_table</name>
         <load_address>0x6e18</load_address>
         <run_address>0x6e18</run_address>
         <size>0xc</size>
      </object_component>
      <object_component id="oc-47b">
         <name>.cinit..bss.load</name>
         <load_address>0x6e28</load_address>
         <run_address>0x6e28</run_address>
         <size>0x8</size>
      </object_component>
      <object_component id="oc-479">
         <name>.cinit..vtable.load</name>
         <load_address>0x6e30</load_address>
         <run_address>0x6e30</run_address>
         <size>0x8</size>
      </object_component>
      <object_component id="oc-478">
         <name>__TI_cinit_table</name>
         <load_address>0x6e38</load_address>
         <run_address>0x6e38</run_address>
         <size>0x18</size>
      </object_component>
      <object_component id="oc-27c">
         <name>.vtable</name>
         <uninitialized>true</uninitialized>
         <run_address>0x20000000</run_address>
         <size>0x26c</size>
         <input_file_ref idref="fl-f7"/>
      </object_component>
      <object_component id="oc-184">
         <name>.data</name>
         <load_address>0x20000f34</load_address>
         <run_address>0x20000f34</run_address>
         <size>0x1</size>
         <input_file_ref idref="fl-2"/>
      </object_component>
      <object_component id="oc-1be">
         <name>.data</name>
         <load_address>0x20000efc</load_address>
         <run_address>0x20000efc</run_address>
         <size>0x20</size>
         <input_file_ref idref="fl-6"/>
      </object_component>
      <object_component id="oc-1e9">
         <name>.data</name>
         <load_address>0x20000f2c</load_address>
         <run_address>0x20000f2c</run_address>
         <size>0x4</size>
         <input_file_ref idref="fl-f"/>
      </object_component>
      <object_component id="oc-393">
         <name>.data:$O1$$</name>
         <load_address>0x20000f24</load_address>
         <run_address>0x20000f24</run_address>
         <size>0x8</size>
         <input_file_ref idref="fl-db"/>
      </object_component>
      <object_component id="oc-324">
         <name>.data</name>
         <load_address>0x20000f30</load_address>
         <run_address>0x20000f30</run_address>
         <size>0x4</size>
         <input_file_ref idref="fl-e0"/>
      </object_component>
      <object_component id="oc-260">
         <name>.data:$O1$$</name>
         <load_address>0x20000f1c</load_address>
         <run_address>0x20000f1c</run_address>
         <size>0x8</size>
         <input_file_ref idref="fl-ec"/>
      </object_component>
      <object_component id="oc-19d">
         <name>.bss:lastbuffer$3</name>
         <uninitialized>true</uninitialized>
         <run_address>0x20000e70</run_address>
         <size>0x54</size>
         <input_file_ref idref="fl-3"/>
      </object_component>
      <object_component id="oc-1c9">
         <name>.bss:firmware$2</name>
         <uninitialized>true</uninitialized>
         <run_address>0x20000ec4</run_address>
         <size>0x18</size>
         <input_file_ref idref="fl-6"/>
      </object_component>
      <object_component id="oc-187">
         <name>.common:_timeout_ticks</name>
         <uninitialized>true</uninitialized>
         <run_address>0x20000edc</run_address>
         <size>0x4</size>
      </object_component>
      <object_component id="oc-f5">
         <name>.common:right_calibration_value</name>
         <uninitialized>true</uninitialized>
         <run_address>0x20000ef0</run_address>
         <size>0x4</size>
      </object_component>
      <object_component id="oc-fa">
         <name>.common:left_calibration_value</name>
         <uninitialized>true</uninitialized>
         <run_address>0x20000ee8</run_address>
         <size>0x4</size>
      </object_component>
      <object_component id="oc-2d6">
         <name>.common:isr_int_value</name>
         <uninitialized>true</uninitialized>
         <run_address>0x20000ee4</run_address>
         <size>0x4</size>
      </object_component>
      <object_component id="oc-2d2">
         <name>.common:risingEdge</name>
         <uninitialized>true</uninitialized>
         <run_address>0x20000ef4</run_address>
         <size>0x4</size>
      </object_component>
      <object_component id="oc-2d3">
         <name>.common:fallingEdge</name>
         <uninitialized>true</uninitialized>
         <run_address>0x20000ee0</run_address>
         <size>0x4</size>
      </object_component>
      <object_component id="oc-2d4">
         <name>.common:pulseLength</name>
         <uninitialized>true</uninitialized>
         <run_address>0x20000eec</run_address>
         <size>0x4</size>
      </object_component>
      <object_component id="oc-2cf">
         <name>.common:isRisingEdge</name>
         <uninitialized>true</uninitialized>
         <run_address>0x20000ef8</run_address>
         <size>0x1</size>
      </object_component>
      <object_component id="oc-24">
         <name>.sysmem</name>
         <uninitialized>true</uninitialized>
         <run_address>0x20000a70</run_address>
         <size>0x10</size>
         <input_file_ref idref="fl-db"/>
      </object_component>
      <object_component id="oc-47e">
         <name>.sysmem</name>
         <uninitialized>true</uninitialized>
         <run_address>0x20000a70</run_address>
         <size>0x0</size>
      </object_component>
      <object_component id="oc-27">
         <name>.stack</name>
         <uninitialized>true</uninitialized>
         <run_address>0x20000270</run_address>
         <size>0x4</size>
         <input_file_ref idref="fl-df"/>
      </object_component>
      <object_component id="oc-47d">
         <name>.stack</name>
         <uninitialized>true</uninitialized>
         <run_address>0x20000270</run_address>
         <size>0x0</size>
      </object_component>
      <object_component id="oc-c5">
         <name>.debug_info</name>
         <load_address>0x0</load_address>
         <run_address>0x0</run_address>
         <size>0x2a5</size>
         <input_file_ref idref="fl-2"/>
      </object_component>
      <object_component id="oc-185">
         <name>.debug_info</name>
         <load_address>0x2a5</load_address>
         <run_address>0x2a5</run_address>
         <size>0xb3</size>
         <input_file_ref idref="fl-2"/>
      </object_component>
      <object_component id="oc-d8">
         <name>.debug_info</name>
         <load_address>0x358</load_address>
         <run_address>0x358</run_address>
         <size>0x4fb</size>
         <input_file_ref idref="fl-2"/>
      </object_component>
      <object_component id="oc-77">
         <name>.debug_info</name>
         <load_address>0x853</load_address>
         <run_address>0x853</run_address>
         <size>0x26b</size>
         <input_file_ref idref="fl-2"/>
      </object_component>
      <object_component id="oc-39">
         <name>.debug_info</name>
         <load_address>0xabe</load_address>
         <run_address>0xabe</run_address>
         <size>0x84</size>
         <input_file_ref idref="fl-2"/>
      </object_component>
      <object_component id="oc-c0">
         <name>.debug_info</name>
         <load_address>0xb42</load_address>
         <run_address>0xb42</run_address>
         <size>0x2a4</size>
         <input_file_ref idref="fl-2"/>
      </object_component>
      <object_component id="oc-7c">
         <name>.debug_info</name>
         <load_address>0xde6</load_address>
         <run_address>0xde6</run_address>
         <size>0xbb</size>
         <input_file_ref idref="fl-2"/>
      </object_component>
      <object_component id="oc-19f">
         <name>.debug_info</name>
         <load_address>0xea1</load_address>
         <run_address>0xea1</run_address>
         <size>0x373</size>
         <input_file_ref idref="fl-3"/>
      </object_component>
      <object_component id="oc-fc">
         <name>.debug_info</name>
         <load_address>0x1214</load_address>
         <run_address>0x1214</run_address>
         <size>0x108</size>
         <input_file_ref idref="fl-3"/>
      </object_component>
      <object_component id="oc-de">
         <name>.debug_info</name>
         <load_address>0x131c</load_address>
         <run_address>0x131c</run_address>
         <size>0x894</size>
         <input_file_ref idref="fl-3"/>
      </object_component>
      <object_component id="oc-2a6">
         <name>.debug_info</name>
         <load_address>0x1bb0</load_address>
         <run_address>0x1bb0</run_address>
         <size>0xcc</size>
         <input_file_ref idref="fl-3"/>
      </object_component>
      <object_component id="oc-1a0">
         <name>.debug_info</name>
         <load_address>0x1c7c</load_address>
         <run_address>0x1c7c</run_address>
         <size>0x2c</size>
         <input_file_ref idref="fl-3"/>
      </object_component>
      <object_component id="oc-1fe">
         <name>.debug_info</name>
         <load_address>0x1ca8</load_address>
         <run_address>0x1ca8</run_address>
         <size>0x35</size>
         <input_file_ref idref="fl-3"/>
      </object_component>
      <object_component id="oc-f6">
         <name>.debug_info</name>
         <load_address>0x1cdd</load_address>
         <run_address>0x1cdd</run_address>
         <size>0x648</size>
         <input_file_ref idref="fl-4"/>
      </object_component>
      <object_component id="oc-a4">
         <name>.debug_info</name>
         <load_address>0x2325</load_address>
         <run_address>0x2325</run_address>
         <size>0x1be2</size>
         <input_file_ref idref="fl-4"/>
      </object_component>
      <object_component id="oc-139">
         <name>.debug_info</name>
         <load_address>0x3f07</load_address>
         <run_address>0x3f07</run_address>
         <size>0x9d</size>
         <input_file_ref idref="fl-4"/>
      </object_component>
      <object_component id="oc-1f4">
         <name>.debug_info</name>
         <load_address>0x3fa4</load_address>
         <run_address>0x3fa4</run_address>
         <size>0x5aa</size>
         <input_file_ref idref="fl-4"/>
      </object_component>
      <object_component id="oc-1f9">
         <name>.debug_info</name>
         <load_address>0x454e</load_address>
         <run_address>0x454e</run_address>
         <size>0x8c</size>
         <input_file_ref idref="fl-4"/>
      </object_component>
      <object_component id="oc-25b">
         <name>.debug_info</name>
         <load_address>0x45da</load_address>
         <run_address>0x45da</run_address>
         <size>0x2d4</size>
         <input_file_ref idref="fl-5"/>
      </object_component>
      <object_component id="oc-134">
         <name>.debug_info</name>
         <load_address>0x48ae</load_address>
         <run_address>0x48ae</run_address>
         <size>0x6f5</size>
         <input_file_ref idref="fl-5"/>
      </object_component>
      <object_component id="oc-1cb">
         <name>.debug_info</name>
         <load_address>0x4fa3</load_address>
         <run_address>0x4fa3</run_address>
         <size>0x3f1</size>
         <input_file_ref idref="fl-6"/>
      </object_component>
      <object_component id="oc-1bf">
         <name>.debug_info</name>
         <load_address>0x5394</load_address>
         <run_address>0x5394</run_address>
         <size>0x106</size>
         <input_file_ref idref="fl-6"/>
      </object_component>
      <object_component id="oc-1c7">
         <name>.debug_info</name>
         <load_address>0x549a</load_address>
         <run_address>0x549a</run_address>
         <size>0xbb</size>
         <input_file_ref idref="fl-6"/>
      </object_component>
      <object_component id="oc-1b2">
         <name>.debug_info</name>
         <load_address>0x5555</load_address>
         <run_address>0x5555</run_address>
         <size>0x135</size>
         <input_file_ref idref="fl-6"/>
      </object_component>
      <object_component id="oc-e4">
         <name>.debug_info</name>
         <load_address>0x568a</load_address>
         <run_address>0x568a</run_address>
         <size>0x19b1</size>
         <input_file_ref idref="fl-6"/>
      </object_component>
      <object_component id="oc-1cc">
         <name>.debug_info</name>
         <load_address>0x703b</load_address>
         <run_address>0x703b</run_address>
         <size>0x8b</size>
         <input_file_ref idref="fl-6"/>
      </object_component>
      <object_component id="oc-32">
         <name>.debug_info</name>
         <load_address>0x70c6</load_address>
         <run_address>0x70c6</run_address>
         <size>0x28f</size>
         <input_file_ref idref="fl-7"/>
      </object_component>
      <object_component id="oc-13">
         <name>.debug_info</name>
         <load_address>0x7355</load_address>
         <run_address>0x7355</run_address>
         <size>0xce</size>
         <input_file_ref idref="fl-7"/>
      </object_component>
      <object_component id="oc-2e">
         <name>.debug_info</name>
         <load_address>0x7423</load_address>
         <run_address>0x7423</run_address>
         <size>0x24a</size>
         <input_file_ref idref="fl-7"/>
      </object_component>
      <object_component id="oc-eb">
         <name>.debug_info</name>
         <load_address>0x766d</load_address>
         <run_address>0x766d</run_address>
         <size>0x318</size>
         <input_file_ref idref="fl-8"/>
      </object_component>
      <object_component id="oc-f8">
         <name>.debug_info</name>
         <load_address>0x7985</load_address>
         <run_address>0x7985</run_address>
         <size>0x485</size>
         <input_file_ref idref="fl-f"/>
      </object_component>
      <object_component id="oc-1ea">
         <name>.debug_info</name>
         <load_address>0x7e0a</load_address>
         <run_address>0x7e0a</run_address>
         <size>0x114</size>
         <input_file_ref idref="fl-f"/>
      </object_component>
      <object_component id="oc-f1">
         <name>.debug_info</name>
         <load_address>0x7f1e</load_address>
         <run_address>0x7f1e</run_address>
         <size>0x4ce</size>
         <input_file_ref idref="fl-f"/>
      </object_component>
      <object_component id="oc-1ed">
         <name>.debug_info</name>
         <load_address>0x83ec</load_address>
         <run_address>0x83ec</run_address>
         <size>0x9d</size>
         <input_file_ref idref="fl-f"/>
      </object_component>
      <object_component id="oc-2d7">
         <name>.debug_info</name>
         <load_address>0x8489</load_address>
         <run_address>0x8489</run_address>
         <size>0x2b7</size>
         <input_file_ref idref="fl-10"/>
      </object_component>
      <object_component id="oc-1e5">
         <name>.debug_info</name>
         <load_address>0x8740</load_address>
         <run_address>0x8740</run_address>
         <size>0x266</size>
         <input_file_ref idref="fl-10"/>
      </object_component>
      <object_component id="oc-2d0">
         <name>.debug_info</name>
         <load_address>0x89a6</load_address>
         <run_address>0x89a6</run_address>
         <size>0x3ba</size>
         <input_file_ref idref="fl-11"/>
      </object_component>
      <object_component id="oc-1de">
         <name>.debug_info</name>
         <load_address>0x8d60</load_address>
         <run_address>0x8d60</run_address>
         <size>0x270</size>
         <input_file_ref idref="fl-11"/>
      </object_component>
      <object_component id="oc-1da">
         <name>.debug_info</name>
         <load_address>0x8fd0</load_address>
         <run_address>0x8fd0</run_address>
         <size>0x296</size>
         <input_file_ref idref="fl-12"/>
      </object_component>
      <object_component id="oc-241">
         <name>.debug_info</name>
         <load_address>0x9266</load_address>
         <run_address>0x9266</run_address>
         <size>0x35e</size>
         <input_file_ref idref="fl-c8"/>
      </object_component>
      <object_component id="oc-229">
         <name>.debug_info</name>
         <load_address>0x95c4</load_address>
         <run_address>0x95c4</run_address>
         <size>0x128</size>
         <input_file_ref idref="fl-c8"/>
      </object_component>
      <object_component id="oc-11b">
         <name>.debug_info</name>
         <load_address>0x96ec</load_address>
         <run_address>0x96ec</run_address>
         <size>0xbf2</size>
         <input_file_ref idref="fl-c8"/>
      </object_component>
      <object_component id="oc-33a">
         <name>.debug_info</name>
         <load_address>0xa2de</load_address>
         <run_address>0xa2de</run_address>
         <size>0x46</size>
         <input_file_ref idref="fl-c8"/>
      </object_component>
      <object_component id="oc-23c">
         <name>.debug_info</name>
         <load_address>0xa324</load_address>
         <run_address>0xa324</run_address>
         <size>0x39</size>
         <input_file_ref idref="fl-c8"/>
      </object_component>
      <object_component id="oc-323">
         <name>.debug_info</name>
         <load_address>0xa35d</load_address>
         <run_address>0xa35d</run_address>
         <size>0x2c5</size>
         <input_file_ref idref="fl-c9"/>
      </object_component>
      <object_component id="oc-21f">
         <name>.debug_info</name>
         <load_address>0xa622</load_address>
         <run_address>0xa622</run_address>
         <size>0x24e</size>
         <input_file_ref idref="fl-c9"/>
      </object_component>
      <object_component id="oc-334">
         <name>.debug_info</name>
         <load_address>0xa870</load_address>
         <run_address>0xa870</run_address>
         <size>0x2f8</size>
         <input_file_ref idref="fl-ca"/>
      </object_component>
      <object_component id="oc-236">
         <name>.debug_info</name>
         <load_address>0xab68</load_address>
         <run_address>0xab68</run_address>
         <size>0x225</size>
         <input_file_ref idref="fl-ca"/>
      </object_component>
      <object_component id="oc-3f6">
         <name>.debug_info</name>
         <load_address>0xad8d</load_address>
         <run_address>0xad8d</run_address>
         <size>0x39</size>
         <input_file_ref idref="fl-ca"/>
      </object_component>
      <object_component id="oc-335">
         <name>.debug_info</name>
         <load_address>0xadc6</load_address>
         <run_address>0xadc6</run_address>
         <size>0x2c</size>
         <input_file_ref idref="fl-ca"/>
      </object_component>
      <object_component id="oc-258">
         <name>.debug_info</name>
         <load_address>0xadf2</load_address>
         <run_address>0xadf2</run_address>
         <size>0x361</size>
         <input_file_ref idref="fl-cb"/>
      </object_component>
      <object_component id="oc-128">
         <name>.debug_info</name>
         <load_address>0xb153</load_address>
         <run_address>0xb153</run_address>
         <size>0x7ae</size>
         <input_file_ref idref="fl-cb"/>
      </object_component>
      <object_component id="oc-218">
         <name>.debug_info</name>
         <load_address>0xb901</load_address>
         <run_address>0xb901</run_address>
         <size>0x333</size>
         <input_file_ref idref="fl-cc"/>
      </object_component>
      <object_component id="oc-103">
         <name>.debug_info</name>
         <load_address>0xbc34</load_address>
         <run_address>0xbc34</run_address>
         <size>0x1d1</size>
         <input_file_ref idref="fl-cc"/>
      </object_component>
      <object_component id="oc-20d">
         <name>.debug_info</name>
         <load_address>0xbe05</load_address>
         <run_address>0xbe05</run_address>
         <size>0x18d</size>
         <input_file_ref idref="fl-cc"/>
      </object_component>
      <object_component id="oc-213">
         <name>.debug_info</name>
         <load_address>0xbf92</load_address>
         <run_address>0xbf92</run_address>
         <size>0x16d</size>
         <input_file_ref idref="fl-cc"/>
      </object_component>
      <object_component id="oc-296">
         <name>.debug_info</name>
         <load_address>0xc0ff</load_address>
         <run_address>0xc0ff</run_address>
         <size>0x2c</size>
         <input_file_ref idref="fl-cc"/>
      </object_component>
      <object_component id="oc-295">
         <name>.debug_info</name>
         <load_address>0xc12b</load_address>
         <run_address>0xc12b</run_address>
         <size>0x340</size>
         <input_file_ref idref="fl-cd"/>
      </object_component>
      <object_component id="oc-18b">
         <name>.debug_info</name>
         <load_address>0xc46b</load_address>
         <run_address>0xc46b</run_address>
         <size>0x208</size>
         <input_file_ref idref="fl-cd"/>
      </object_component>
      <object_component id="oc-28a">
         <name>.debug_info</name>
         <load_address>0xc673</load_address>
         <run_address>0xc673</run_address>
         <size>0x1c6</size>
         <input_file_ref idref="fl-cd"/>
      </object_component>
      <object_component id="oc-28f">
         <name>.debug_info</name>
         <load_address>0xc839</load_address>
         <run_address>0xc839</run_address>
         <size>0x179</size>
         <input_file_ref idref="fl-cd"/>
      </object_component>
      <object_component id="oc-29b">
         <name>.debug_info</name>
         <load_address>0xc9b2</load_address>
         <run_address>0xc9b2</run_address>
         <size>0x69</size>
         <input_file_ref idref="fl-cd"/>
      </object_component>
      <object_component id="oc-1c2">
         <name>.debug_info</name>
         <load_address>0xca1b</load_address>
         <run_address>0xca1b</run_address>
         <size>0x14c</size>
         <input_file_ref idref="fl-ce"/>
      </object_component>
      <object_component id="oc-22c">
         <name>.debug_info</name>
         <load_address>0xcb67</load_address>
         <run_address>0xcb67</run_address>
         <size>0x128</size>
         <input_file_ref idref="fl-cf"/>
      </object_component>
      <object_component id="oc-231">
         <name>.debug_info</name>
         <load_address>0xcc8f</load_address>
         <run_address>0xcc8f</run_address>
         <size>0x12a</size>
         <input_file_ref idref="fl-cf"/>
      </object_component>
      <object_component id="oc-113">
         <name>.debug_info</name>
         <load_address>0xcdb9</load_address>
         <run_address>0xcdb9</run_address>
         <size>0x13a</size>
         <input_file_ref idref="fl-d0"/>
      </object_component>
      <object_component id="oc-124">
         <name>.debug_info</name>
         <load_address>0xcef3</load_address>
         <run_address>0xcef3</run_address>
         <size>0x13a</size>
         <input_file_ref idref="fl-d1"/>
      </object_component>
      <object_component id="oc-130">
         <name>.debug_info</name>
         <load_address>0xd02d</load_address>
         <run_address>0xd02d</run_address>
         <size>0x12e</size>
         <input_file_ref idref="fl-d2"/>
      </object_component>
      <object_component id="oc-11f">
         <name>.debug_info</name>
         <load_address>0xd15b</load_address>
         <run_address>0xd15b</run_address>
         <size>0x13e</size>
         <input_file_ref idref="fl-d3"/>
      </object_component>
      <object_component id="oc-1d3">
         <name>.debug_info</name>
         <load_address>0xd299</load_address>
         <run_address>0xd299</run_address>
         <size>0x139</size>
         <input_file_ref idref="fl-d4"/>
      </object_component>
      <object_component id="oc-10a">
         <name>.debug_info</name>
         <load_address>0xd3d2</load_address>
         <run_address>0xd3d2</run_address>
         <size>0x12c</size>
         <input_file_ref idref="fl-d5"/>
      </object_component>
      <object_component id="oc-10e">
         <name>.debug_info</name>
         <load_address>0xd4fe</load_address>
         <run_address>0xd4fe</run_address>
         <size>0x12c</size>
         <input_file_ref idref="fl-d6"/>
      </object_component>
      <object_component id="oc-41">
         <name>.debug_info</name>
         <load_address>0xd62a</load_address>
         <run_address>0xd62a</run_address>
         <size>0x119</size>
         <input_file_ref idref="fl-d7"/>
      </object_component>
      <object_component id="oc-95">
         <name>.debug_info</name>
         <load_address>0xd743</load_address>
         <run_address>0xd743</run_address>
         <size>0x2d4</size>
         <input_file_ref idref="fl-d8"/>
      </object_component>
      <object_component id="oc-4b">
         <name>.debug_info</name>
         <load_address>0xda17</load_address>
         <run_address>0xda17</run_address>
         <size>0x1d2</size>
         <input_file_ref idref="fl-d8"/>
      </object_component>
      <object_component id="oc-90">
         <name>.debug_info</name>
         <load_address>0xdbe9</load_address>
         <run_address>0xdbe9</run_address>
         <size>0x46</size>
         <input_file_ref idref="fl-d8"/>
      </object_component>
      <object_component id="oc-ce">
         <name>.debug_info</name>
         <load_address>0xdc2f</load_address>
         <run_address>0xdc2f</run_address>
         <size>0x2c</size>
         <input_file_ref idref="fl-d8"/>
      </object_component>
      <object_component id="oc-49">
         <name>.debug_info</name>
         <load_address>0xdc5b</load_address>
         <run_address>0xdc5b</run_address>
         <size>0x2a8</size>
         <input_file_ref idref="fl-d9"/>
      </object_component>
      <object_component id="oc-1c">
         <name>.debug_info</name>
         <load_address>0xdf03</load_address>
         <run_address>0xdf03</run_address>
         <size>0x1ea</size>
         <input_file_ref idref="fl-d9"/>
      </object_component>
      <object_component id="oc-44">
         <name>.debug_info</name>
         <load_address>0xe0ed</load_address>
         <run_address>0xe0ed</run_address>
         <size>0x46</size>
         <input_file_ref idref="fl-d9"/>
      </object_component>
      <object_component id="oc-88">
         <name>.debug_info</name>
         <load_address>0xe133</load_address>
         <run_address>0xe133</run_address>
         <size>0x2c</size>
         <input_file_ref idref="fl-d9"/>
      </object_component>
      <object_component id="oc-86">
         <name>.debug_info</name>
         <load_address>0xe15f</load_address>
         <run_address>0xe15f</run_address>
         <size>0x29e</size>
         <input_file_ref idref="fl-da"/>
      </object_component>
      <object_component id="oc-16">
         <name>.debug_info</name>
         <load_address>0xe3fd</load_address>
         <run_address>0xe3fd</run_address>
         <size>0x250</size>
         <input_file_ref idref="fl-da"/>
      </object_component>
      <object_component id="oc-34">
         <name>.debug_info</name>
         <load_address>0xe64d</load_address>
         <run_address>0xe64d</run_address>
         <size>0x60</size>
         <input_file_ref idref="fl-da"/>
      </object_component>
      <object_component id="oc-c7">
         <name>.debug_info</name>
         <load_address>0xe6ad</load_address>
         <run_address>0xe6ad</run_address>
         <size>0x46</size>
         <input_file_ref idref="fl-da"/>
      </object_component>
      <object_component id="oc-81">
         <name>.debug_info</name>
         <load_address>0xe6f3</load_address>
         <run_address>0xe6f3</run_address>
         <size>0x39</size>
         <input_file_ref idref="fl-da"/>
      </object_component>
      <object_component id="oc-70">
         <name>.debug_info</name>
         <load_address>0xe72c</load_address>
         <run_address>0xe72c</run_address>
         <size>0x3b2</size>
         <input_file_ref idref="fl-db"/>
      </object_component>
      <object_component id="oc-25">
         <name>.debug_info</name>
         <load_address>0xeade</load_address>
         <run_address>0xeade</run_address>
         <size>0x10c</size>
         <input_file_ref idref="fl-db"/>
      </object_component>
      <object_component id="oc-394">
         <name>.debug_info</name>
         <load_address>0xebea</load_address>
         <run_address>0xebea</run_address>
         <size>0x13f</size>
         <input_file_ref idref="fl-db"/>
      </object_component>
      <object_component id="oc-2ac">
         <name>.debug_info</name>
         <load_address>0xed29</load_address>
         <run_address>0xed29</run_address>
         <size>0x168</size>
         <input_file_ref idref="fl-db"/>
      </object_component>
      <object_component id="oc-2b3">
         <name>.debug_info</name>
         <load_address>0xee91</load_address>
         <run_address>0xee91</run_address>
         <size>0x18e</size>
         <input_file_ref idref="fl-db"/>
      </object_component>
      <object_component id="oc-2b9">
         <name>.debug_info</name>
         <load_address>0xf01f</load_address>
         <run_address>0xf01f</run_address>
         <size>0x19f</size>
         <input_file_ref idref="fl-db"/>
      </object_component>
      <object_component id="oc-1ac">
         <name>.debug_info</name>
         <load_address>0xf1be</load_address>
         <run_address>0xf1be</run_address>
         <size>0x203</size>
         <input_file_ref idref="fl-db"/>
      </object_component>
      <object_component id="oc-415">
         <name>.debug_info</name>
         <load_address>0xf3c1</load_address>
         <run_address>0xf3c1</run_address>
         <size>0x1db</size>
         <input_file_ref idref="fl-db"/>
      </object_component>
      <object_component id="oc-1a6">
         <name>.debug_info</name>
         <load_address>0xf59c</load_address>
         <run_address>0xf59c</run_address>
         <size>0x1a5</size>
         <input_file_ref idref="fl-db"/>
      </object_component>
      <object_component id="oc-38d">
         <name>.debug_info</name>
         <load_address>0xf741</load_address>
         <run_address>0xf741</run_address>
         <size>0x299</size>
         <input_file_ref idref="fl-db"/>
      </object_component>
      <object_component id="oc-bb">
         <name>.debug_info</name>
         <load_address>0xf9da</load_address>
         <run_address>0xf9da</run_address>
         <size>0xb2</size>
         <input_file_ref idref="fl-db"/>
      </object_component>
      <object_component id="oc-b6">
         <name>.debug_info</name>
         <load_address>0xfa8c</load_address>
         <run_address>0xfa8c</run_address>
         <size>0x2c</size>
         <input_file_ref idref="fl-db"/>
      </object_component>
      <object_component id="oc-2a1">
         <name>.debug_info</name>
         <load_address>0xfab8</load_address>
         <run_address>0xfab8</run_address>
         <size>0x28a</size>
         <input_file_ref idref="fl-dc"/>
      </object_component>
      <object_component id="oc-191">
         <name>.debug_info</name>
         <load_address>0xfd42</load_address>
         <run_address>0xfd42</run_address>
         <size>0x273</size>
         <input_file_ref idref="fl-dc"/>
      </object_component>
      <object_component id="oc-2a3">
         <name>.debug_info</name>
         <load_address>0xffb5</load_address>
         <run_address>0xffb5</run_address>
         <size>0x2a4</size>
         <input_file_ref idref="fl-dd"/>
      </object_component>
      <object_component id="oc-198">
         <name>.debug_info</name>
         <load_address>0x10259</load_address>
         <run_address>0x10259</run_address>
         <size>0x24d</size>
         <input_file_ref idref="fl-dd"/>
      </object_component>
      <object_component id="oc-34d">
         <name>.debug_info</name>
         <load_address>0x104a6</load_address>
         <run_address>0x104a6</run_address>
         <size>0x3aa</size>
         <input_file_ref idref="fl-de"/>
      </object_component>
      <object_component id="oc-34a">
         <name>.debug_info</name>
         <load_address>0x10850</load_address>
         <run_address>0x10850</run_address>
         <size>0x13a</size>
         <input_file_ref idref="fl-de"/>
      </object_component>
      <object_component id="oc-24c">
         <name>.debug_info</name>
         <load_address>0x1098a</load_address>
         <run_address>0x1098a</run_address>
         <size>0x72f</size>
         <input_file_ref idref="fl-de"/>
      </object_component>
      <object_component id="oc-28">
         <name>.debug_info</name>
         <load_address>0x110b9</load_address>
         <run_address>0x110b9</run_address>
         <size>0x10b</size>
         <input_file_ref idref="fl-df"/>
      </object_component>
      <object_component id="oc-5f">
         <name>.debug_info</name>
         <load_address>0x111c4</load_address>
         <run_address>0x111c4</run_address>
         <size>0x1a9</size>
         <input_file_ref idref="fl-df"/>
      </object_component>
      <object_component id="oc-328">
         <name>.debug_info</name>
         <load_address>0x1136d</load_address>
         <run_address>0x1136d</run_address>
         <size>0x289</size>
         <input_file_ref idref="fl-e0"/>
      </object_component>
      <object_component id="oc-325">
         <name>.debug_info</name>
         <load_address>0x115f6</load_address>
         <run_address>0x115f6</run_address>
         <size>0x10e</size>
         <input_file_ref idref="fl-e0"/>
      </object_component>
      <object_component id="oc-225">
         <name>.debug_info</name>
         <load_address>0x11704</load_address>
         <run_address>0x11704</run_address>
         <size>0x14e</size>
         <input_file_ref idref="fl-e0"/>
      </object_component>
      <object_component id="oc-32f">
         <name>.debug_info</name>
         <load_address>0x11852</load_address>
         <run_address>0x11852</run_address>
         <size>0x161</size>
         <input_file_ref idref="fl-e1"/>
      </object_component>
      <object_component id="oc-350">
         <name>.debug_info</name>
         <load_address>0x119b3</load_address>
         <run_address>0x119b3</run_address>
         <size>0x288</size>
         <input_file_ref idref="fl-e2"/>
      </object_component>
      <object_component id="oc-252">
         <name>.debug_info</name>
         <load_address>0x11c3b</load_address>
         <run_address>0x11c3b</run_address>
         <size>0x327</size>
         <input_file_ref idref="fl-e2"/>
      </object_component>
      <object_component id="oc-342">
         <name>.debug_info</name>
         <load_address>0x11f62</load_address>
         <run_address>0x11f62</run_address>
         <size>0x28d</size>
         <input_file_ref idref="fl-e3"/>
      </object_component>
      <object_component id="oc-246">
         <name>.debug_info</name>
         <load_address>0x121ef</load_address>
         <run_address>0x121ef</run_address>
         <size>0x380</size>
         <input_file_ref idref="fl-e3"/>
      </object_component>
      <object_component id="oc-3fe">
         <name>.debug_info</name>
         <load_address>0x1256f</load_address>
         <run_address>0x1256f</run_address>
         <size>0x28a</size>
         <input_file_ref idref="fl-e4"/>
      </object_component>
      <object_component id="oc-345">
         <name>.debug_info</name>
         <load_address>0x127f9</load_address>
         <run_address>0x127f9</run_address>
         <size>0x22a</size>
         <input_file_ref idref="fl-e4"/>
      </object_component>
      <object_component id="oc-313">
         <name>.debug_info</name>
         <load_address>0x12a23</load_address>
         <run_address>0x12a23</run_address>
         <size>0x590</size>
         <input_file_ref idref="fl-e5"/>
      </object_component>
      <object_component id="oc-2e9">
         <name>.debug_info</name>
         <load_address>0x12fb3</load_address>
         <run_address>0x12fb3</run_address>
         <size>0x21e</size>
         <input_file_ref idref="fl-e5"/>
      </object_component>
      <object_component id="oc-3b1">
         <name>.debug_info</name>
         <load_address>0x131d1</load_address>
         <run_address>0x131d1</run_address>
         <size>0x1b3</size>
         <input_file_ref idref="fl-e5"/>
      </object_component>
      <object_component id="oc-3b7">
         <name>.debug_info</name>
         <load_address>0x13384</load_address>
         <run_address>0x13384</run_address>
         <size>0x21b</size>
         <input_file_ref idref="fl-e5"/>
      </object_component>
      <object_component id="oc-2ef">
         <name>.debug_info</name>
         <load_address>0x1359f</load_address>
         <run_address>0x1359f</run_address>
         <size>0x3c0</size>
         <input_file_ref idref="fl-e5"/>
      </object_component>
      <object_component id="oc-3be">
         <name>.debug_info</name>
         <load_address>0x1395f</load_address>
         <run_address>0x1395f</run_address>
         <size>0x30a</size>
         <input_file_ref idref="fl-e5"/>
      </object_component>
      <object_component id="oc-3c4">
         <name>.debug_info</name>
         <load_address>0x13c69</load_address>
         <run_address>0x13c69</run_address>
         <size>0x215</size>
         <input_file_ref idref="fl-e5"/>
      </object_component>
      <object_component id="oc-2f5">
         <name>.debug_info</name>
         <load_address>0x13e7e</load_address>
         <run_address>0x13e7e</run_address>
         <size>0x215</size>
         <input_file_ref idref="fl-e5"/>
      </object_component>
      <object_component id="oc-2fb">
         <name>.debug_info</name>
         <load_address>0x14093</load_address>
         <run_address>0x14093</run_address>
         <size>0x304</size>
         <input_file_ref idref="fl-e5"/>
      </object_component>
      <object_component id="oc-301">
         <name>.debug_info</name>
         <load_address>0x14397</load_address>
         <run_address>0x14397</run_address>
         <size>0x4b5</size>
         <input_file_ref idref="fl-e5"/>
      </object_component>
      <object_component id="oc-206">
         <name>.debug_info</name>
         <load_address>0x1484c</load_address>
         <run_address>0x1484c</run_address>
         <size>0x5f4</size>
         <input_file_ref idref="fl-e5"/>
      </object_component>
      <object_component id="oc-314">
         <name>.debug_info</name>
         <load_address>0x14e40</load_address>
         <run_address>0x14e40</run_address>
         <size>0x86</size>
         <input_file_ref idref="fl-e5"/>
      </object_component>
      <object_component id="oc-3e3">
         <name>.debug_info</name>
         <load_address>0x14ec6</load_address>
         <run_address>0x14ec6</run_address>
         <size>0x39</size>
         <input_file_ref idref="fl-e5"/>
      </object_component>
      <object_component id="oc-43d">
         <name>.debug_info</name>
         <load_address>0x14eff</load_address>
         <run_address>0x14eff</run_address>
         <size>0xb6</size>
         <input_file_ref idref="fl-e5"/>
      </object_component>
      <object_component id="oc-3e8">
         <name>.debug_info</name>
         <load_address>0x14fb5</load_address>
         <run_address>0x14fb5</run_address>
         <size>0x46</size>
         <input_file_ref idref="fl-e5"/>
      </object_component>
      <object_component id="oc-319">
         <name>.debug_info</name>
         <load_address>0x14ffb</load_address>
         <run_address>0x14ffb</run_address>
         <size>0x46</size>
         <input_file_ref idref="fl-e5"/>
      </object_component>
      <object_component id="oc-97">
         <name>.debug_info</name>
         <load_address>0x15041</load_address>
         <run_address>0x15041</run_address>
         <size>0x147</size>
         <input_file_ref idref="fl-e6"/>
      </object_component>
      <object_component id="oc-3a5">
         <name>.debug_info</name>
         <load_address>0x15188</load_address>
         <run_address>0x15188</run_address>
         <size>0x134</size>
         <input_file_ref idref="fl-e7"/>
      </object_component>
      <object_component id="oc-267">
         <name>.debug_info</name>
         <load_address>0x152bc</load_address>
         <run_address>0x152bc</run_address>
         <size>0x4b3</size>
         <input_file_ref idref="fl-e8"/>
      </object_component>
      <object_component id="oc-14b">
         <name>.debug_info</name>
         <load_address>0x1576f</load_address>
[...]
      <symbol id="sm-24b">
         <name>oi_checkFirmware</name>
         <value>0x18a5</value>
         <object_component_ref idref="oc-e3"/>
      </symbol>
      <symbol id="sm-24c">
         <name>oi_init_noupdate</name>
         <value>0x1085</value>
         <object_component_ref idref="oc-e3"/>
      </symbol>
      <symbol id="sm-24d">
         <name>oi_uartSendChar</name>
         <value>0x1811</value>
         <object_component_ref idref="oc-e3"/>
      </symbol>
      <symbol id="sm-24e">
         <name>oi_alloc</name>
         <value>0x1069</value>
         <object_component_ref idref="oc-e3"/>
      </symbol>
      <symbol id="sm-24f">
         <name>oi_getMotorCalibrationLeft</name>
         <value>0x1be9</value>
         <object_component_ref idref="oc-e3"/>
      </symbol>
      <symbol id="sm-250">
         <name>oi_loadSong</name>
         <value>0x1711</value>
         <object_component_ref idref="oc-e3"/>
      </symbol>
      <symbol id="sm-251">
         <name>oi_play_song</name>
         <value>0x1767</value>
         <object_component_ref idref="oc-e3"/>
      </symbol>
      <symbol id="sm-252">
         <name>oi_parsePacket</name>
         <value>0x1127</value>
         <object_component_ref idref="oc-e3"/>
      </symbol>
      <symbol id="sm-253">
         <name>oi_setLeds</name>
         <value>0x1647</value>
         <object_component_ref idref="oc-e3"/>
      </symbol>
      <symbol id="sm-254">
         <name>oi_init</name>
         <value>0x10ad</value>
         <object_component_ref idref="oc-e3"/>
      </symbol>
      <symbol id="sm-255">
         <name>oi_update</name>
         <value>0x10d5</value>
         <object_component_ref idref="oc-e3"/>
      </symbol>
      <symbol id="sm-256">
         <name>oi_uartInit</name>
         <value>0x1789</value>
         <object_component_ref idref="oc-e3"/>
      </symbol>
      <symbol id="sm-272">
         <name>ResetISR</name>
         <value>0x6b29</value>
         <object_component_ref idref="oc-2a"/>
      </symbol>
      <symbol id="sm-273">
         <name>g_pfnVectors</name>
         <value>0x0</value>
         <object_component_ref idref="oc-12"/>
      </symbol>
      <symbol id="sm-29b">
         <name>uart_interrupt_handler</name>
         <value>0x55ff</value>
         <object_component_ref idref="oc-e9"/>
      </symbol>
      <symbol id="sm-29c">
         <name>uart_sendChar</name>
         <value>0x55af</value>
         <object_component_ref idref="oc-e9"/>
      </symbol>
      <symbol id="sm-29d">
         <name>uart_interrupt_init</name>
         <value>0x55df</value>
         <object_component_ref idref="oc-e9"/>
      </symbol>
      <symbol id="sm-29e">
         <name>uart_init</name>
         <value>0x553d</value>
         <object_component_ref idref="oc-e9"/>
      </symbol>
      <symbol id="sm-29f">
         <name>uart_receive</name>
         <value>0x55cb</value>
         <object_component_ref idref="oc-e9"/>
      </symbol>
      <symbol id="sm-2db">
         <name>cyBOT_SERVO_cal</name>
         <value>0x4431</value>
         <object_component_ref idref="oc-ef"/>
      </symbol>
      <symbol id="sm-2dc">
         <name>cyBOT_Scan</name>
         <value>0x43bf</value>
         <object_component_ref idref="oc-ef"/>
      </symbol>
      <symbol id="sm-2dd">
         <name>cyBOT_scan_features</name>
         <value>0x20000f2c</value>
         <object_component_ref idref="oc-1e9"/>
      </symbol>
      <symbol id="sm-2de">
         <name>cyBOT_scan_version</name>
         <value>0x4359</value>
         <object_component_ref idref="oc-ef"/>
      </symbol>
      <symbol id="sm-2df">
         <name>cyBOT_init_Scan</name>
         <value>0x4367</value>
         <object_component_ref idref="oc-ef"/>
      </symbol>
      <symbol id="sm-306">
         <name>isr_int_value</name>
         <value>0x20000ee4</value>
      </symbol>
      <symbol id="sm-307">
         <name>ir_enableInterrupt</name>
         <value>0x5ac3</value>
         <object_component_ref idref="oc-1e3"/>
      </symbol>
      <symbol id="sm-308">
         <name>ir_getDistance</name>
         <value>0x5aa5</value>
         <object_component_ref idref="oc-1e3"/>
      </symbol>
      <symbol id="sm-309">
         <name>ir_init</name>
         <value>0x5a15</value>
         <object_component_ref idref="oc-1e3"/>
      </symbol>
      <symbol id="sm-30a">
         <name>ADC0SS0_Handler</name>
         <value>0x5aad</value>
         <object_component_ref idref="oc-1e3"/>
      </symbol>
      <symbol id="sm-30b">
         <name>ir_getValue</name>
         <value>0x5a7d</value>
         <object_component_ref idref="oc-1e3"/>
      </symbol>
      <symbol id="sm-33a">
         <name>risingEdge</name>
         <value>0x20000ef4</value>
      </symbol>
      <symbol id="sm-33b">
         <name>fallingEdge</name>
         <value>0x20000ee0</value>
      </symbol>
      <symbol id="sm-33c">
         <name>pulseLength</name>
         <value>0x20000eec</value>
      </symbol>
      <symbol id="sm-33d">
         <name>isRisingEdge</name>
         <value>0x20000ef8</value>
      </symbol>
      <symbol id="sm-33e">
         <name>TIMER3B_Handler</name>
         <value>0x4b25</value>
         <object_component_ref idref="oc-1dd"/>
      </symbol>
      <symbol id="sm-33f">
         <name>ping_init</name>
         <value>0x4a35</value>
         <object_component_ref idref="oc-1dd"/>
      </symbol>
      <symbol id="sm-340">
         <name>ping_getDistance</name>
         <value>0x4b77</value>
         <object_component_ref idref="oc-1dd"/>
      </symbol>
      <symbol id="sm-341">
         <name>ping_trigger</name>
         <value>0x4abb</value>
         <object_component_ref idref="oc-1dd"/>
      </symbol>
      <symbol id="sm-363">
         <name>servo_move</name>
         <value>0x531d</value>
         <object_component_ref idref="oc-1d7"/>
      </symbol>
      <symbol id="sm-364">
         <name>servo_init</name>
         <value>0x528d</value>
         <object_component_ref idref="oc-1d7"/>
      </symbol>
      <symbol id="sm-365">
         <name>servo_stop</name>
         <value>0x5311</value>
         <object_component_ref idref="oc-1d7"/>
      </symbol>
      <symbol id="sm-366">
         <name>servo_setPWM</name>
         <value>0x537d</value>
         <object_component_ref idref="oc-1d7"/>
      </symbol>
      <symbol id="sm-3fc">
         <name>pow</name>
         <value>0x26d9</value>
         <object_component_ref idref="oc-117"/>
      </symbol>
      <symbol id="sm-3fd">
         <name>powl</name>
         <value>0x26d9</value>
         <object_component_ref idref="oc-117"/>
      </symbol>
      <symbol id="sm-41f">
         <name>sqrtl</name>
         <value>0x53e5</value>
         <object_component_ref idref="oc-21c"/>
      </symbol>
      <symbol id="sm-420">
         <name>sqrt</name>
         <value>0x53e5</value>
         <object_component_ref idref="oc-21c"/>
      </symbol>
      <symbol id="sm-447">
         <name>scalbn</name>
         <value>0x5b2d</value>
         <object_component_ref idref="oc-235"/>
      </symbol>
      <symbol id="sm-448">
         <name>scalbnl</name>
         <value>0x5b2d</value>
         <object_component_ref idref="oc-235"/>
      </symbol>
      <symbol id="sm-449">
         <name>ldexpl</name>
         <value>0x5b2d</value>
         <object_component_ref idref="oc-235"/>
      </symbol>
      <symbol id="sm-44a">
         <name>ldexp</name>
         <value>0x5b2d</value>
         <object_component_ref idref="oc-235"/>
      </symbol>
      <symbol id="sm-49a">
         <name>sin</name>
         <value>0x37e1</value>
         <object_component_ref idref="oc-127"/>
      </symbol>
      <symbol id="sm-49b">
         <name>sinl</name>
         <value>0x37e1</value>
         <object_component_ref idref="oc-127"/>
      </symbol>
      <symbol id="sm-4c2">
         <name>sprintf</name>
         <value>0x67b1</value>
         <object_component_ref idref="oc-102"/>
      </symbol>
      <symbol id="sm-4ec">
         <name>vsnprintf</name>
         <value>0x67f1</value>
         <object_component_ref idref="oc-189"/>
      </symbol>
      <symbol id="sm-503">
         <name>__aeabi_dsub</name>
         <value>0x4df1</value>
         <object_component_ref idref="oc-1c1"/>
      </symbol>
      <symbol id="sm-504">
         <name>__aeabi_dadd</name>
         <value>0x4dfb</value>
         <object_component_ref idref="oc-1c1"/>
      </symbol>
      <symbol id="sm-526">
         <name>__aeabi_cdcmpeq</name>
         <value>0x61f9</value>
         <object_component_ref idref="oc-22b"/>
      </symbol>
      <symbol id="sm-527">
         <name>__aeabi_cdcmple</name>
         <value>0x61f9</value>
         <object_component_ref idref="oc-22b"/>
      </symbol>
      <symbol id="sm-528">
         <name>__aeabi_cdrcmple</name>
         <value>0x627f</value>
         <object_component_ref idref="oc-230"/>
      </symbol>
      <symbol id="sm-53c">
         <name>__aeabi_ddiv</name>
         <value>0x57b9</value>
         <object_component_ref idref="oc-112"/>
      </symbol>
      <symbol id="sm-547">
         <name>__aeabi_dmul</name>
         <value>0x5d3d</value>
         <object_component_ref idref="oc-122"/>
      </symbol>
      <symbol id="sm-551">
         <name>__aeabi_d2iz</name>
         <value>0x66e1</value>
         <object_component_ref idref="oc-12d"/>
      </symbol>
      <symbol id="sm-55d">
         <name>__aeabi_d2f</name>
         <value>0x645f</value>
         <object_component_ref idref="oc-11d"/>
      </symbol>
      <symbol id="sm-567">
         <name>__aeabi_d2uiz</name>
         <value>0x676d</value>
         <object_component_ref idref="oc-1d1"/>
      </symbol>
      <symbol id="sm-572">
         <name>__aeabi_f2d</name>
         <value>0x68a9</value>
         <object_component_ref idref="oc-108"/>
      </symbol>
      <symbol id="sm-57c">
         <name>__aeabi_i2d</name>
         <value>0x6979</value>
         <object_component_ref idref="oc-10d"/>
      </symbol>
      <symbol id="sm-597">
         <name>memcpy</name>
         <value>0x60c7</value>
         <object_component_ref idref="oc-3e"/>
      </symbol>
      <symbol id="sm-598">
         <name>__aeabi_memcpy</name>
         <value>0x60c7</value>
         <object_component_ref idref="oc-3e"/>
      </symbol>
      <symbol id="sm-599">
         <name>__aeabi_memcpy8</name>
         <value>0x60c7</value>
         <object_component_ref idref="oc-3e"/>
      </symbol>
      <symbol id="sm-59a">
         <name>__aeabi_memcpy4</name>
         <value>0x60c7</value>
         <object_component_ref idref="oc-3e"/>
      </symbol>
      <symbol id="sm-5b3">
         <name>__TI_zero_init_nomemset</name>
         <value>0x69d1</value>
         <object_component_ref idref="oc-4a"/>
      </symbol>
      <symbol id="sm-5ca">
         <name>__TI_decompress_none</name>
         <value>0x6b0f</value>
         <object_component_ref idref="oc-1b"/>
      </symbol>
      <symbol id="sm-5ed">
         <name>__TI_decompress_lzss</name>
         <value>0x64cd</value>
         <object_component_ref idref="oc-15"/>
      </symbol>
      <symbol id="sm-682">
         <name>_sys_memory</name>
         <value>0x20000a70</value>
         <object_component_ref idref="oc-24"/>
      </symbol>
      <symbol id="sm-683">
         <name>free</name>
         <value>0x5f31</value>
         <object_component_ref idref="oc-1ab"/>
      </symbol>
      <symbol id="sm-684">
         <name>memalign</name>
         <value>0x5c3d</value>
         <object_component_ref idref="oc-38c"/>
      </symbol>
      <symbol id="sm-685">
         <name>calloc</name>
         <value>0x6871</value>
         <object_component_ref idref="oc-1a5"/>
      </symbol>
      <symbol id="sm-686">
         <name>malloc</name>
         <value>0x6b49</value>
         <object_component_ref idref="oc-2ab"/>
      </symbol>
      <symbol id="sm-687">
         <name>aligned_alloc</name>
         <value>0x5c3d</value>
         <object_component_ref idref="oc-38c"/>
      </symbol>
      <symbol id="sm-696">
         <name>strcmp</name>
         <value>0x6a87</value>
         <object_component_ref idref="oc-18f"/>
      </symbol>
      <symbol id="sm-6a4">
         <name>strcpy</name>
         <value>0x6ab5</value>
         <object_component_ref idref="oc-195"/>
      </symbol>
      <symbol id="sm-70a">
         <name>__kernel_rem_pio2</name>
         <value>0x30a9</value>
         <object_component_ref idref="oc-24b"/>
      </symbol>
      <symbol id="sm-71d">
         <name>__stack</name>
         <value>0x20000270</value>
         <object_component_ref idref="oc-27"/>
      </symbol>
      <symbol id="sm-71e">
         <name>_c_int00_noargs</name>
         <value>0x6915</value>
         <object_component_ref idref="oc-5c"/>
      </symbol>
      <symbol id="sm-734">
         <name>__aeabi_errno_addr</name>
         <value>0x6b41</value>
         <object_component_ref idref="oc-222"/>
      </symbol>
      <symbol id="sm-735">
         <name>errno</name>
         <value>0x20000f30</value>
         <object_component_ref idref="oc-324"/>
      </symbol>
      <symbol id="sm-73f">
         <name>copysign</name>
         <value>0x6a25</value>
         <object_component_ref idref="oc-32d"/>
      </symbol>
      <symbol id="sm-740">
         <name>copysignl</name>
         <value>0x6a25</value>
         <object_component_ref idref="oc-32d"/>
      </symbol>
      <symbol id="sm-756">
         <name>__kernel_cos</name>
         <value>0x511d</value>
         <object_component_ref idref="oc-251"/>
      </symbol>
      <symbol id="sm-76d">
         <name>__kernel_sin</name>
         <value>0x4fa9</value>
         <object_component_ref idref="oc-245"/>
      </symbol>
      <symbol id="sm-78a">
         <name>floorl</name>
         <value>0x5e39</value>
         <object_component_ref idref="oc-343"/>
      </symbol>
      <symbol id="sm-78b">
         <name>floor</name>
         <value>0x5e39</value>
         <object_component_ref idref="oc-343"/>
      </symbol>
      <symbol id="sm-8f0">
         <name>__TI_printfi</name>
         <value>0x1c89</value>
         <object_component_ref idref="oc-205"/>
      </symbol>
      <symbol id="sm-8ff">
         <name>__aeabi_memset</name>
         <value>0x6307</value>
         <object_component_ref idref="oc-96"/>
      </symbol>
      <symbol id="sm-900">
         <name>memset</name>
         <value>0x630d</value>
         <object_component_ref idref="oc-96"/>
      </symbol>
      <symbol id="sm-901">
         <name>__aeabi_memset8</name>
         <value>0x6307</value>
         <object_component_ref idref="oc-96"/>
      </symbol>
      <symbol id="sm-902">
         <name>__aeabi_memset4</name>
         <value>0x6307</value>
         <object_component_ref idref="oc-96"/>
      </symbol>
      <symbol id="sm-903">
         <name>__aeabi_memclr8</name>
         <value>0x6305</value>
         <object_component_ref idref="oc-96"/>
      </symbol>
      <symbol id="sm-904">
         <name>__aeabi_memclr4</name>
         <value>0x6305</value>
         <object_component_ref idref="oc-96"/>
      </symbol>
      <symbol id="sm-905">
         <name>__aeabi_memclr</name>
         <value>0x6305</value>
         <object_component_ref idref="oc-96"/>
      </symbol>
      <symbol id="sm-912">
         <name>__aeabi_uldivmod</name>
         <value>0x6163</value>
         <object_component_ref idref="oc-3a4"/>
      </symbol>
      <symbol id="sm-93a">
         <name>__TI_auto_init_nobinit_nopinit</name>
         <value>0x6729</value>
         <object_component_ref idref="oc-14a"/>
      </symbol>
      <symbol id="sm-944">
         <name>_system_pre_init</name>
         <value>0x6b51</value>
         <object_component_ref idref="oc-9c"/>
      </symbol>
      <symbol id="sm-950">
         <name>C$$EXIT</name>
         <value>0x6b55</value>
         <object_component_ref idref="oc-13e"/>
      </symbol>
      <symbol id="sm-951">
         <name>abort</name>
         <value>0x6b55</value>
         <object_component_ref idref="oc-13e"/>
      </symbol>
      <symbol id="sm-966">
         <name>_nop</name>
         <value>0x26d7</value>
         <object_component_ref idref="oc-357"/>
      </symbol>
      <symbol id="sm-967">
         <name>_lock</name>
         <value>0x20000f1c</value>
         <object_component_ref idref="oc-260"/>
      </symbol>
      <symbol id="sm-968">
         <name>_unlock</name>
         <value>0x20000f20</value>
         <object_component_ref idref="oc-260"/>
      </symbol>
      <symbol id="sm-977">
         <name>__TI_ltoa</name>
         <value>0x65ef</value>
         <object_component_ref idref="oc-3aa"/>
      </symbol>
      <symbol id="sm-98e">
         <name>atoi</name>
         <value>0x6695</value>
         <object_component_ref idref="oc-2e2"/>
      </symbol>
      <symbol id="sm-999">
         <name>_ctypes_</name>
         <value>0x6cb0</value>
         <object_component_ref idref="oc-39f"/>
      </symbol>
      <symbol id="sm-9a9">
         <name>memccpy</name>
         <value>0x6a09</value>
         <object_component_ref idref="oc-306"/>
      </symbol>
      <symbol id="sm-9b9">
         <name>strchr</name>
         <value>0x6a9f</value>
         <object_component_ref idref="oc-3d1"/>
      </symbol>
      <symbol id="sm-9c7">
         <name>strlen</name>
         <value>0x6ac9</value>
         <object_component_ref idref="oc-2dc"/>
      </symbol>
      <symbol id="sm-9e0">
         <name>wcslen</name>
         <value>0x6add</value>
         <object_component_ref idref="oc-30c"/>
      </symbol>
      <symbol id="sm-9f6">
         <name>frexpl</name>
         <value>0x6535</value>
         <object_component_ref idref="oc-3cb"/>
      </symbol>
      <symbol id="sm-9f7">
         <name>frexp</name>
         <value>0x6535</value>
         <object_component_ref idref="oc-3cb"/>
      </symbol>
      <symbol id="sm-a01">
         <name>__aeabi_idiv0</name>
         <value>0x4fa7</value>
         <object_component_ref idref="oc-424"/>
      </symbol>
      <symbol id="sm-a02">
         <name>__aeabi_ldiv0</name>
         <value>0x4fa7</value>
         <object_component_ref idref="oc-424"/>
      </symbol>
      <symbol id="sm-a31">
         <name>IntRegister</name>
         <value>0x68e1</value>
         <object_component_ref idref="oc-17e"/>
      </symbol>
      <symbol id="sm-a32">
         <name>g_pfnRAMVectors</name>
         <value>0x20000000</value>
         <object_component_ref idref="oc-27c"/>
      </symbol>
      <symbol id="sm-a33">
         <name>IntMasterEnable</name>
         <value>0x6aef</value>
         <object_component_ref idref="oc-1b8"/>
      </symbol>
      <symbol id="sm-a3d">
         <name>CPUcpsie</name>
         <value>0x6b1d</value>
         <object_component_ref idref="oc-2bf"/>
      </symbol>
      <symbol id="sm-a3e">
         <name>__TI_static_base__</name>
         <value>0x0</value>
      </symbol>
      <symbol id="sm-a41">
         <name>__mpu_init</name>
         <value>0x0</value>
      </symbol>
      <symbol id="sm-a42">
         <name>_system_post_cinit</name>
         <value>0x0</value>
      </symbol>
   </symbol_table>
   <title>Link successful</title>
</link_info>
